<html>
<body>
<pre>
<h1>µVision Build Log</h1>
<h2>Project:</h2>
C:\MyProjects\PDL_LPC407x_8x_177x_8x\lpc407x_8x_177x_8x\Examples\SPIFI\SPIFI_Blinky_SpifiDataGenerator\Keil\SPIFI_Test.uvproj
Project File Date:  06/04/2012

<h2>Output:</h2>
Rebuild target 'FLASH M4'
assembling startup_LPC407x_8x_177x_8x.s...
compiling system_LPC407x_8x_177x_8x.c...
compiling debug_frmwrk.c...
compiling lpc_gpio.c...
compiling lpc_systick.c...
compiling lpc_clkpwr.c...
compiling lpc_uart.c...
compiling lpc_pinsel.c...
compiling Spifi_Test.c...
..\Spifi_Test.c(105): warning:  #177-D: variable "i" was declared but never referenced
..\Spifi_Test.c(105): warning:  #177-D: variable "j" was declared but never referenced
compiling spifi_blinky.c...
compiling spifi_delay.c...
linking...
Program Size: Code=17936 RO-data=756 RW-data=380 ZI-data=1428  
FromELF: creating hex file...
".\Flash\Gpio_LedBlinky.axf" - 0 Error(s), 2 Warning(s).
Rebuild target 'FLASH M4'
assembling startup_LPC407x_8x_177x_8x.s...
compiling system_LPC407x_8x_177x_8x.c...
compiling debug_frmwrk.c...
compiling lpc_gpio.c...
compiling lpc_systick.c...
compiling lpc_clkpwr.c...
compiling lpc_uart.c...
compiling lpc_pinsel.c...
compiling Spifi_Test.c...
..\Spifi_Test.c(105): warning:  #177-D: variable "i" was declared but never referenced
..\Spifi_Test.c(105): warning:  #177-D: variable "j" was declared but never referenced
compiling spifi_blinky.c...
compiling spifi_delay.c...
linking...
Program Size: Code=17912 RO-data=756 RW-data=380 ZI-data=1428  
FromELF: creating hex file...
".\Flash\Gpio_LedBlinky.axf" - 0 Error(s), 2 Warning(s).
