ARM Linker, 4.1 [Build 894] [Standard]

==============================================================================

Section Cross References

    startup_lpc407x_8x_177x_8x.o(RESET) refers to startup_lpc407x_8x_177x_8x.o(STACK) for __initial_sp
    startup_lpc407x_8x_177x_8x.o(RESET) refers to startup_lpc407x_8x_177x_8x.o(.text) for Reset_Handler
    startup_lpc407x_8x_177x_8x.o(RESET) refers to rtc_ev.o(.text) for RTC_IRQHandler
    startup_lpc407x_8x_177x_8x.o(.text) refers to system_lpc407x_8x_177x_8x.o(.text) for SystemInit
    startup_lpc407x_8x_177x_8x.o(.text) refers to entry.o(.ARM.Collect$$$$00000000) for __main
    system_lpc407x_8x_177x_8x.o(.text) refers to system_lpc407x_8x_177x_8x.o(.data) for SystemCoreClock
    debug_frmwrk.o(.text) refers to lpc_uart.o(.text) for UART_Send
    debug_frmwrk.o(.text) refers to debug_frmwrk.o(.constdata) for .constdata
    debug_frmwrk.o(.text) refers to lpc_pinsel.o(.text) for PINSEL_ConfigPin
    debug_frmwrk.o(.text) refers to debug_frmwrk.o(.data) for _db_msg
    lpc_clkpwr.o(.text) refers to system_lpc407x_8x_177x_8x.o(.text) for SystemCoreClockUpdate
    lpc_clkpwr.o(.text) refers to system_lpc407x_8x_177x_8x.o(.data) for SystemCoreClock
    lpc_uart.o(.text) refers to lpc_clkpwr.o(.text) for CLKPWR_GetCLK
    lpc_uart.o(.text) refers to llshl.o(.text) for __aeabi_llsl
    lpc_uart.o(.text) refers to uldiv.o(.text) for __aeabi_uldivmod
    lpc_uart.o(.text) refers to llushr.o(.text) for __aeabi_llsr
    lpc_rtc.o(.text) refers to lpc_clkpwr.o(.text) for CLKPWR_ConfigPPWR
    rtc_ev.o(.text) refers to lpc_rtc.o(.text) for RTC_GetIntPending
    rtc_ev.o(.text) refers to debug_frmwrk.o(.text) for debug_frmwrk_init
    rtc_ev.o(.text) refers to lpc_pinsel.o(.text) for PINSEL_ConfigPin
    rtc_ev.o(.text) refers to lpc_clkpwr.o(.text) for CLKPWR_Sleep
    rtc_ev.o(.text) refers to system_lpc407x_8x_177x_8x.o(.text) for SystemInit
    rtc_ev.o(.text) refers to rtc_ev.o(.data) for evt_cnt
    rtc_ev.o(.text) refers to rtc_ev.o(.bss) for FirstTimeStamp
    rtc_ev.o(.text) refers to debug_frmwrk.o(.data) for _db_msg
    entry.o(.ARM.Collect$$$$00000000) refers (Special) to entry7b.o(.ARM.Collect$$$$00000008) for _main_clock
    entry.o(.ARM.Collect$$$$00000000) refers (Special) to entry8.o(.ARM.Collect$$$$00000009) for _main_init
    entry.o(.ARM.Collect$$$$00000000) refers (Special) to entry5.o(.ARM.Collect$$$$00000004) for _main_scatterload
    entry.o(.ARM.Collect$$$$00000000) refers (Special) to entry2.o(.ARM.Collect$$$$00000001) for _main_stk
    uldiv.o(.text) refers to llushr.o(.text) for __aeabi_llsr
    uldiv.o(.text) refers to llshl.o(.text) for __aeabi_llsl
    entry2.o(.ARM.Collect$$$$00000001) refers to entry2.o(.ARM.Collect$$$$00002712) for __lit__00000000
    entry2.o(.ARM.Collect$$$$00002712) refers to startup_lpc407x_8x_177x_8x.o(STACK) for __initial_sp
    entry2.o(__vectab_stack_and_reset_area) refers to startup_lpc407x_8x_177x_8x.o(STACK) for __initial_sp
    entry2.o(__vectab_stack_and_reset_area) refers to entry.o(.ARM.Collect$$$$00000000) for __main
    entry5.o(.ARM.Collect$$$$00000004) refers to init.o(.text) for __scatterload
    entry8.o(.ARM.Collect$$$$00000009) refers to rtc_ev.o(.text) for main
    init.o(.text) refers to entry5.o(.ARM.Collect$$$$00000004) for __main_after_scatterload


==============================================================================

Removing Unused input sections from the image.

    Removing startup_lpc407x_8x_177x_8x.o(HEAP), (0 bytes).
    Removing system_lpc407x_8x_177x_8x.o(.emb_text), (8 bytes).
    Removing debug_frmwrk.o(.emb_text), (8 bytes).
    Removing lpc_clkpwr.o(.emb_text), (8 bytes).
    Removing lpc_clkpwr.o(.data), (4 bytes).
    Removing lpc_pinsel.o(.emb_text), (8 bytes).
    Removing lpc_uart.o(.emb_text), (8 bytes).
    Removing lpc_rtc.o(.emb_text), (8 bytes).
    Removing rtc_ev.o(.emb_text), (8 bytes).

9 unused section(s) (total 60 bytes) removed from the image.

==============================================================================

Image Symbol Table

    Local Symbols

    Symbol Name                              Value     Ov Type        Size  Object(Section)

    RESET                                    0x00000000   Section      228  startup_lpc407x_8x_177x_8x.o(RESET)
    ../../../cmprslib/zerorunl2.c            0x00000000   Number         0  __dczerorl2.o ABSOLUTE
    ../../microlib/division.c                0x00000000   Number         0  uldiv.o ABSOLUTE
    ../../microlib/init/entry.s              0x00000000   Number         0  entry8.o ABSOLUTE
    ../../microlib/init/entry.s              0x00000000   Number         0  entry7b.o ABSOLUTE
    ../../microlib/init/entry.s              0x00000000   Number         0  entry7a.o ABSOLUTE
    ../../microlib/init/entry.s              0x00000000   Number         0  entry5.o ABSOLUTE
    ../../microlib/init/entry.s              0x00000000   Number         0  entry2.o ABSOLUTE
    ../../microlib/init/entry.s              0x00000000   Number         0  entry.o ABSOLUTE
    ../../microlib/longlong.c                0x00000000   Number         0  llushr.o ABSOLUTE
    ../../microlib/longlong.c                0x00000000   Number         0  llshl.o ABSOLUTE
    ..\..\..\..\Core\Device\NXP\LPC407x_8x_177x_8x\Source\Templates\ARM\startup_LPC407x_8x_177x_8x.s 0x00000000   Number         0  startup_lpc407x_8x_177x_8x.o ABSOLUTE
    ..\..\..\..\Core\Device\NXP\LPC407x_8x_177x_8x\Source\Templates\system_LPC407x_8x_177x_8x.c 0x00000000   Number         0  system_lpc407x_8x_177x_8x.o ABSOLUTE
    ..\..\..\..\Drivers\source\debug_frmwrk.c 0x00000000   Number         0  debug_frmwrk.o ABSOLUTE
    ..\..\..\..\Drivers\source\lpc_clkpwr.c  0x00000000   Number         0  lpc_clkpwr.o ABSOLUTE
    ..\..\..\..\Drivers\source\lpc_pinsel.c  0x00000000   Number         0  lpc_pinsel.o ABSOLUTE
    ..\..\..\..\Drivers\source\lpc_rtc.c     0x00000000   Number         0  lpc_rtc.o ABSOLUTE
    ..\..\..\..\Drivers\source\lpc_uart.c    0x00000000   Number         0  lpc_uart.o ABSOLUTE
    ..\Rtc_EV.c                              0x00000000   Number         0  rtc_ev.o ABSOLUTE
    ..\\..\\..\\..\\Core\\Device\\NXP\\LPC407x_8x_177x_8x\\Source\\Templates\\system_LPC407x_8x_177x_8x.c 0x00000000   Number         0  system_lpc407x_8x_177x_8x.o ABSOLUTE
    ..\\..\\..\\..\\Drivers\\source\\debug_frmwrk.c 0x00000000   Number         0  debug_frmwrk.o ABSOLUTE
    ..\\..\\..\\..\\Drivers\\source\\lpc_clkpwr.c 0x00000000   Number         0  lpc_clkpwr.o ABSOLUTE
    ..\\..\\..\\..\\Drivers\\source\\lpc_pinsel.c 0x00000000   Number         0  lpc_pinsel.o ABSOLUTE
    ..\\..\\..\\..\\Drivers\\source\\lpc_rtc.c 0x00000000   Number         0  lpc_rtc.o ABSOLUTE
    ..\\..\\..\\..\\Drivers\\source\\lpc_uart.c 0x00000000   Number         0  lpc_uart.o ABSOLUTE
    ..\\Rtc_EV.c                             0x00000000   Number         0  rtc_ev.o ABSOLUTE
    dc.s                                     0x00000000   Number         0  dc.o ABSOLUTE
    handlers.s                               0x00000000   Number         0  handlers.o ABSOLUTE
    init.s                                   0x00000000   Number         0  init.o ABSOLUTE
    .ARM.Collect$$$$00000000                 0x000000e4   Section        0  entry.o(.ARM.Collect$$$$00000000)
    .ARM.Collect$$$$00000001                 0x000000e4   Section        4  entry2.o(.ARM.Collect$$$$00000001)
    .ARM.Collect$$$$00000004                 0x000000e8   Section        4  entry5.o(.ARM.Collect$$$$00000004)
    .ARM.Collect$$$$00000008                 0x000000ec   Section        0  entry7b.o(.ARM.Collect$$$$00000008)
    .ARM.Collect$$$$00000009                 0x000000ec   Section        8  entry8.o(.ARM.Collect$$$$00000009)
    .ARM.Collect$$$$00002712                 0x000000f4   Section        4  entry2.o(.ARM.Collect$$$$00002712)
    __lit__00000000                          0x000000f4   Data           4  entry2.o(.ARM.Collect$$$$00002712)
    .text                                    0x000000f8   Section       36  startup_lpc407x_8x_177x_8x.o(.text)
    $v0                                      0x000000f8   Number         0  startup_lpc407x_8x_177x_8x.o(.text)
    .text                                    0x0000011c   Section        0  lpc_clkpwr.o(.text)
    .text                                    0x00000274   Section        0  uldiv.o(.text)
    .text                                    0x000002d6   Section        0  llshl.o(.text)
    i.__scatterload_null                     0x000002f4   Section        2  handlers.o(i.__scatterload_null)
    .ARM.__at_0x02FC                         0x000002fc   Section        4  startup_lpc407x_8x_177x_8x.o(.ARM.__at_0x02FC)
    .text                                    0x00000300   Section        0  system_lpc407x_8x_177x_8x.o(.text)
    .text                                    0x00000708   Section        0  debug_frmwrk.o(.text)
    .text                                    0x00000dd0   Section        0  lpc_pinsel.o(.text)
    PIN_GetPointer                           0x00000dd1   Thumb Code    18  lpc_pinsel.o(.text)
    .text                                    0x00001220   Section        0  lpc_uart.o(.text)
    uart_get_pointer                         0x00001221   Thumb Code    34  lpc_uart.o(.text)
    uart_set_divisors                        0x00001243   Thumb Code   540  lpc_uart.o(.text)
    .text                                    0x00001fcc   Section        0  lpc_rtc.o(.text)
    .text                                    0x000029a4   Section        0  rtc_ev.o(.text)
    .text                                    0x00002e54   Section        0  llushr.o(.text)
    .text                                    0x00002e74   Section       36  init.o(.text)
    .text                                    0x00002e98   Section        0  __dczerorl2.o(.text)
    i.__scatterload_copy                     0x00002ef4   Section       14  handlers.o(i.__scatterload_copy)
    i.__scatterload_zeroinit                 0x00002f02   Section       14  handlers.o(i.__scatterload_zeroinit)
    .constdata                               0x00002f10   Section       89  debug_frmwrk.o(.constdata)
    .data                                    0x10000000   Section       16  system_lpc407x_8x_177x_8x.o(.data)
    .data                                    0x10000010   Section       60  debug_frmwrk.o(.data)
    .data                                    0x1000004c   Section      482  rtc_ev.o(.data)
    .bss                                     0x10000230   Section       32  rtc_ev.o(.bss)
    STACK                                    0x10000250   Section     1024  startup_lpc407x_8x_177x_8x.o(STACK)

    Global Symbols

    Symbol Name                              Value     Ov Type        Size  Object(Section)

    BuildAttributes$$THM_ISAv4$E$P$D$K$B$S$7EM$VFPi3$EXTD16$VFPS$VFMA$PE$A:L22UL41UL21$X:L11$S22US41US21$IEEE1$IW$USESV6$~STKCKD$USESV7$~SHL$OSPACE$EBA8$MICROLIB$REQ8$PRES8$EABIv2 0x00000000   Number         0  anon$$obj.o ABSOLUTE
    __ARM_use_no_argv                        0x00000000   Number         0  rtc_ev.o ABSOLUTE
    __Vectors                                0x00000000   Data           4  startup_lpc407x_8x_177x_8x.o(RESET)
    _clock_init                               - Undefined Weak Reference
    __main                                   0x000000e5   Thumb Code     0  entry.o(.ARM.Collect$$$$00000000)
    _main_stk                                0x000000e5   Thumb Code     0  entry2.o(.ARM.Collect$$$$00000001)
    _main_scatterload                        0x000000e9   Thumb Code     0  entry5.o(.ARM.Collect$$$$00000004)
    __main_after_scatterload                 0x000000ed   Thumb Code     0  entry5.o(.ARM.Collect$$$$00000004)
    _main_clock                              0x000000ed   Thumb Code     0  entry7b.o(.ARM.Collect$$$$00000008)
    _main_init                               0x000000ed   Thumb Code     0  entry8.o(.ARM.Collect$$$$00000009)
    Reset_Handler                            0x000000f9   Thumb Code     8  startup_lpc407x_8x_177x_8x.o(.text)
    NMI_Handler                              0x00000101   Thumb Code     2  startup_lpc407x_8x_177x_8x.o(.text)
    HardFault_Handler                        0x00000103   Thumb Code     2  startup_lpc407x_8x_177x_8x.o(.text)
    MemManage_Handler                        0x00000105   Thumb Code     2  startup_lpc407x_8x_177x_8x.o(.text)
    BusFault_Handler                         0x00000107   Thumb Code     2  startup_lpc407x_8x_177x_8x.o(.text)
    UsageFault_Handler                       0x00000109   Thumb Code     2  startup_lpc407x_8x_177x_8x.o(.text)
    SVC_Handler                              0x0000010b   Thumb Code     2  startup_lpc407x_8x_177x_8x.o(.text)
    DebugMon_Handler                         0x0000010d   Thumb Code     2  startup_lpc407x_8x_177x_8x.o(.text)
    PendSV_Handler                           0x0000010f   Thumb Code     2  startup_lpc407x_8x_177x_8x.o(.text)
    SysTick_Handler                          0x00000111   Thumb Code     2  startup_lpc407x_8x_177x_8x.o(.text)
    ADC_IRQHandler                           0x00000113   Thumb Code     0  startup_lpc407x_8x_177x_8x.o(.text)
    BOD_IRQHandler                           0x00000113   Thumb Code     0  startup_lpc407x_8x_177x_8x.o(.text)
    CANActivity_IRQHandler                   0x00000113   Thumb Code     0  startup_lpc407x_8x_177x_8x.o(.text)
    CAN_IRQHandler                           0x00000113   Thumb Code     0  startup_lpc407x_8x_177x_8x.o(.text)
    DMA_IRQHandler                           0x00000113   Thumb Code     0  startup_lpc407x_8x_177x_8x.o(.text)
    EEPROM_IRQHandler                        0x00000113   Thumb Code     0  startup_lpc407x_8x_177x_8x.o(.text)
    EINT0_IRQHandler                         0x00000113   Thumb Code     0  startup_lpc407x_8x_177x_8x.o(.text)
    EINT1_IRQHandler                         0x00000113   Thumb Code     0  startup_lpc407x_8x_177x_8x.o(.text)
    EINT2_IRQHandler                         0x00000113   Thumb Code     0  startup_lpc407x_8x_177x_8x.o(.text)
    EINT3_IRQHandler                         0x00000113   Thumb Code     0  startup_lpc407x_8x_177x_8x.o(.text)
    ENET_IRQHandler                          0x00000113   Thumb Code     0  startup_lpc407x_8x_177x_8x.o(.text)
    GPIO_IRQHandler                          0x00000113   Thumb Code     0  startup_lpc407x_8x_177x_8x.o(.text)
    I2C0_IRQHandler                          0x00000113   Thumb Code     0  startup_lpc407x_8x_177x_8x.o(.text)
    I2C1_IRQHandler                          0x00000113   Thumb Code     0  startup_lpc407x_8x_177x_8x.o(.text)
    I2C2_IRQHandler                          0x00000113   Thumb Code     0  startup_lpc407x_8x_177x_8x.o(.text)
    I2S_IRQHandler                           0x00000113   Thumb Code     0  startup_lpc407x_8x_177x_8x.o(.text)
    LCD_IRQHandler                           0x00000113   Thumb Code     0  startup_lpc407x_8x_177x_8x.o(.text)
    MCI_IRQHandler                           0x00000113   Thumb Code     0  startup_lpc407x_8x_177x_8x.o(.text)
    MCPWM_IRQHandler                         0x00000113   Thumb Code     0  startup_lpc407x_8x_177x_8x.o(.text)
    PLL0_IRQHandler                          0x00000113   Thumb Code     0  startup_lpc407x_8x_177x_8x.o(.text)
    PLL1_IRQHandler                          0x00000113   Thumb Code     0  startup_lpc407x_8x_177x_8x.o(.text)
    PWM0_IRQHandler                          0x00000113   Thumb Code     0  startup_lpc407x_8x_177x_8x.o(.text)
    PWM1_IRQHandler                          0x00000113   Thumb Code     0  startup_lpc407x_8x_177x_8x.o(.text)
    QEI_IRQHandler                           0x00000113   Thumb Code     0  startup_lpc407x_8x_177x_8x.o(.text)
    SSP0_IRQHandler                          0x00000113   Thumb Code     0  startup_lpc407x_8x_177x_8x.o(.text)
    SSP1_IRQHandler                          0x00000113   Thumb Code     0  startup_lpc407x_8x_177x_8x.o(.text)
    SSP2_IRQHandler                          0x00000113   Thumb Code     0  startup_lpc407x_8x_177x_8x.o(.text)
    TIMER0_IRQHandler                        0x00000113   Thumb Code     0  startup_lpc407x_8x_177x_8x.o(.text)
    TIMER1_IRQHandler                        0x00000113   Thumb Code     0  startup_lpc407x_8x_177x_8x.o(.text)
    TIMER2_IRQHandler                        0x00000113   Thumb Code     0  startup_lpc407x_8x_177x_8x.o(.text)
    TIMER3_IRQHandler                        0x00000113   Thumb Code     0  startup_lpc407x_8x_177x_8x.o(.text)
    UART0_IRQHandler                         0x00000113   Thumb Code     0  startup_lpc407x_8x_177x_8x.o(.text)
    UART1_IRQHandler                         0x00000113   Thumb Code     0  startup_lpc407x_8x_177x_8x.o(.text)
    UART2_IRQHandler                         0x00000113   Thumb Code     0  startup_lpc407x_8x_177x_8x.o(.text)
    UART3_IRQHandler                         0x00000113   Thumb Code     0  startup_lpc407x_8x_177x_8x.o(.text)
    UART4_IRQHandler                         0x00000113   Thumb Code     0  startup_lpc407x_8x_177x_8x.o(.text)
    USBActivity_IRQHandler                   0x00000113   Thumb Code     0  startup_lpc407x_8x_177x_8x.o(.text)
    USB_IRQHandler                           0x00000113   Thumb Code     0  startup_lpc407x_8x_177x_8x.o(.text)
    WDT_IRQHandler                           0x00000113   Thumb Code     0  startup_lpc407x_8x_177x_8x.o(.text)
    CLKPWR_SetCLKDiv                         0x0000011d   Thumb Code   154  lpc_clkpwr.o(.text)
    CLKPWR_GetCLK                            0x000001b7   Thumb Code    46  lpc_clkpwr.o(.text)
    CLKPWR_ConfigPPWR                        0x000001e5   Thumb Code    38  lpc_clkpwr.o(.text)
    CLKPWR_Sleep                             0x0000020b   Thumb Code    10  lpc_clkpwr.o(.text)
    CLKPWR_DeepSleep                         0x00000215   Thumb Code    16  lpc_clkpwr.o(.text)
    CLKPWR_PowerDown                         0x00000225   Thumb Code    16  lpc_clkpwr.o(.text)
    CLKPWR_DeepPowerDown                     0x00000235   Thumb Code    16  lpc_clkpwr.o(.text)
    __aeabi_uldivmod                         0x00000275   Thumb Code    98  uldiv.o(.text)
    __aeabi_llsl                             0x000002d7   Thumb Code    30  llshl.o(.text)
    _ll_shift_l                              0x000002d7   Thumb Code     0  llshl.o(.text)
    __scatterload_null                       0x000002f5   Thumb Code     2  handlers.o(i.__scatterload_null)
    SystemCoreClockUpdate                    0x00000301   Thumb Code   664  system_lpc407x_8x_177x_8x.o(.text)
    fpu_init                                 0x00000599   Thumb Code    54  system_lpc407x_8x_177x_8x.o(.text)
    SystemInit                               0x000005cf   Thumb Code   210  system_lpc407x_8x_177x_8x.o(.text)
    UARTPutChar                              0x00000709   Thumb Code    18  debug_frmwrk.o(.text)
    UARTGetChar                              0x0000071b   Thumb Code    26  debug_frmwrk.o(.text)
    UARTGetCharInNonBlock                    0x00000735   Thumb Code    34  debug_frmwrk.o(.text)
    UARTPuts                                 0x00000757   Thumb Code    28  debug_frmwrk.o(.text)
    UARTGetValue                             0x00000773   Thumb Code   348  debug_frmwrk.o(.text)
    UARTPuts_                                0x000008cf   Thumb Code    24  debug_frmwrk.o(.text)
    UARTPutDec                               0x000008e7   Thumb Code    94  debug_frmwrk.o(.text)
    UARTPutDec16                             0x00000945   Thumb Code   158  debug_frmwrk.o(.text)
    UARTPutDec32                             0x000009e3   Thumb Code   280  debug_frmwrk.o(.text)
    UARTPutHex_                              0x00000afb   Thumb Code    58  debug_frmwrk.o(.text)
    UARTPutHex                               0x00000b35   Thumb Code    66  debug_frmwrk.o(.text)
    UARTPutHex16_                            0x00000b77   Thumb Code    58  debug_frmwrk.o(.text)
    UARTPutHex16                             0x00000bb1   Thumb Code    66  debug_frmwrk.o(.text)
    UARTPutHex32_                            0x00000bf3   Thumb Code   182  debug_frmwrk.o(.text)
    UARTPutHex32                             0x00000ca9   Thumb Code    68  debug_frmwrk.o(.text)
    debug_frmwrk_init                        0x00000ced   Thumb Code   166  debug_frmwrk.o(.text)
    PINSEL_GetPinType                        0x00000de3   Thumb Code   164  lpc_pinsel.o(.text)
    PINSEL_ConfigPin                         0x00000e87   Thumb Code    64  lpc_pinsel.o(.text)
    PINSEL_SetPinMode                        0x00000ec7   Thumb Code    82  lpc_pinsel.o(.text)
    PINSEL_SetHysMode                        0x00000f19   Thumb Code    78  lpc_pinsel.o(.text)
    PINSEL_SetInvertInput                    0x00000f67   Thumb Code    76  lpc_pinsel.o(.text)
    PINSEL_SetSlewMode                       0x00000fb3   Thumb Code    78  lpc_pinsel.o(.text)
    PINSEL_SetI2CFilter                      0x00001001   Thumb Code    76  lpc_pinsel.o(.text)
    PINSEL_SetI2CMode                        0x0000104d   Thumb Code   136  lpc_pinsel.o(.text)
    PINSEL_SetOpenDrainMode                  0x000010d5   Thumb Code    82  lpc_pinsel.o(.text)
    PINSEL_SetAnalogPinMode                  0x00001127   Thumb Code    76  lpc_pinsel.o(.text)
    PINSEL_DacEnable                         0x00001173   Thumb Code    90  lpc_pinsel.o(.text)
    PINSEL_SetFilter                         0x000011cd   Thumb Code    80  lpc_pinsel.o(.text)
    UART_Init                                0x0000145f   Thumb Code   550  lpc_uart.o(.text)
    UART_TxCmd                               0x00001685   Thumb Code   128  lpc_uart.o(.text)
    UART_DeInit                              0x00001705   Thumb Code    82  lpc_uart.o(.text)
    UART_ConfigStructInit                    0x00001757   Thumb Code    18  lpc_uart.o(.text)
    UART_SendByte                            0x00001769   Thumb Code    48  lpc_uart.o(.text)
    UART_ReceiveByte                         0x00001799   Thumb Code    52  lpc_uart.o(.text)
    UART_Send                                0x000017cd   Thumb Code   224  lpc_uart.o(.text)
    UART_Receive                             0x000018ad   Thumb Code   186  lpc_uart.o(.text)
    UART_ForceBreak                          0x00001967   Thumb Code    88  lpc_uart.o(.text)
    UART_IntConfig                           0x000019bf   Thumb Code   178  lpc_uart.o(.text)
    UART_GetLineStatus                       0x00001a71   Thumb Code    52  lpc_uart.o(.text)
    UART_GetIntId                            0x00001aa5   Thumb Code    80  lpc_uart.o(.text)
    UART_CheckBusy                           0x00001af5   Thumb Code    84  lpc_uart.o(.text)
    UART_FIFOConfig                          0x00001b49   Thumb Code   152  lpc_uart.o(.text)
    UART_FIFOConfigStructInit                0x00001be1   Thumb Code    14  lpc_uart.o(.text)
    UART_ABCmd                               0x00001bef   Thumb Code   210  lpc_uart.o(.text)
    UART_ABClearIntPending                   0x00001cc1   Thumb Code    56  lpc_uart.o(.text)
    UART_IrDAInvtInputCmd                    0x00001cf9   Thumb Code    42  lpc_uart.o(.text)
    UART_IrDACmd                             0x00001d23   Thumb Code    40  lpc_uart.o(.text)
    UART_IrDAPulseDivConfig                  0x00001d4b   Thumb Code    38  lpc_uart.o(.text)
    UART_FullModemForcePinState              0x00001d71   Thumb Code    64  lpc_uart.o(.text)
    UART_FullModemConfigMode                 0x00001db1   Thumb Code    72  lpc_uart.o(.text)
    UART_FullModemGetStatus                  0x00001df9   Thumb Code    16  lpc_uart.o(.text)
    UART_RS485Config                         0x00001e09   Thumb Code   200  lpc_uart.o(.text)
    UART_RS485ReceiverCmd                    0x00001ed1   Thumb Code    64  lpc_uart.o(.text)
    UART_RS485Send                           0x00001f11   Thumb Code   138  lpc_uart.o(.text)
    UART_RS485SendSlvAddr                    0x00001f9b   Thumb Code    18  lpc_uart.o(.text)
    UART_RS485SendData                       0x00001fad   Thumb Code    22  lpc_uart.o(.text)
    RTC_Init                                 0x00001fcd   Thumb Code    30  lpc_rtc.o(.text)
    RTC_DeInit                               0x00001feb   Thumb Code    20  lpc_rtc.o(.text)
    RTC_ResetClockTickCounter                0x00001fff   Thumb Code    18  lpc_rtc.o(.text)
    RTC_Cmd                                  0x00002011   Thumb Code    24  lpc_rtc.o(.text)
    RTC_CntIncrIntConfig                     0x00002029   Thumb Code   202  lpc_rtc.o(.text)
    RTC_AlarmIntConfig                       0x000020f3   Thumb Code   202  lpc_rtc.o(.text)
    RTC_SetTime                              0x000021bd   Thumb Code   138  lpc_rtc.o(.text)
    RTC_GetTime                              0x00002247   Thumb Code    98  lpc_rtc.o(.text)
    RTC_SetFullTime                          0x000022a9   Thumb Code    74  lpc_rtc.o(.text)
    RTC_GetFullTime                          0x000022f3   Thumb Code    74  lpc_rtc.o(.text)
    RTC_SetAlarmTime                         0x0000233d   Thumb Code   142  lpc_rtc.o(.text)
    RTC_GetAlarmTime                         0x000023cb   Thumb Code   102  lpc_rtc.o(.text)
    RTC_SetFullAlarmTime                     0x00002431   Thumb Code    74  lpc_rtc.o(.text)
    RTC_GetFullAlarmTime                     0x0000247b   Thumb Code    74  lpc_rtc.o(.text)
    RTC_GetIntPending                        0x000024c5   Thumb Code    16  lpc_rtc.o(.text)
    RTC_ClearIntPending                      0x000024d5   Thumb Code     8  lpc_rtc.o(.text)
    RTC_CalibCounterCmd                      0x000024dd   Thumb Code    24  lpc_rtc.o(.text)
    RTC_CalibConfig                          0x000024f5   Thumb Code    24  lpc_rtc.o(.text)
    RTC_WriteGPREG                           0x0000250d   Thumb Code    14  lpc_rtc.o(.text)
    RTC_ReadGPREG                            0x0000251b   Thumb Code    16  lpc_rtc.o(.text)
    RTC_ER_InitConfigStruct                  0x0000252b   Thumb Code    46  lpc_rtc.o(.text)
    RTC_ER_Init                              0x00002559   Thumb Code   430  lpc_rtc.o(.text)
    RTC_ER_Cmd                               0x00002707   Thumb Code   126  lpc_rtc.o(.text)
    RTC_ER_GetEventCount                     0x00002785   Thumb Code    52  lpc_rtc.o(.text)
    RTC_ER_GetStatus                         0x000027b9   Thumb Code     6  lpc_rtc.o(.text)
    RTC_ER_ClearStatus                       0x000027bf   Thumb Code    16  lpc_rtc.o(.text)
    RTC_ER_WakupReqPending                   0x000027cf   Thumb Code    18  lpc_rtc.o(.text)
    RTC_ER_GPCleared                         0x000027e1   Thumb Code    18  lpc_rtc.o(.text)
    RTC_ER_GetFirstTimeStamp                 0x000027f3   Thumb Code   196  lpc_rtc.o(.text)
    RTC_ER_GetLastTimeStamp                  0x000028b7   Thumb Code   232  lpc_rtc.o(.text)
    RTC_IRQHandler                           0x000029a5   Thumb Code    60  rtc_ev.o(.text)
    print_menu                               0x000029e1   Thumb Code    14  rtc_ev.o(.text)
    SetSystemTime                            0x000029ef   Thumb Code   304  rtc_ev.o(.text)
    c_entry                                  0x00002b1f   Thumb Code   542  rtc_ev.o(.text)
    main                                     0x00002d3d   Thumb Code     4  rtc_ev.o(.text)
    __aeabi_llsr                             0x00002e55   Thumb Code    32  llushr.o(.text)
    _ll_ushift_r                             0x00002e55   Thumb Code     0  llushr.o(.text)
    __scatterload                            0x00002e75   Thumb Code    28  init.o(.text)
    __scatterload_rt2                        0x00002e75   Thumb Code     0  init.o(.text)
    __decompress                             0x00002e99   Thumb Code     0  __dczerorl2.o(.text)
    __decompress1                            0x00002e99   Thumb Code    92  __dczerorl2.o(.text)
    __scatterload_copy                       0x00002ef5   Thumb Code    14  handlers.o(i.__scatterload_copy)
    __scatterload_zeroinit                   0x00002f03   Thumb Code    14  handlers.o(i.__scatterload_zeroinit)
    Region$$Table$$Base                      0x00002f6c   Number         0  anon$$obj.o(Region$$Table)
    Region$$Table$$Limit                     0x00002f8c   Number         0  anon$$obj.o(Region$$Table)
    SystemCoreClock                          0x10000000   Data           4  system_lpc407x_8x_177x_8x.o(.data)
    PeripheralClock                          0x10000004   Data           4  system_lpc407x_8x_177x_8x.o(.data)
    EMCClock                                 0x10000008   Data           4  system_lpc407x_8x_177x_8x.o(.data)
    USBClock                                 0x1000000c   Data           4  system_lpc407x_8x_177x_8x.o(.data)
    _db_msg                                  0x10000010   Data           4  debug_frmwrk.o(.data)
    _db_msg_                                 0x10000014   Data           4  debug_frmwrk.o(.data)
    _db_char                                 0x10000018   Data           4  debug_frmwrk.o(.data)
    _db_dec                                  0x1000001c   Data           4  debug_frmwrk.o(.data)
    _db_dec_16                               0x10000020   Data           4  debug_frmwrk.o(.data)
    _db_dec_32                               0x10000024   Data           4  debug_frmwrk.o(.data)
    _db_hex                                  0x10000028   Data           4  debug_frmwrk.o(.data)
    _db_hex_16                               0x1000002c   Data           4  debug_frmwrk.o(.data)
    _db_hex_32                               0x10000030   Data           4  debug_frmwrk.o(.data)
    _db_hex_                                 0x10000034   Data           4  debug_frmwrk.o(.data)
    _db_hex_16_                              0x10000038   Data           4  debug_frmwrk.o(.data)
    _db_hex_32_                              0x1000003c   Data           4  debug_frmwrk.o(.data)
    _db_get_char                             0x10000040   Data           4  debug_frmwrk.o(.data)
    _db_get_char_nonblocking                 0x10000044   Data           4  debug_frmwrk.o(.data)
    _db_get_val                              0x10000048   Data           4  debug_frmwrk.o(.data)
    menu1                                    0x1000004c   Data         481  rtc_ev.o(.data)
    evt_cnt                                  0x1000022d   Data           1  rtc_ev.o(.data)
    FirstTimeStamp                           0x10000230   Data          16  rtc_ev.o(.bss)
    LastTimeStamp                            0x10000240   Data          16  rtc_ev.o(.bss)
    __initial_sp                             0x10000650   Data           0  startup_lpc407x_8x_177x_8x.o(STACK)



==============================================================================

Memory Map of the image

  Image Entry point : 0x000000e5

  Load Region LR_IROM1 (Base: 0x00000000, Size: 0x000031bc, Max: 0x00080000, ABSOLUTE, COMPRESSED[0x00003084])

    Execution Region ER_IROM1 (Base: 0x00000000, Size: 0x00002f8c, Max: 0x00080000, ABSOLUTE)

    Base Addr    Size         Type   Attr      Idx    E Section Name        Object

    0x00000000   0x000000e4   Data   RO            3    RESET               startup_lpc407x_8x_177x_8x.o
    0x000000e4   0x00000000   Code   RO          195  * .ARM.Collect$$$$00000000  mc_w.l(entry.o)
    0x000000e4   0x00000004   Code   RO          204    .ARM.Collect$$$$00000001  mc_w.l(entry2.o)
    0x000000e8   0x00000004   Code   RO          207    .ARM.Collect$$$$00000004  mc_w.l(entry5.o)
    0x000000ec   0x00000000   Code   RO          209    .ARM.Collect$$$$00000008  mc_w.l(entry7b.o)
    0x000000ec   0x00000008   Code   RO          210    .ARM.Collect$$$$00000009  mc_w.l(entry8.o)
    0x000000f4   0x00000004   Code   RO          205    .ARM.Collect$$$$00002712  mc_w.l(entry2.o)
    0x000000f8   0x00000024   Code   RO            5    .text               startup_lpc407x_8x_177x_8x.o
    0x0000011c   0x00000158   Code   RO           95    .text               lpc_clkpwr.o
    0x00000274   0x00000062   Code   RO          198    .text               mc_w.l(uldiv.o)
    0x000002d6   0x0000001e   Code   RO          200    .text               mc_w.l(llshl.o)
    0x000002f4   0x00000002   Code   RO          216    i.__scatterload_null  mc_w.l(handlers.o)
    0x000002f6   0x00000006   PAD
    0x000002fc   0x00000004   Code   RO            4    .ARM.__at_0x02FC    startup_lpc407x_8x_177x_8x.o
    0x00000300   0x00000408   Code   RO           14    .text               system_lpc407x_8x_177x_8x.o
    0x00000708   0x000006c8   Code   RO           56    .text               debug_frmwrk.o
    0x00000dd0   0x00000450   Code   RO          117    .text               lpc_pinsel.o
    0x00001220   0x00000dac   Code   RO          133    .text               lpc_uart.o
    0x00001fcc   0x000009d8   Code   RO          149    .text               lpc_rtc.o
    0x000029a4   0x000004b0   Code   RO          168    .text               rtc_ev.o
    0x00002e54   0x00000020   Code   RO          202    .text               mc_w.l(llushr.o)
    0x00002e74   0x00000024   Code   RO          211    .text               mc_w.l(init.o)
    0x00002e98   0x0000005c   Code   RO          221    .text               mc_w.l(__dczerorl2.o)
    0x00002ef4   0x0000000e   Code   RO          215    i.__scatterload_copy  mc_w.l(handlers.o)
    0x00002f02   0x0000000e   Code   RO          217    i.__scatterload_zeroinit  mc_w.l(handlers.o)
    0x00002f10   0x00000059   Data   RO           57    .constdata          debug_frmwrk.o
    0x00002f69   0x00000003   PAD
    0x00002f6c   0x00000020   Data   RO          213    Region$$Table       anon$$obj.o


    Execution Region RW_IRAM1 (Base: 0x10000000, Size: 0x00000650, Max: 0x00010000, ABSOLUTE, COMPRESSED[0x000000f8])

    Base Addr    Size         Type   Attr      Idx    E Section Name        Object

    0x10000000   0x00000010   Data   RW           15    .data               system_lpc407x_8x_177x_8x.o
    0x10000010   0x0000003c   Data   RW           58    .data               debug_frmwrk.o
    0x1000004c   0x000001e2   Data   RW          170    .data               rtc_ev.o
    0x1000022e   0x00000002   PAD
    0x10000230   0x00000020   Zero   RW          169    .bss                rtc_ev.o
    0x10000250   0x00000400   Zero   RW            1    STACK               startup_lpc407x_8x_177x_8x.o


    Execution Region RW_IRAM2 (Base: 0x20000000, Size: 0x00000000, Max: 0x00008000, ABSOLUTE)

    **** No section assigned to this execution region ****


==============================================================================

Image component sizes


      Code (inc. data)   RO Data    RW Data    ZI Data      Debug   Object Name

      1736        198         89         60          0      17443   debug_frmwrk.o
       344         48          0          0          0       1827   lpc_clkpwr.o
      1104         20          0          0          0       6526   lpc_pinsel.o
      2520        106          0          0          0      12772   lpc_rtc.o
      3500        156          0          0          0      12305   lpc_uart.o
      1200        276          0        482         32      20639   rtc_ev.o
        40         12        228          0       1024       1248   startup_lpc407x_8x_177x_8x.o
      1032        104          0         16          0      30392   system_lpc407x_8x_177x_8x.o

    ----------------------------------------------------------------------
     11476        920        352        560       1056     103152   Object Totals
         0          0         32          0          0          0   (incl. Generated)
         0          0          3          2          0          0   (incl. Padding)

    ----------------------------------------------------------------------

      Code (inc. data)   RO Data    RW Data    ZI Data      Debug   Library Member Name

        92          0          0          0          0          0   __dczerorl2.o
         0          0          0          0          0          0   entry.o
         8          4          0          0          0          0   entry2.o
         4          0          0          0          0          0   entry5.o
         0          0          0          0          0          0   entry7b.o
         8          4          0          0          0          0   entry8.o
        30          0          0          0          0          0   handlers.o
        36          8          0          0          0         68   init.o
        30          0          0          0          0         68   llshl.o
        32          0          0          0          0         68   llushr.o
        98          0          0          0          0         92   uldiv.o

    ----------------------------------------------------------------------
       344         16          0          0          0        296   Library Totals
         6          0          0          0          0          0   (incl. Padding)

    ----------------------------------------------------------------------

      Code (inc. data)   RO Data    RW Data    ZI Data      Debug   Library Name

       338         16          0          0          0        296   mc_w.l

    ----------------------------------------------------------------------
       344         16          0          0          0        296   Library Totals

    ----------------------------------------------------------------------

==============================================================================


      Code (inc. data)   RO Data    RW Data    ZI Data      Debug   

     11820        936        352        560       1056     102196   Grand Totals
     11820        936        352        248       1056     102196   ELF Image Totals (compressed)
     11820        936        352        248          0          0   ROM Totals

==============================================================================

    Total RO  Size (Code + RO Data)                12172 (  11.89kB)
    Total RW  Size (RW Data + ZI Data)              1616 (   1.58kB)
    Total ROM Size (Code + RO Data + RW Data)      12420 (  12.13kB)

==============================================================================

