<html>
<body>
<pre>
<h1>µVision Build Log</h1>
<h2>Project:</h2>
C:\MyProjects\PDL_LPC407x_8x_177x_8x\lpc407x_8x_177x_8x\Examples\RTC\Rtc_Ev\Keil\Rtc_EV.uvproj
Project File Date:  05/30/2012

<h2>Output:</h2>
Rebuild target 'RAM M4'
assembling startup_LPC407x_8x_177x_8x.s...
compiling system_LPC407x_8x_177x_8x.c...
compiling debug_frmwrk.c...
compiling lpc_clkpwr.c...
compiling lpc_pinsel.c...
compiling lpc_uart.c...
compiling lpc_rtc.c...
compiling Rtc_EV.c...
linking...
Program Size: Code=11812 RO-data=352 RW-data=560 ZI-data=1056  
".\RAM\Rtc_EV.axf" - 0 Error(s), 0 Warning(s).
Rebuild target 'RAM M4'
assembling startup_LPC407x_8x_177x_8x.s...
compiling system_LPC407x_8x_177x_8x.c...
compiling debug_frmwrk.c...
compiling lpc_clkpwr.c...
compiling lpc_pinsel.c...
compiling lpc_uart.c...
compiling lpc_rtc.c...
compiling Rtc_EV.c...
linking...
Program Size: Code=11812 RO-data=352 RW-data=560 ZI-data=1056  
".\RAM\Rtc_EV.axf" - 0 Error(s), 0 Warning(s).
