###############################################################################
#                                                                             #
# IAR ELF Linker V6.30.6.53336/W32 for ARM              15/May/2012  14:35:42 #
# Copyright 2007-2012 IAR Systems AB.                                         #
#                                                                             #
#    Output file  =  C:\MyProjects\LPC407x_8x\lpc407x_8x_177x_8x_Keil_IAR_M4_ #
#                    M3\lpc407x_8x_177x_8x_Keil\Examples\GPIO\GPIO_LedBlinky\ #
#                    EWARM\Flash_M3\Exe\Gpio_LedBlinky.out.tmp                #
#    Map file     =  C:\MyProjects\LPC407x_8x\lpc407x_8x_177x_8x_Keil_IAR_M4_ #
#                    M3\lpc407x_8x_177x_8x_Keil\Examples\GPIO\GPIO_LedBlinky\ #
#                    EWARM\Flash_M3\List\Gpio_LedBlinky.map                   #
#    Command line =  C:\MyProjects\LPC407x_8x\lpc407x_8x_177x_8x_Keil_IAR_M4_ #
#                    M3\lpc407x_8x_177x_8x_Keil\Examples\GPIO\GPIO_LedBlinky\ #
#                    EWARM\Flash_M3\Obj\Gpio_LedBlinky.o                      #
#                    C:\MyProjects\LPC407x_8x\lpc407x_8x_177x_8x_Keil_IAR_M4_ #
#                    M3\lpc407x_8x_177x_8x_Keil\Examples\GPIO\GPIO_LedBlinky\ #
#                    EWARM\Flash_M3\Obj\lpc_clkpwr.o                          #
#                    C:\MyProjects\LPC407x_8x\lpc407x_8x_177x_8x_Keil_IAR_M4_ #
#                    M3\lpc407x_8x_177x_8x_Keil\Examples\GPIO\GPIO_LedBlinky\ #
#                    EWARM\Flash_M3\Obj\lpc_gpio.o                            #
#                    C:\MyProjects\LPC407x_8x\lpc407x_8x_177x_8x_Keil_IAR_M4_ #
#                    M3\lpc407x_8x_177x_8x_Keil\Examples\GPIO\GPIO_LedBlinky\ #
#                    EWARM\Flash_M3\Obj\lpc_pinsel.o                          #
#                    C:\MyProjects\LPC407x_8x\lpc407x_8x_177x_8x_Keil_IAR_M4_ #
#                    M3\lpc407x_8x_177x_8x_Keil\Examples\GPIO\GPIO_LedBlinky\ #
#                    EWARM\Flash_M3\Obj\startup_LPC407x_8x_177x_8x.o          #
#                    C:\MyProjects\LPC407x_8x\lpc407x_8x_177x_8x_Keil_IAR_M4_ #
#                    M3\lpc407x_8x_177x_8x_Keil\Examples\GPIO\GPIO_LedBlinky\ #
#                    EWARM\Flash_M3\Obj\system_LPC407x_8x_177x_8x.o           #
#                    --redirect _Printf=_PrintfFull --redirect                #
#                    _Scanf=_ScanfFull -o C:\MyProjects\LPC407x_8x\lpc407x_8x #
#                    _177x_8x_Keil_IAR_M4_M3\lpc407x_8x_177x_8x_Keil\Examples #
#                    \GPIO\GPIO_LedBlinky\EWARM\Flash_M3\Exe\Gpio_LedBlinky.o #
#                    ut.tmp --map C:\MyProjects\LPC407x_8x\lpc407x_8x_177x_8x #
#                    _Keil_IAR_M4_M3\lpc407x_8x_177x_8x_Keil\Examples\GPIO\GP #
#                    IO_LedBlinky\EWARM\Flash_M3\List\Gpio_LedBlinky.map      #
#                    --config C:\MyProjects\LPC407x_8x\lpc407x_8x_177x_8x_Kei #
#                    l_IAR_M4_M3\lpc407x_8x_177x_8x_Keil\Examples\GPIO\GPIO_L #
#                    edBlinky\EWARM\LPC4088.icf --semihosting --entry         #
#                    __iar_program_start --vfe                                #
#                                                                             #
#                                                                             #
###############################################################################

*******************************************************************************
*** RUNTIME MODEL ATTRIBUTES
***

CppFlavor       = *
__SystemLibrary = DLib


*******************************************************************************
*** PLACEMENT SUMMARY
***

"A1":  place at 0x00000000 { section .intvec };
"P1":  place in [from 0x00000140 to 0x0007ffff] { ro };
"P2":  place in [from 0x10000000 to 0x1000ffff] { rw, block CSTACK, block HEAP };

  Section            Kind        Address   Size  Object
  -------            ----        -------   ----  ------
"A1":                                      0xe4
  .intvec            ro code  0x00000000   0xe4  startup_LPC407x_8x_177x_8x.o [1]
                            - 0x000000e4   0xe4

"P1":                                     0x804
  .text              ro code  0x00000140  0x400  system_LPC407x_8x_177x_8x.o [1]
  .text              ro code  0x00000540   0xe4  lpc_gpio.o [1]
  .text              ro code  0x00000624   0x68  lpc_clkpwr.o [1]
  .text              ro code  0x0000068c   0xe2  Gpio_LedBlinky.o [1]
  .text              ro code  0x0000076e   0x2e  copy_init3.o [4]
  .text              ro code  0x0000079c   0x2c  data_init3.o [4]
  .text              ro code  0x000007c8   0x22  zero_init3.o [4]
  .iar.init_table    const    0x000007ec   0x24  - Linker created -
  .text              ro code  0x00000810   0x16  cmain.o [4]
  .text              ro code  0x00000826    0x4  low_level_init.o [3]
  .text              ro code  0x0000082a    0x4  exit.o [3]
  .text              ro code  0x00000830    0xa  cexit.o [4]
  .text              ro code  0x0000083c   0x14  exit.o [5]
  .text              ro code  0x00000850   0x10  startup_LPC407x_8x_177x_8x.o [1]
  .text              ro code  0x00000860    0xc  cstartup_M.o [4]
  .text              ro code  0x0000086c    0x4  startup_LPC407x_8x_177x_8x.o [1]
  .text              ro code  0x00000870    0x4  startup_LPC407x_8x_177x_8x.o [1]
  .text              ro code  0x00000874    0x4  startup_LPC407x_8x_177x_8x.o [1]
  .text              ro code  0x00000878    0x4  startup_LPC407x_8x_177x_8x.o [1]
  .text              ro code  0x0000087c    0x4  startup_LPC407x_8x_177x_8x.o [1]
  .text              ro code  0x00000880    0x4  startup_LPC407x_8x_177x_8x.o [1]
  .text              ro code  0x00000884    0x4  startup_LPC407x_8x_177x_8x.o [1]
  .text              ro code  0x00000888    0x4  startup_LPC407x_8x_177x_8x.o [1]
  .text              ro code  0x0000088c    0x4  startup_LPC407x_8x_177x_8x.o [1]
  .text              ro code  0x00000890    0x4  startup_LPC407x_8x_177x_8x.o [1]
  .text              ro code  0x00000894    0x4  startup_LPC407x_8x_177x_8x.o [1]
  .text              ro code  0x00000898    0x4  startup_LPC407x_8x_177x_8x.o [1]
  .text              ro code  0x0000089c    0x4  startup_LPC407x_8x_177x_8x.o [1]
  .text              ro code  0x000008a0    0x4  startup_LPC407x_8x_177x_8x.o [1]
  .text              ro code  0x000008a4    0x4  startup_LPC407x_8x_177x_8x.o [1]
  .text              ro code  0x000008a8    0x4  startup_LPC407x_8x_177x_8x.o [1]
  .text              ro code  0x000008ac    0x4  startup_LPC407x_8x_177x_8x.o [1]
  .text              ro code  0x000008b0    0x4  startup_LPC407x_8x_177x_8x.o [1]
  .text              ro code  0x000008b4    0x4  startup_LPC407x_8x_177x_8x.o [1]
  .text              ro code  0x000008b8    0x4  startup_LPC407x_8x_177x_8x.o [1]
  .text              ro code  0x000008bc    0x4  startup_LPC407x_8x_177x_8x.o [1]
  .text              ro code  0x000008c0    0x4  startup_LPC407x_8x_177x_8x.o [1]
  .text              ro code  0x000008c4    0x4  startup_LPC407x_8x_177x_8x.o [1]
  .text              ro code  0x000008c8    0x4  startup_LPC407x_8x_177x_8x.o [1]
  .text              ro code  0x000008cc    0x4  startup_LPC407x_8x_177x_8x.o [1]
  .text              ro code  0x000008d0    0x4  startup_LPC407x_8x_177x_8x.o [1]
  .text              ro code  0x000008d4    0x4  startup_LPC407x_8x_177x_8x.o [1]
  .text              ro code  0x000008d8    0x4  startup_LPC407x_8x_177x_8x.o [1]
  .text              ro code  0x000008dc    0x4  startup_LPC407x_8x_177x_8x.o [1]
  .text              ro code  0x000008e0    0x4  startup_LPC407x_8x_177x_8x.o [1]
  .text              ro code  0x000008e4    0x4  startup_LPC407x_8x_177x_8x.o [1]
  .text              ro code  0x000008e8    0x4  startup_LPC407x_8x_177x_8x.o [1]
  .text              ro code  0x000008ec    0x4  startup_LPC407x_8x_177x_8x.o [1]
  .text              ro code  0x000008f0    0x4  startup_LPC407x_8x_177x_8x.o [1]
  .text              ro code  0x000008f4    0x4  startup_LPC407x_8x_177x_8x.o [1]
  .text              ro code  0x000008f8    0x4  startup_LPC407x_8x_177x_8x.o [1]
  .text              ro code  0x000008fc    0x4  startup_LPC407x_8x_177x_8x.o [1]
  .text              ro code  0x00000900    0x4  startup_LPC407x_8x_177x_8x.o [1]
  .text              ro code  0x00000904    0x4  startup_LPC407x_8x_177x_8x.o [1]
  .text              ro code  0x00000908    0x4  startup_LPC407x_8x_177x_8x.o [1]
  .text              ro code  0x0000090c    0x4  startup_LPC407x_8x_177x_8x.o [1]
  .text              ro code  0x00000910    0x4  startup_LPC407x_8x_177x_8x.o [1]
  .text              ro code  0x00000914    0x4  startup_LPC407x_8x_177x_8x.o [1]
  .text              ro code  0x00000918    0x4  startup_LPC407x_8x_177x_8x.o [1]
  .text              ro code  0x0000091c    0x4  startup_LPC407x_8x_177x_8x.o [1]
  .text              ro code  0x00000920    0x4  startup_LPC407x_8x_177x_8x.o [1]
  .text              ro code  0x00000924    0x4  startup_LPC407x_8x_177x_8x.o [1]
  .text              ro code  0x00000928    0x4  startup_LPC407x_8x_177x_8x.o [1]
  .text              ro code  0x0000092c    0x4  startup_LPC407x_8x_177x_8x.o [1]
  CRPKEY             ro code  0x00000930    0x4  startup_LPC407x_8x_177x_8x.o [1]
  .rodata            const    0x00000934    0x0  bwt_init3c.o [4]
  Initializer bytes  ro data  0x00000934   0x10  <for P2 s0>
                            - 0x00000944  0x804

"P2", part 1 of 3:                         0x10
  P2 s0                       0x10000000   0x10  <Init block>
    .data            inited   0x10000000    0x4  system_LPC407x_8x_177x_8x.o [1]
    .data            inited   0x10000004    0x4  system_LPC407x_8x_177x_8x.o [1]
    .data            inited   0x10000008    0x4  system_LPC407x_8x_177x_8x.o [1]
    .data            inited   0x1000000c    0x4  system_LPC407x_8x_177x_8x.o [1]
                            - 0x10000010   0x10

"P2", part 2 of 3:                          0x8
  .bss               zero     0x10000010    0x4  Gpio_LedBlinky.o [1]
                            - 0x10000014    0x4

"P2", part 3 of 3:                        0x400
  CSTACK                      0x10000018  0x400  <Block>
    CSTACK           uninit   0x10000018  0x400  <Block tail>
                            - 0x10000418  0x400


*******************************************************************************
*** INIT TABLE
***

          Address     Size
          -------     ----
Zero (__iar_zero_init3)
    1 destination range, total size 0x4:
          0x10000010   0x4

Copy (__iar_copy_init3)
    1 source range, total size 0x10:
          0x00000934  0x10
    1 destination range, total size 0x10:
          0x10000000  0x10



*******************************************************************************
*** MODULE SUMMARY
***

    Module                        ro code  ro data  rw data
    ------                        -------  -------  -------
C:\MyProjects\LPC407x_8x\lpc407x_8x_177x_8x_Keil_IAR_M4_M3\lpc407x_8x_177x_8x_Keil\Examples\GPIO\GPIO_LedBlinky\EWARM\Flash_M3\Obj: [1]
    Gpio_LedBlinky.o                  226                 4
    lpc_clkpwr.o                      104
    lpc_gpio.o                        228
    startup_LPC407x_8x_177x_8x.o      444
    system_LPC407x_8x_177x_8x.o     1 024       16       16
    -------------------------------------------------------
    Total:                          2 026       16       20

command line: [2]
    -------------------------------------------------------
    Total:

dl7M_tln.a: [3]
    exit.o                              4
    low_level_init.o                    4
    -------------------------------------------------------
    Total:                              8

rt7M_tl.a: [4]
    bwt_init3c.o
    cexit.o                            10
    cmain.o                            22
    copy_init3.o                       46
    cstartup_M.o                       12
    data_init3.o                       44
    zero_init3.o                       34
    -------------------------------------------------------
    Total:                            168

shb_l.a: [5]
    exit.o                             20
    -------------------------------------------------------
    Total:                             20

    Gaps                                4        2
    Linker created                              36    1 024
-----------------------------------------------------------
    Grand Total:                    2 226       54    1 044


*******************************************************************************
*** ENTRY LIST
***

Entry                      Address   Size  Type      Object
-----                      -------   ----  ----      ------
?main                   0x00000811         Code  Gb  cmain.o [4]
ADC_IRQHandler          0x000008e5         Code  Wk  startup_LPC407x_8x_177x_8x.o [1]
BOD_IRQHandler          0x000008e9         Code  Wk  startup_LPC407x_8x_177x_8x.o [1]
BusFault_Handler        0x00000879         Code  Wk  startup_LPC407x_8x_177x_8x.o [1]
CANActivity_IRQHandler  0x00000915         Code  Wk  startup_LPC407x_8x_177x_8x.o [1]
CAN_IRQHandler          0x000008f1         Code  Wk  startup_LPC407x_8x_177x_8x.o [1]
CLKPWR_ConfigPPWR       0x00000655   0x24  Code  Gb  lpc_clkpwr.o [1]
CLKPWR_GetCLK           0x00000625   0x30  Code  Gb  lpc_clkpwr.o [1]
CRP_Value               0x00000931         Code  Gb  startup_LPC407x_8x_177x_8x.o [1]
CSTACK$$Base            0x10000018          --   Gb  - Linker created -
CSTACK$$Limit           0x10000418          --   Gb  - Linker created -
DMA_IRQHandler          0x000008f5         Code  Wk  startup_LPC407x_8x_177x_8x.o [1]
DebugMon_Handler        0x00000885         Code  Wk  startup_LPC407x_8x_177x_8x.o [1]
Delay                   0x000006ed   0x12  Code  Gb  Gpio_LedBlinky.o [1]
EEPROM_IRQHandler       0x0000092d         Code  Wk  startup_LPC407x_8x_177x_8x.o [1]
EINT0_IRQHandler        0x000008d5         Code  Wk  startup_LPC407x_8x_177x_8x.o [1]
EINT1_IRQHandler        0x000008d9         Code  Wk  startup_LPC407x_8x_177x_8x.o [1]
EINT2_IRQHandler        0x000008dd         Code  Wk  startup_LPC407x_8x_177x_8x.o [1]
EINT3_IRQHandler        0x000008e1         Code  Wk  startup_LPC407x_8x_177x_8x.o [1]
EMCClock                0x10000008    0x4  Data  Gb  system_LPC407x_8x_177x_8x.o [1]
ENET_IRQHandler         0x000008fd         Code  Wk  startup_LPC407x_8x_177x_8x.o [1]
GPIO_ClearValue         0x000005d1   0x16  Code  Gb  lpc_gpio.o [1]
GPIO_GetPointer         0x00000541   0x42  Code  Lc  lpc_gpio.o [1]
GPIO_IRQHandler         0x00000925         Code  Wk  startup_LPC407x_8x_177x_8x.o [1]
GPIO_Init               0x00000583    0xe  Code  Gb  lpc_gpio.o [1]
GPIO_OutputValue        0x000005e7   0x26  Code  Gb  lpc_gpio.o [1]
GPIO_SetDir             0x00000591   0x2a  Code  Gb  lpc_gpio.o [1]
GPIO_SetValue           0x000005bb   0x16  Code  Gb  lpc_gpio.o [1]
HardFault_Handler       0x00000871         Code  Wk  startup_LPC407x_8x_177x_8x.o [1]
I2C0_IRQHandler         0x000008b9         Code  Wk  startup_LPC407x_8x_177x_8x.o [1]
I2C1_IRQHandler         0x000008bd         Code  Wk  startup_LPC407x_8x_177x_8x.o [1]
I2C2_IRQHandler         0x000008c1         Code  Wk  startup_LPC407x_8x_177x_8x.o [1]
I2S_IRQHandler          0x000008f9         Code  Wk  startup_LPC407x_8x_177x_8x.o [1]
LCD_IRQHandler          0x00000921         Code  Wk  startup_LPC407x_8x_177x_8x.o [1]
MCI_IRQHandler          0x00000901         Code  Wk  startup_LPC407x_8x_177x_8x.o [1]
MCPWM_IRQHandler        0x00000905         Code  Wk  startup_LPC407x_8x_177x_8x.o [1]
MemManage_Handler       0x00000875         Code  Wk  startup_LPC407x_8x_177x_8x.o [1]
NMI_Handler             0x0000086d         Code  Wk  startup_LPC407x_8x_177x_8x.o [1]
NVIC_SetPriority        0x0000068d   0x22  Code  Lc  Gpio_LedBlinky.o [1]
PLL0_IRQHandler         0x000008cd         Code  Wk  startup_LPC407x_8x_177x_8x.o [1]
PLL1_IRQHandler         0x0000090d         Code  Wk  startup_LPC407x_8x_177x_8x.o [1]
PWM0_IRQHandler         0x00000929         Code  Wk  startup_LPC407x_8x_177x_8x.o [1]
PWM1_IRQHandler         0x000008b5         Code  Wk  startup_LPC407x_8x_177x_8x.o [1]
PendSV_Handler          0x00000889         Code  Wk  startup_LPC407x_8x_177x_8x.o [1]
PeripheralClock         0x10000004    0x4  Data  Gb  system_LPC407x_8x_177x_8x.o [1]
QEI_IRQHandler          0x00000909         Code  Wk  startup_LPC407x_8x_177x_8x.o [1]
RTC_IRQHandler          0x000008d1         Code  Wk  startup_LPC407x_8x_177x_8x.o [1]
Region$$Table$$Base     0x000007ec          --   Gb  - Linker created -
Region$$Table$$Limit    0x00000810          --   Gb  - Linker created -
Reset_Handler           0x00000851         Code  Wk  startup_LPC407x_8x_177x_8x.o [1]
SSP0_IRQHandler         0x000008c5         Code  Wk  startup_LPC407x_8x_177x_8x.o [1]
SSP1_IRQHandler         0x000008c9         Code  Wk  startup_LPC407x_8x_177x_8x.o [1]
SSP2_IRQHandler         0x0000091d         Code  Wk  startup_LPC407x_8x_177x_8x.o [1]
SVC_Handler             0x00000881         Code  Wk  startup_LPC407x_8x_177x_8x.o [1]
SysTickCnt              0x10000010    0x4  Data  Gb  Gpio_LedBlinky.o [1]
SysTick_Config          0x000006af   0x32  Code  Lc  Gpio_LedBlinky.o [1]
SysTick_Handler         0x000006e1    0xc  Code  Gb  Gpio_LedBlinky.o [1]
SystemCoreClock         0x10000000    0x4  Data  Gb  system_LPC407x_8x_177x_8x.o [1]
SystemCoreClockUpdate   0x00000141  0x2f2  Code  Gb  system_LPC407x_8x_177x_8x.o [1]
SystemInit              0x00000433   0xa6  Code  Gb  system_LPC407x_8x_177x_8x.o [1]
TIMER0_IRQHandler       0x00000895         Code  Wk  startup_LPC407x_8x_177x_8x.o [1]
TIMER1_IRQHandler       0x00000899         Code  Wk  startup_LPC407x_8x_177x_8x.o [1]
TIMER2_IRQHandler       0x0000089d         Code  Wk  startup_LPC407x_8x_177x_8x.o [1]
TIMER3_IRQHandler       0x000008a1         Code  Wk  startup_LPC407x_8x_177x_8x.o [1]
UART0_IRQHandler        0x000008a5         Code  Wk  startup_LPC407x_8x_177x_8x.o [1]
UART1_IRQHandler        0x000008a9         Code  Wk  startup_LPC407x_8x_177x_8x.o [1]
UART2_IRQHandler        0x000008ad         Code  Wk  startup_LPC407x_8x_177x_8x.o [1]
UART3_IRQHandler        0x000008b1         Code  Wk  startup_LPC407x_8x_177x_8x.o [1]
UART4_IRQHandler        0x00000919         Code  Wk  startup_LPC407x_8x_177x_8x.o [1]
USBActivity_IRQHandler  0x00000911         Code  Wk  startup_LPC407x_8x_177x_8x.o [1]
USBClock                0x1000000c    0x4  Data  Gb  system_LPC407x_8x_177x_8x.o [1]
USB_IRQHandler          0x000008ed         Code  Wk  startup_LPC407x_8x_177x_8x.o [1]
UsageFault_Handler      0x0000087d         Code  Wk  startup_LPC407x_8x_177x_8x.o [1]
WDT_IRQHandler          0x00000891         Code  Wk  startup_LPC407x_8x_177x_8x.o [1]
__Vectors               0x00000000          --   Gb  startup_LPC407x_8x_177x_8x.o [1]
__Vectors_End           0x000000e4         Data  Gb  startup_LPC407x_8x_177x_8x.o [1]
__Vectors_Size {Abs}    0x000000e4          --   Gb  startup_LPC407x_8x_177x_8x.o [1]
__cmain                 0x00000811         Code  Gb  cmain.o [4]
__exit                  0x0000083d   0x14  Code  Gb  exit.o [5]
__iar_SB                0x00000934         Data  Gb  bwt_init3c.o [4]
__iar_copy_init3        0x0000076f   0x2e  Code  Gb  copy_init3.o [4]
__iar_data_init3        0x0000079d   0x2c  Code  Gb  data_init3.o [4]
__iar_program_start     0x00000861         Code  Gb  cstartup_M.o [4]
__iar_zero_init3        0x000007c9   0x22  Code  Gb  zero_init3.o [4]
__low_level_init        0x00000827    0x4  Code  Gb  low_level_init.o [3]
__vector_table          0x00000000         Data  Gb  startup_LPC407x_8x_177x_8x.o [1]
__vector_table_0x1c     0x0000001c         Data  Gb  startup_LPC407x_8x_177x_8x.o [1]
_call_main              0x0000081d         Code  Gb  cmain.o [4]
_exit                   0x00000831         Code  Gb  cexit.o [4]
_main                   0x00000823         Code  Gb  cmain.o [4]
c_entry                 0x00000719   0x4c  Code  Gb  Gpio_LedBlinky.o [1]
exit                    0x0000082b    0x4  Code  Gb  exit.o [3]
main                    0x00000765    0xa  Code  Gb  Gpio_LedBlinky.o [1]


[1] = C:\MyProjects\LPC407x_8x\lpc407x_8x_177x_8x_Keil_IAR_M4_M3\lpc407x_8x_177x_8x_Keil\Examples\GPIO\GPIO_LedBlinky\EWARM\Flash_M3\Obj
[2] = command line
[3] = dl7M_tln.a
[4] = rt7M_tl.a
[5] = shb_l.a

  2 226 bytes of readonly  code memory
     54 bytes of readonly  data memory
  1 044 bytes of readwrite data memory

Errors: none
Warnings: none
