ARM Linker, 4.1 [Build 894] [Standard]

==============================================================================

Section Cross References

    startup_lpc407x_8x_177x_8x.o(RESET) refers to startup_lpc407x_8x_177x_8x.o(STACK) for __initial_sp
    startup_lpc407x_8x_177x_8x.o(RESET) refers to startup_lpc407x_8x_177x_8x.o(.text) for Reset_Handler
    startup_lpc407x_8x_177x_8x.o(RESET) refers to rtc_ev.o(.text) for RTC_IRQHandler
    startup_lpc407x_8x_177x_8x.o(.text) refers to system_lpc407x_8x_177x_8x.o(.text) for SystemInit
    startup_lpc407x_8x_177x_8x.o(.text) refers to entry.o(.ARM.Collect$$$$00000000) for __main
    system_lpc407x_8x_177x_8x.o(.text) refers to system_lpc407x_8x_177x_8x.o(.data) for SystemCoreClock
    debug_frmwrk.o(.text) refers to lpc_uart.o(.text) for UART_Send
    debug_frmwrk.o(.text) refers to debug_frmwrk.o(.constdata) for .constdata
    debug_frmwrk.o(.text) refers to lpc_pinsel.o(.text) for PINSEL_ConfigPin
    debug_frmwrk.o(.text) refers to debug_frmwrk.o(.data) for _db_msg
    lpc_clkpwr.o(.text) refers to system_lpc407x_8x_177x_8x.o(.text) for SystemCoreClockUpdate
    lpc_clkpwr.o(.text) refers to system_lpc407x_8x_177x_8x.o(.data) for SystemCoreClock
    lpc_uart.o(.text) refers to lpc_clkpwr.o(.text) for CLKPWR_GetCLK
    lpc_uart.o(.text) refers to llshl.o(.text) for __aeabi_llsl
    lpc_uart.o(.text) refers to uldiv.o(.text) for __aeabi_uldivmod
    lpc_uart.o(.text) refers to llushr.o(.text) for __aeabi_llsr
    lpc_rtc.o(.text) refers to lpc_clkpwr.o(.text) for CLKPWR_ConfigPPWR
    rtc_ev.o(.text) refers to lpc_rtc.o(.text) for RTC_GetIntPending
    rtc_ev.o(.text) refers to debug_frmwrk.o(.text) for debug_frmwrk_init
    rtc_ev.o(.text) refers to lpc_pinsel.o(.text) for PINSEL_ConfigPin
    rtc_ev.o(.text) refers to lpc_clkpwr.o(.text) for CLKPWR_Sleep
    rtc_ev.o(.text) refers to system_lpc407x_8x_177x_8x.o(.text) for SystemInit
    rtc_ev.o(.text) refers to rtc_ev.o(.data) for evt_cnt
    rtc_ev.o(.text) refers to rtc_ev.o(.bss) for FirstTimeStamp
    rtc_ev.o(.text) refers to debug_frmwrk.o(.data) for _db_msg
    entry.o(.ARM.Collect$$$$00000000) refers (Special) to entry7b.o(.ARM.Collect$$$$00000008) for _main_clock
    entry.o(.ARM.Collect$$$$00000000) refers (Special) to entry8.o(.ARM.Collect$$$$00000009) for _main_init
    entry.o(.ARM.Collect$$$$00000000) refers (Special) to entry5.o(.ARM.Collect$$$$00000004) for _main_scatterload
    entry.o(.ARM.Collect$$$$00000000) refers (Special) to entry2.o(.ARM.Collect$$$$00000001) for _main_stk
    uldiv.o(.text) refers to llushr.o(.text) for __aeabi_llsr
    uldiv.o(.text) refers to llshl.o(.text) for __aeabi_llsl
    entry2.o(.ARM.Collect$$$$00000001) refers to entry2.o(.ARM.Collect$$$$00002712) for __lit__00000000
    entry2.o(.ARM.Collect$$$$00002712) refers to startup_lpc407x_8x_177x_8x.o(STACK) for __initial_sp
    entry2.o(__vectab_stack_and_reset_area) refers to startup_lpc407x_8x_177x_8x.o(STACK) for __initial_sp
    entry2.o(__vectab_stack_and_reset_area) refers to entry.o(.ARM.Collect$$$$00000000) for __main
    entry5.o(.ARM.Collect$$$$00000004) refers to init.o(.text) for __scatterload
    entry8.o(.ARM.Collect$$$$00000009) refers to rtc_ev.o(.text) for main
    init.o(.text) refers to entry5.o(.ARM.Collect$$$$00000004) for __main_after_scatterload


==============================================================================

Removing Unused input sections from the image.

    Removing startup_lpc407x_8x_177x_8x.o(HEAP), (0 bytes).
    Removing system_lpc407x_8x_177x_8x.o(.emb_text), (8 bytes).
    Removing debug_frmwrk.o(.emb_text), (8 bytes).
    Removing lpc_clkpwr.o(.emb_text), (8 bytes).
    Removing lpc_clkpwr.o(.data), (4 bytes).
    Removing lpc_pinsel.o(.emb_text), (8 bytes).
    Removing lpc_uart.o(.emb_text), (8 bytes).
    Removing lpc_rtc.o(.emb_text), (8 bytes).
    Removing rtc_ev.o(.emb_text), (8 bytes).

9 unused section(s) (total 60 bytes) removed from the image.

==============================================================================

Image Symbol Table

    Local Symbols

    Symbol Name                              Value     Ov Type        Size  Object(Section)

    RESET                                    0x00000000   Section      228  startup_lpc407x_8x_177x_8x.o(RESET)
    ../../../cmprslib/zerorunl2.c            0x00000000   Number         0  __dczerorl2.o ABSOLUTE
    ../../microlib/division.c                0x00000000   Number         0  uldiv.o ABSOLUTE
    ../../microlib/init/entry.s              0x00000000   Number         0  entry.o ABSOLUTE
    ../../microlib/init/entry.s              0x00000000   Number         0  entry8.o ABSOLUTE
    ../../microlib/init/entry.s              0x00000000   Number         0  entry7b.o ABSOLUTE
    ../../microlib/init/entry.s              0x00000000   Number         0  entry7a.o ABSOLUTE
    ../../microlib/init/entry.s              0x00000000   Number         0  entry5.o ABSOLUTE
    ../../microlib/init/entry.s              0x00000000   Number         0  entry2.o ABSOLUTE
    ../../microlib/longlong.c                0x00000000   Number         0  llushr.o ABSOLUTE
    ../../microlib/longlong.c                0x00000000   Number         0  llshl.o ABSOLUTE
    ..\..\..\..\Core\Device\NXP\LPC407x_8x_177x_8x\Source\Templates\ARM\startup_LPC407x_8x_177x_8x.s 0x00000000   Number         0  startup_lpc407x_8x_177x_8x.o ABSOLUTE
    ..\..\..\..\Core\Device\NXP\LPC407x_8x_177x_8x\Source\Templates\system_LPC407x_8x_177x_8x.c 0x00000000   Number         0  system_lpc407x_8x_177x_8x.o ABSOLUTE
    ..\..\..\..\Drivers\source\debug_frmwrk.c 0x00000000   Number         0  debug_frmwrk.o ABSOLUTE
    ..\..\..\..\Drivers\source\lpc_clkpwr.c  0x00000000   Number         0  lpc_clkpwr.o ABSOLUTE
    ..\..\..\..\Drivers\source\lpc_pinsel.c  0x00000000   Number         0  lpc_pinsel.o ABSOLUTE
    ..\..\..\..\Drivers\source\lpc_rtc.c     0x00000000   Number         0  lpc_rtc.o ABSOLUTE
    ..\..\..\..\Drivers\source\lpc_uart.c    0x00000000   Number         0  lpc_uart.o ABSOLUTE
    ..\Rtc_EV.c                              0x00000000   Number         0  rtc_ev.o ABSOLUTE
    ..\\..\\..\\..\\Core\\Device\\NXP\\LPC407x_8x_177x_8x\\Source\\Templates\\system_LPC407x_8x_177x_8x.c 0x00000000   Number         0  system_lpc407x_8x_177x_8x.o ABSOLUTE
    ..\\..\\..\\..\\Drivers\\source\\debug_frmwrk.c 0x00000000   Number         0  debug_frmwrk.o ABSOLUTE
    ..\\..\\..\\..\\Drivers\\source\\lpc_clkpwr.c 0x00000000   Number         0  lpc_clkpwr.o ABSOLUTE
    ..\\..\\..\\..\\Drivers\\source\\lpc_pinsel.c 0x00000000   Number         0  lpc_pinsel.o ABSOLUTE
    ..\\..\\..\\..\\Drivers\\source\\lpc_rtc.c 0x00000000   Number         0  lpc_rtc.o ABSOLUTE
    ..\\..\\..\\..\\Drivers\\source\\lpc_uart.c 0x00000000   Number         0  lpc_uart.o ABSOLUTE
    ..\\Rtc_EV.c                             0x00000000   Number         0  rtc_ev.o ABSOLUTE
    dc.s                                     0x00000000   Number         0  dc.o ABSOLUTE
    handlers.s                               0x00000000   Number         0  handlers.o ABSOLUTE
    init.s                                   0x00000000   Number         0  init.o ABSOLUTE
    .ARM.Collect$$$$00000000                 0x000000e4   Section        0  entry.o(.ARM.Collect$$$$00000000)
    .ARM.Collect$$$$00000001                 0x000000e4   Section        4  entry2.o(.ARM.Collect$$$$00000001)
    .ARM.Collect$$$$00000004                 0x000000e8   Section        4  entry5.o(.ARM.Collect$$$$00000004)
    .ARM.Collect$$$$00000008                 0x000000ec   Section        0  entry7b.o(.ARM.Collect$$$$00000008)
    .ARM.Collect$$$$00000009                 0x000000ec   Section        8  entry8.o(.ARM.Collect$$$$00000009)
    .ARM.Collect$$$$00002712                 0x000000f4   Section        4  entry2.o(.ARM.Collect$$$$00002712)
    __lit__00000000                          0x000000f4   Data           4  entry2.o(.ARM.Collect$$$$00002712)
    .text                                    0x000000f8   Section       36  startup_lpc407x_8x_177x_8x.o(.text)
    .text                                    0x0000011c   Section        0  lpc_clkpwr.o(.text)
    .text                                    0x00000274   Section        0  uldiv.o(.text)
    .text                                    0x000002d6   Section        0  llshl.o(.text)
    i.__scatterload_null                     0x000002f4   Section        2  handlers.o(i.__scatterload_null)
    .ARM.__at_0x02FC                         0x000002fc   Section        4  startup_lpc407x_8x_177x_8x.o(.ARM.__at_0x02FC)
    .text                                    0x00000300   Section        0  system_lpc407x_8x_177x_8x.o(.text)
    .text                                    0x000006c4   Section        0  debug_frmwrk.o(.text)
    .text                                    0x00000d90   Section        0  lpc_pinsel.o(.text)
    PIN_GetPointer                           0x00000d91   Thumb Code    18  lpc_pinsel.o(.text)
    .text                                    0x000011e0   Section        0  lpc_uart.o(.text)
    uart_get_pointer                         0x000011e1   Thumb Code    34  lpc_uart.o(.text)
    uart_set_divisors                        0x00001203   Thumb Code   552  lpc_uart.o(.text)
    .text                                    0x00001f9c   Section        0  lpc_rtc.o(.text)
    .text                                    0x00002974   Section        0  rtc_ev.o(.text)
    .text                                    0x00002e24   Section        0  llushr.o(.text)
    .text                                    0x00002e44   Section       36  init.o(.text)
    .text                                    0x00002e68   Section        0  __dczerorl2.o(.text)
    i.__scatterload_copy                     0x00002ec4   Section       14  handlers.o(i.__scatterload_copy)
    i.__scatterload_zeroinit                 0x00002ed2   Section       14  handlers.o(i.__scatterload_zeroinit)
    .constdata                               0x00002ee0   Section       89  debug_frmwrk.o(.constdata)
    .data                                    0x10000000   Section       16  system_lpc407x_8x_177x_8x.o(.data)
    .data                                    0x10000010   Section       60  debug_frmwrk.o(.data)
    .data                                    0x1000004c   Section      482  rtc_ev.o(.data)
    .bss                                     0x10000230   Section       32  rtc_ev.o(.bss)
    STACK                                    0x10000250   Section     1024  startup_lpc407x_8x_177x_8x.o(STACK)

    Global Symbols

    Symbol Name                              Value     Ov Type        Size  Object(Section)

    BuildAttributes$$THM_ISAv4$P$D$K$B$S$PE$A:L22UL41UL21$X:L11$S22US41US21$IEEE1$IW$USESV6$~STKCKD$USESV7$~SHL$OSPACE$EBA8$MICROLIB$REQ8$PRES8$EABIv2 0x00000000   Number         0  anon$$obj.o ABSOLUTE
    __ARM_use_no_argv                        0x00000000   Number         0  rtc_ev.o ABSOLUTE
    __Vectors                                0x00000000   Data           4  startup_lpc407x_8x_177x_8x.o(RESET)
    _clock_init                               - Undefined Weak Reference
    __main                                   0x000000e5   Thumb Code     0  entry.o(.ARM.Collect$$$$00000000)
    _main_stk                                0x000000e5   Thumb Code     0  entry2.o(.ARM.Collect$$$$00000001)
    _main_scatterload                        0x000000e9   Thumb Code     0  entry5.o(.ARM.Collect$$$$00000004)
    __main_after_scatterload                 0x000000ed   Thumb Code     0  entry5.o(.ARM.Collect$$$$00000004)
    _main_clock                              0x000000ed   Thumb Code     0  entry7b.o(.ARM.Collect$$$$00000008)
    _main_init                               0x000000ed   Thumb Code     0  entry8.o(.ARM.Collect$$$$00000009)
    Reset_Handler                            0x000000f9   Thumb Code     8  startup_lpc407x_8x_177x_8x.o(.text)
    NMI_Handler                              0x00000101   Thumb Code     2  startup_lpc407x_8x_177x_8x.o(.text)
    HardFault_Handler                        0x00000103   Thumb Code     2  startup_lpc407x_8x_177x_8x.o(.text)
    MemManage_Handler                        0x00000105   Thumb Code     2  startup_lpc407x_8x_177x_8x.o(.text)
    BusFault_Handler                         0x00000107   Thumb Code     2  startup_lpc407x_8x_177x_8x.o(.text)
    UsageFault_Handler                       0x00000109   Thumb Code     2  startup_lpc407x_8x_177x_8x.o(.text)
    SVC_Handler                              0x0000010b   Thumb Code     2  startup_lpc407x_8x_177x_8x.o(.text)
    DebugMon_Handler                         0x0000010d   Thumb Code     2  startup_lpc407x_8x_177x_8x.o(.text)
    PendSV_Handler                           0x0000010f   Thumb Code     2  startup_lpc407x_8x_177x_8x.o(.text)
    SysTick_Handler                          0x00000111   Thumb Code     2  startup_lpc407x_8x_177x_8x.o(.text)
    ADC_IRQHandler                           0x00000113   Thumb Code     0  startup_lpc407x_8x_177x_8x.o(.text)
    BOD_IRQHandler                           0x00000113   Thumb Code     0  startup_lpc407x_8x_177x_8x.o(.text)
    CANActivity_IRQHandler                   0x00000113   Thumb Code     0  startup_lpc407x_8x_177x_8x.o(.text)
    CAN_IRQHandler                           0x00000113   Thumb Code     0  startup_lpc407x_8x_177x_8x.o(.text)
    DMA_IRQHandler                           0x00000113   Thumb Code     0  startup_lpc407x_8x_177x_8x.o(.text)
    EEPROM_IRQHandler                        0x00000113   Thumb Code     0  startup_lpc407x_8x_177x_8x.o(.text)
    EINT0_IRQHandler                         0x00000113   Thumb Code     0  startup_lpc407x_8x_177x_8x.o(.text)
    EINT1_IRQHandler                         0x00000113   Thumb Code     0  startup_lpc407x_8x_177x_8x.o(.text)
    EINT2_IRQHandler                         0x00000113   Thumb Code     0  startup_lpc407x_8x_177x_8x.o(.text)
    EINT3_IRQHandler                         0x00000113   Thumb Code     0  startup_lpc407x_8x_177x_8x.o(.text)
    ENET_IRQHandler                          0x00000113   Thumb Code     0  startup_lpc407x_8x_177x_8x.o(.text)
    GPIO_IRQHandler                          0x00000113   Thumb Code     0  startup_lpc407x_8x_177x_8x.o(.text)
    I2C0_IRQHandler                          0x00000113   Thumb Code     0  startup_lpc407x_8x_177x_8x.o(.text)
    I2C1_IRQHandler                          0x00000113   Thumb Code     0  startup_lpc407x_8x_177x_8x.o(.text)
    I2C2_IRQHandler                          0x00000113   Thumb Code     0  startup_lpc407x_8x_177x_8x.o(.text)
    I2S_IRQHandler                           0x00000113   Thumb Code     0  startup_lpc407x_8x_177x_8x.o(.text)
    LCD_IRQHandler                           0x00000113   Thumb Code     0  startup_lpc407x_8x_177x_8x.o(.text)
    MCI_IRQHandler                           0x00000113   Thumb Code     0  startup_lpc407x_8x_177x_8x.o(.text)
    MCPWM_IRQHandler                         0x00000113   Thumb Code     0  startup_lpc407x_8x_177x_8x.o(.text)
    PLL0_IRQHandler                          0x00000113   Thumb Code     0  startup_lpc407x_8x_177x_8x.o(.text)
    PLL1_IRQHandler                          0x00000113   Thumb Code     0  startup_lpc407x_8x_177x_8x.o(.text)
    PWM0_IRQHandler                          0x00000113   Thumb Code     0  startup_lpc407x_8x_177x_8x.o(.text)
    PWM1_IRQHandler                          0x00000113   Thumb Code     0  startup_lpc407x_8x_177x_8x.o(.text)
    QEI_IRQHandler                           0x00000113   Thumb Code     0  startup_lpc407x_8x_177x_8x.o(.text)
    SSP0_IRQHandler                          0x00000113   Thumb Code     0  startup_lpc407x_8x_177x_8x.o(.text)
    SSP1_IRQHandler                          0x00000113   Thumb Code     0  startup_lpc407x_8x_177x_8x.o(.text)
    SSP2_IRQHandler                          0x00000113   Thumb Code     0  startup_lpc407x_8x_177x_8x.o(.text)
    TIMER0_IRQHandler                        0x00000113   Thumb Code     0  startup_lpc407x_8x_177x_8x.o(.text)
    TIMER1_IRQHandler                        0x00000113   Thumb Code     0  startup_lpc407x_8x_177x_8x.o(.text)
    TIMER2_IRQHandler                        0x00000113   Thumb Code     0  startup_lpc407x_8x_177x_8x.o(.text)
    TIMER3_IRQHandler                        0x00000113   Thumb Code     0  startup_lpc407x_8x_177x_8x.o(.text)
    UART0_IRQHandler                         0x00000113   Thumb Code     0  startup_lpc407x_8x_177x_8x.o(.text)
    UART1_IRQHandler                         0x00000113   Thumb Code     0  startup_lpc407x_8x_177x_8x.o(.text)
    UART2_IRQHandler                         0x00000113   Thumb Code     0  startup_lpc407x_8x_177x_8x.o(.text)
    UART3_IRQHandler                         0x00000113   Thumb Code     0  startup_lpc407x_8x_177x_8x.o(.text)
    UART4_IRQHandler                         0x00000113   Thumb Code     0  startup_lpc407x_8x_177x_8x.o(.text)
    USBActivity_IRQHandler                   0x00000113   Thumb Code     0  startup_lpc407x_8x_177x_8x.o(.text)
    USB_IRQHandler                           0x00000113   Thumb Code     0  startup_lpc407x_8x_177x_8x.o(.text)
    WDT_IRQHandler                           0x00000113   Thumb Code     0  startup_lpc407x_8x_177x_8x.o(.text)
    CLKPWR_SetCLKDiv                         0x0000011d   Thumb Code   154  lpc_clkpwr.o(.text)
    CLKPWR_GetCLK                            0x000001b7   Thumb Code    46  lpc_clkpwr.o(.text)
    CLKPWR_ConfigPPWR                        0x000001e5   Thumb Code    38  lpc_clkpwr.o(.text)
    CLKPWR_Sleep                             0x0000020b   Thumb Code    10  lpc_clkpwr.o(.text)
    CLKPWR_DeepSleep                         0x00000215   Thumb Code    16  lpc_clkpwr.o(.text)
    CLKPWR_PowerDown                         0x00000225   Thumb Code    16  lpc_clkpwr.o(.text)
    CLKPWR_DeepPowerDown                     0x00000235   Thumb Code    16  lpc_clkpwr.o(.text)
    __aeabi_uldivmod                         0x00000275   Thumb Code    98  uldiv.o(.text)
    __aeabi_llsl                             0x000002d7   Thumb Code    30  llshl.o(.text)
    _ll_shift_l                              0x000002d7   Thumb Code     0  llshl.o(.text)
    __scatterload_null                       0x000002f5   Thumb Code     2  handlers.o(i.__scatterload_null)
    SystemCoreClockUpdate                    0x00000301   Thumb Code   664  system_lpc407x_8x_177x_8x.o(.text)
    SystemInit                               0x00000599   Thumb Code   206  system_lpc407x_8x_177x_8x.o(.text)
    UARTPutChar                              0x000006c5   Thumb Code    18  debug_frmwrk.o(.text)
    UARTGetChar                              0x000006d7   Thumb Code    26  debug_frmwrk.o(.text)
    UARTGetCharInNonBlock                    0x000006f1   Thumb Code    34  debug_frmwrk.o(.text)
    UARTPuts                                 0x00000713   Thumb Code    28  debug_frmwrk.o(.text)
    UARTGetValue                             0x0000072f   Thumb Code   348  debug_frmwrk.o(.text)
    UARTPuts_                                0x0000088b   Thumb Code    24  debug_frmwrk.o(.text)
    UARTPutDec                               0x000008a3   Thumb Code    96  debug_frmwrk.o(.text)
    UARTPutDec16                             0x00000903   Thumb Code   160  debug_frmwrk.o(.text)
    UARTPutDec32                             0x000009a3   Thumb Code   280  debug_frmwrk.o(.text)
    UARTPutHex_                              0x00000abb   Thumb Code    58  debug_frmwrk.o(.text)
    UARTPutHex                               0x00000af5   Thumb Code    66  debug_frmwrk.o(.text)
    UARTPutHex16_                            0x00000b37   Thumb Code    58  debug_frmwrk.o(.text)
    UARTPutHex16                             0x00000b71   Thumb Code    66  debug_frmwrk.o(.text)
    UARTPutHex32_                            0x00000bb3   Thumb Code   182  debug_frmwrk.o(.text)
    UARTPutHex32                             0x00000c69   Thumb Code    68  debug_frmwrk.o(.text)
    debug_frmwrk_init                        0x00000cad   Thumb Code   166  debug_frmwrk.o(.text)
    PINSEL_GetPinType                        0x00000da3   Thumb Code   164  lpc_pinsel.o(.text)
    PINSEL_ConfigPin                         0x00000e47   Thumb Code    66  lpc_pinsel.o(.text)
    PINSEL_SetPinMode                        0x00000e89   Thumb Code    82  lpc_pinsel.o(.text)
    PINSEL_SetHysMode                        0x00000edb   Thumb Code    78  lpc_pinsel.o(.text)
    PINSEL_SetInvertInput                    0x00000f29   Thumb Code    76  lpc_pinsel.o(.text)
    PINSEL_SetSlewMode                       0x00000f75   Thumb Code    78  lpc_pinsel.o(.text)
    PINSEL_SetI2CFilter                      0x00000fc3   Thumb Code    76  lpc_pinsel.o(.text)
    PINSEL_SetI2CMode                        0x0000100f   Thumb Code   136  lpc_pinsel.o(.text)
    PINSEL_SetOpenDrainMode                  0x00001097   Thumb Code    82  lpc_pinsel.o(.text)
    PINSEL_SetAnalogPinMode                  0x000010e9   Thumb Code    76  lpc_pinsel.o(.text)
    PINSEL_DacEnable                         0x00001135   Thumb Code    88  lpc_pinsel.o(.text)
    PINSEL_SetFilter                         0x0000118d   Thumb Code    80  lpc_pinsel.o(.text)
    UART_Init                                0x0000142b   Thumb Code   550  lpc_uart.o(.text)
    UART_TxCmd                               0x00001651   Thumb Code   128  lpc_uart.o(.text)
    UART_DeInit                              0x000016d1   Thumb Code    82  lpc_uart.o(.text)
    UART_ConfigStructInit                    0x00001723   Thumb Code    18  lpc_uart.o(.text)
    UART_SendByte                            0x00001735   Thumb Code    48  lpc_uart.o(.text)
    UART_ReceiveByte                         0x00001765   Thumb Code    52  lpc_uart.o(.text)
    UART_Send                                0x00001799   Thumb Code   224  lpc_uart.o(.text)
    UART_Receive                             0x00001879   Thumb Code   186  lpc_uart.o(.text)
    UART_ForceBreak                          0x00001933   Thumb Code    88  lpc_uart.o(.text)
    UART_IntConfig                           0x0000198b   Thumb Code   178  lpc_uart.o(.text)
    UART_GetLineStatus                       0x00001a3d   Thumb Code    52  lpc_uart.o(.text)
    UART_GetIntId                            0x00001a71   Thumb Code    80  lpc_uart.o(.text)
    UART_CheckBusy                           0x00001ac1   Thumb Code    84  lpc_uart.o(.text)
    UART_FIFOConfig                          0x00001b15   Thumb Code   152  lpc_uart.o(.text)
    UART_FIFOConfigStructInit                0x00001bad   Thumb Code    14  lpc_uart.o(.text)
    UART_ABCmd                               0x00001bbb   Thumb Code   210  lpc_uart.o(.text)
    UART_ABClearIntPending                   0x00001c8d   Thumb Code    56  lpc_uart.o(.text)
    UART_IrDAInvtInputCmd                    0x00001cc5   Thumb Code    42  lpc_uart.o(.text)
    UART_IrDACmd                             0x00001cef   Thumb Code    40  lpc_uart.o(.text)
    UART_IrDAPulseDivConfig                  0x00001d17   Thumb Code    38  lpc_uart.o(.text)
    UART_FullModemForcePinState              0x00001d3d   Thumb Code    64  lpc_uart.o(.text)
    UART_FullModemConfigMode                 0x00001d7d   Thumb Code    72  lpc_uart.o(.text)
    UART_FullModemGetStatus                  0x00001dc5   Thumb Code    16  lpc_uart.o(.text)
    UART_RS485Config                         0x00001dd5   Thumb Code   204  lpc_uart.o(.text)
    UART_RS485ReceiverCmd                    0x00001ea1   Thumb Code    64  lpc_uart.o(.text)
    UART_RS485Send                           0x00001ee1   Thumb Code   138  lpc_uart.o(.text)
    UART_RS485SendSlvAddr                    0x00001f6b   Thumb Code    18  lpc_uart.o(.text)
    UART_RS485SendData                       0x00001f7d   Thumb Code    22  lpc_uart.o(.text)
    RTC_Init                                 0x00001f9d   Thumb Code    30  lpc_rtc.o(.text)
    RTC_DeInit                               0x00001fbb   Thumb Code    20  lpc_rtc.o(.text)
    RTC_ResetClockTickCounter                0x00001fcf   Thumb Code    18  lpc_rtc.o(.text)
    RTC_Cmd                                  0x00001fe1   Thumb Code    24  lpc_rtc.o(.text)
    RTC_CntIncrIntConfig                     0x00001ff9   Thumb Code   202  lpc_rtc.o(.text)
    RTC_AlarmIntConfig                       0x000020c3   Thumb Code   202  lpc_rtc.o(.text)
    RTC_SetTime                              0x0000218d   Thumb Code   138  lpc_rtc.o(.text)
    RTC_GetTime                              0x00002217   Thumb Code    98  lpc_rtc.o(.text)
    RTC_SetFullTime                          0x00002279   Thumb Code    74  lpc_rtc.o(.text)
    RTC_GetFullTime                          0x000022c3   Thumb Code    74  lpc_rtc.o(.text)
    RTC_SetAlarmTime                         0x0000230d   Thumb Code   142  lpc_rtc.o(.text)
    RTC_GetAlarmTime                         0x0000239b   Thumb Code   102  lpc_rtc.o(.text)
    RTC_SetFullAlarmTime                     0x00002401   Thumb Code    74  lpc_rtc.o(.text)
    RTC_GetFullAlarmTime                     0x0000244b   Thumb Code    74  lpc_rtc.o(.text)
    RTC_GetIntPending                        0x00002495   Thumb Code    16  lpc_rtc.o(.text)
    RTC_ClearIntPending                      0x000024a5   Thumb Code     8  lpc_rtc.o(.text)
    RTC_CalibCounterCmd                      0x000024ad   Thumb Code    24  lpc_rtc.o(.text)
    RTC_CalibConfig                          0x000024c5   Thumb Code    24  lpc_rtc.o(.text)
    RTC_WriteGPREG                           0x000024dd   Thumb Code    14  lpc_rtc.o(.text)
    RTC_ReadGPREG                            0x000024eb   Thumb Code    16  lpc_rtc.o(.text)
    RTC_ER_InitConfigStruct                  0x000024fb   Thumb Code    46  lpc_rtc.o(.text)
    RTC_ER_Init                              0x00002529   Thumb Code   430  lpc_rtc.o(.text)
    RTC_ER_Cmd                               0x000026d7   Thumb Code   126  lpc_rtc.o(.text)
    RTC_ER_GetEventCount                     0x00002755   Thumb Code    52  lpc_rtc.o(.text)
    RTC_ER_GetStatus                         0x00002789   Thumb Code     6  lpc_rtc.o(.text)
    RTC_ER_ClearStatus                       0x0000278f   Thumb Code    16  lpc_rtc.o(.text)
    RTC_ER_WakupReqPending                   0x0000279f   Thumb Code    18  lpc_rtc.o(.text)
    RTC_ER_GPCleared                         0x000027b1   Thumb Code    18  lpc_rtc.o(.text)
    RTC_ER_GetFirstTimeStamp                 0x000027c3   Thumb Code   196  lpc_rtc.o(.text)
    RTC_ER_GetLastTimeStamp                  0x00002887   Thumb Code   232  lpc_rtc.o(.text)
    RTC_IRQHandler                           0x00002975   Thumb Code    60  rtc_ev.o(.text)
    print_menu                               0x000029b1   Thumb Code    14  rtc_ev.o(.text)
    SetSystemTime                            0x000029bf   Thumb Code   304  rtc_ev.o(.text)
    c_entry                                  0x00002aef   Thumb Code   542  rtc_ev.o(.text)
    main                                     0x00002d0d   Thumb Code     4  rtc_ev.o(.text)
    __aeabi_llsr                             0x00002e25   Thumb Code    32  llushr.o(.text)
    _ll_ushift_r                             0x00002e25   Thumb Code     0  llushr.o(.text)
    __scatterload                            0x00002e45   Thumb Code    28  init.o(.text)
    __scatterload_rt2                        0x00002e45   Thumb Code     0  init.o(.text)
    __decompress                             0x00002e69   Thumb Code     0  __dczerorl2.o(.text)
    __decompress1                            0x00002e69   Thumb Code    92  __dczerorl2.o(.text)
    __scatterload_copy                       0x00002ec5   Thumb Code    14  handlers.o(i.__scatterload_copy)
    __scatterload_zeroinit                   0x00002ed3   Thumb Code    14  handlers.o(i.__scatterload_zeroinit)
    Region$$Table$$Base                      0x00002f3c   Number         0  anon$$obj.o(Region$$Table)
    Region$$Table$$Limit                     0x00002f5c   Number         0  anon$$obj.o(Region$$Table)
    SystemCoreClock                          0x10000000   Data           4  system_lpc407x_8x_177x_8x.o(.data)
    PeripheralClock                          0x10000004   Data           4  system_lpc407x_8x_177x_8x.o(.data)
    EMCClock                                 0x10000008   Data           4  system_lpc407x_8x_177x_8x.o(.data)
    USBClock                                 0x1000000c   Data           4  system_lpc407x_8x_177x_8x.o(.data)
    _db_msg                                  0x10000010   Data           4  debug_frmwrk.o(.data)
    _db_msg_                                 0x10000014   Data           4  debug_frmwrk.o(.data)
    _db_char                                 0x10000018   Data           4  debug_frmwrk.o(.data)
    _db_dec                                  0x1000001c   Data           4  debug_frmwrk.o(.data)
    _db_dec_16                               0x10000020   Data           4  debug_frmwrk.o(.data)
    _db_dec_32                               0x10000024   Data           4  debug_frmwrk.o(.data)
    _db_hex                                  0x10000028   Data           4  debug_frmwrk.o(.data)
    _db_hex_16                               0x1000002c   Data           4  debug_frmwrk.o(.data)
    _db_hex_32                               0x10000030   Data           4  debug_frmwrk.o(.data)
    _db_hex_                                 0x10000034   Data           4  debug_frmwrk.o(.data)
    _db_hex_16_                              0x10000038   Data           4  debug_frmwrk.o(.data)
    _db_hex_32_                              0x1000003c   Data           4  debug_frmwrk.o(.data)
    _db_get_char                             0x10000040   Data           4  debug_frmwrk.o(.data)
    _db_get_char_nonblocking                 0x10000044   Data           4  debug_frmwrk.o(.data)
    _db_get_val                              0x10000048   Data           4  debug_frmwrk.o(.data)
    menu1                                    0x1000004c   Data         481  rtc_ev.o(.data)
    evt_cnt                                  0x1000022d   Data           1  rtc_ev.o(.data)
    FirstTimeStamp                           0x10000230   Data          16  rtc_ev.o(.bss)
    LastTimeStamp                            0x10000240   Data          16  rtc_ev.o(.bss)
    __initial_sp                             0x10000650   Data           0  startup_lpc407x_8x_177x_8x.o(STACK)



==============================================================================

Memory Map of the image

  Image Entry point : 0x000000e5

  Load Region LR_IROM1 (Base: 0x00000000, Size: 0x0000318c, Max: 0x00080000, ABSOLUTE, COMPRESSED[0x00003054])

    Execution Region ER_IROM1 (Base: 0x00000000, Size: 0x00002f5c, Max: 0x00080000, ABSOLUTE)

    Base Addr    Size         Type   Attr      Idx    E Section Name        Object

    0x00000000   0x000000e4   Data   RO            3    RESET               startup_lpc407x_8x_177x_8x.o
    0x000000e4   0x00000000   Code   RO          195  * .ARM.Collect$$$$00000000  mc_w.l(entry.o)
    0x000000e4   0x00000004   Code   RO          204    .ARM.Collect$$$$00000001  mc_w.l(entry2.o)
    0x000000e8   0x00000004   Code   RO          207    .ARM.Collect$$$$00000004  mc_w.l(entry5.o)
    0x000000ec   0x00000000   Code   RO          209    .ARM.Collect$$$$00000008  mc_w.l(entry7b.o)
    0x000000ec   0x00000008   Code   RO          210    .ARM.Collect$$$$00000009  mc_w.l(entry8.o)
    0x000000f4   0x00000004   Code   RO          205    .ARM.Collect$$$$00002712  mc_w.l(entry2.o)
    0x000000f8   0x00000024   Code   RO            5    .text               startup_lpc407x_8x_177x_8x.o
    0x0000011c   0x00000158   Code   RO           95    .text               lpc_clkpwr.o
    0x00000274   0x00000062   Code   RO          198    .text               mc_w.l(uldiv.o)
    0x000002d6   0x0000001e   Code   RO          200    .text               mc_w.l(llshl.o)
    0x000002f4   0x00000002   Code   RO          216    i.__scatterload_null  mc_w.l(handlers.o)
    0x000002f6   0x00000006   PAD
    0x000002fc   0x00000004   Code   RO            4    .ARM.__at_0x02FC    startup_lpc407x_8x_177x_8x.o
    0x00000300   0x000003c4   Code   RO           14    .text               system_lpc407x_8x_177x_8x.o
    0x000006c4   0x000006cc   Code   RO           56    .text               debug_frmwrk.o
    0x00000d90   0x00000450   Code   RO          117    .text               lpc_pinsel.o
    0x000011e0   0x00000dbc   Code   RO          133    .text               lpc_uart.o
    0x00001f9c   0x000009d8   Code   RO          149    .text               lpc_rtc.o
    0x00002974   0x000004b0   Code   RO          168    .text               rtc_ev.o
    0x00002e24   0x00000020   Code   RO          202    .text               mc_w.l(llushr.o)
    0x00002e44   0x00000024   Code   RO          211    .text               mc_w.l(init.o)
    0x00002e68   0x0000005c   Code   RO          221    .text               mc_w.l(__dczerorl2.o)
    0x00002ec4   0x0000000e   Code   RO          215    i.__scatterload_copy  mc_w.l(handlers.o)
    0x00002ed2   0x0000000e   Code   RO          217    i.__scatterload_zeroinit  mc_w.l(handlers.o)
    0x00002ee0   0x00000059   Data   RO           57    .constdata          debug_frmwrk.o
    0x00002f39   0x00000003   PAD
    0x00002f3c   0x00000020   Data   RO          213    Region$$Table       anon$$obj.o


    Execution Region RW_IRAM1 (Base: 0x10000000, Size: 0x00000650, Max: 0x00010000, ABSOLUTE, COMPRESSED[0x000000f8])

    Base Addr    Size         Type   Attr      Idx    E Section Name        Object

    0x10000000   0x00000010   Data   RW           15    .data               system_lpc407x_8x_177x_8x.o
    0x10000010   0x0000003c   Data   RW           58    .data               debug_frmwrk.o
    0x1000004c   0x000001e2   Data   RW          170    .data               rtc_ev.o
    0x1000022e   0x00000002   PAD
    0x10000230   0x00000020   Zero   RW          169    .bss                rtc_ev.o
    0x10000250   0x00000400   Zero   RW            1    STACK               startup_lpc407x_8x_177x_8x.o


    Execution Region RW_IRAM2 (Base: 0x20000000, Size: 0x00000000, Max: 0x00008000, ABSOLUTE)

    **** No section assigned to this execution region ****


==============================================================================

Image component sizes


      Code (inc. data)   RO Data    RW Data    ZI Data      Debug   Object Name

      1740        198         89         60          0      17331   debug_frmwrk.o
       344         48          0          0          0       1623   lpc_clkpwr.o
      1104         18          0          0          0       6358   lpc_pinsel.o
      2520        106          0          0          0      12448   lpc_rtc.o
      3516        156          0          0          0      12053   lpc_uart.o
      1200        276          0        482         32      20555   rtc_ev.o
        40         12        228          0       1024       1184   startup_lpc407x_8x_177x_8x.o
       964         94          0         16          0      28363   system_lpc407x_8x_177x_8x.o

    ----------------------------------------------------------------------
     11428        908        352        560       1056      99915   Object Totals
         0          0         32          0          0          0   (incl. Generated)
         0          0          3          2          0          0   (incl. Padding)

    ----------------------------------------------------------------------

      Code (inc. data)   RO Data    RW Data    ZI Data      Debug   Library Member Name

        92          0          0          0          0          0   __dczerorl2.o
         0          0          0          0          0          0   entry.o
         8          4          0          0          0          0   entry2.o
         4          0          0          0          0          0   entry5.o
         0          0          0          0          0          0   entry7b.o
         8          4          0          0          0          0   entry8.o
        30          0          0          0          0          0   handlers.o
        36          8          0          0          0         68   init.o
        30          0          0          0          0         68   llshl.o
        32          0          0          0          0         68   llushr.o
        98          0          0          0          0         92   uldiv.o

    ----------------------------------------------------------------------
       344         16          0          0          0        296   Library Totals
         6          0          0          0          0          0   (incl. Padding)

    ----------------------------------------------------------------------

      Code (inc. data)   RO Data    RW Data    ZI Data      Debug   Library Name

       338         16          0          0          0        296   mc_w.l

    ----------------------------------------------------------------------
       344         16          0          0          0        296   Library Totals

    ----------------------------------------------------------------------

==============================================================================


      Code (inc. data)   RO Data    RW Data    ZI Data      Debug   

     11772        924        352        560       1056      99587   Grand Totals
     11772        924        352        248       1056      99587   ELF Image Totals (compressed)
     11772        924        352        248          0          0   ROM Totals

==============================================================================

    Total RO  Size (Code + RO Data)                12124 (  11.84kB)
    Total RW  Size (RW Data + ZI Data)              1616 (   1.58kB)
    Total ROM Size (Code + RO Data + RW Data)      12372 (  12.08kB)

==============================================================================

