###############################################################################
#                                                                             #
# IAR ELF Linker V6.30.6.53336/W32 for ARM              15/May/2012  14:51:47 #
# Copyright 2007-2012 IAR Systems AB.                                         #
#                                                                             #
#    Output file  =  C:\MyProjects\LPC407x_8x\lpc407x_8x_177x_8x_Keil_IAR_M4_ #
#                    M3_release\lpc407x_8x_177x_8x_Keil\Examples\RTC\Rtc_Ev\E #
#                    WARM\Flash\Exe\Rtc_EV.out.tmp                            #
#    Map file     =  C:\MyProjects\LPC407x_8x\lpc407x_8x_177x_8x_Keil_IAR_M4_ #
#                    M3_release\lpc407x_8x_177x_8x_Keil\Examples\RTC\Rtc_Ev\E #
#                    WARM\Flash\List\Rtc_EV.map                               #
#    Command line =  C:\MyProjects\LPC407x_8x\lpc407x_8x_177x_8x_Keil_IAR_M4_ #
#                    M3_release\lpc407x_8x_177x_8x_Keil\Examples\RTC\Rtc_Ev\E #
#                    WARM\Flash\Obj\Rtc_EV.o C:\MyProjects\LPC407x_8x\lpc407x #
#                    _8x_177x_8x_Keil_IAR_M4_M3_release\lpc407x_8x_177x_8x_Ke #
#                    il\Examples\RTC\Rtc_Ev\EWARM\Flash\Obj\debug_frmwrk.o    #
#                    C:\MyProjects\LPC407x_8x\lpc407x_8x_177x_8x_Keil_IAR_M4_ #
#                    M3_release\lpc407x_8x_177x_8x_Keil\Examples\RTC\Rtc_Ev\E #
#                    WARM\Flash\Obj\lpc_clkpwr.o                              #
#                    C:\MyProjects\LPC407x_8x\lpc407x_8x_177x_8x_Keil_IAR_M4_ #
#                    M3_release\lpc407x_8x_177x_8x_Keil\Examples\RTC\Rtc_Ev\E #
#                    WARM\Flash\Obj\lpc_pinsel.o                              #
#                    C:\MyProjects\LPC407x_8x\lpc407x_8x_177x_8x_Keil_IAR_M4_ #
#                    M3_release\lpc407x_8x_177x_8x_Keil\Examples\RTC\Rtc_Ev\E #
#                    WARM\Flash\Obj\lpc_rtc.o C:\MyProjects\LPC407x_8x\lpc407 #
#                    x_8x_177x_8x_Keil_IAR_M4_M3_release\lpc407x_8x_177x_8x_K #
#                    eil\Examples\RTC\Rtc_Ev\EWARM\Flash\Obj\lpc_uart.o       #
#                    C:\MyProjects\LPC407x_8x\lpc407x_8x_177x_8x_Keil_IAR_M4_ #
#                    M3_release\lpc407x_8x_177x_8x_Keil\Examples\RTC\Rtc_Ev\E #
#                    WARM\Flash\Obj\startup_LPC407x_8x_177x_8x.o              #
#                    C:\MyProjects\LPC407x_8x\lpc407x_8x_177x_8x_Keil_IAR_M4_ #
#                    M3_release\lpc407x_8x_177x_8x_Keil\Examples\RTC\Rtc_Ev\E #
#                    WARM\Flash\Obj\system_LPC407x_8x_177x_8x.o --redirect    #
#                    _Printf=_PrintfFull --redirect _Scanf=_ScanfFull -o      #
#                    C:\MyProjects\LPC407x_8x\lpc407x_8x_177x_8x_Keil_IAR_M4_ #
#                    M3_release\lpc407x_8x_177x_8x_Keil\Examples\RTC\Rtc_Ev\E #
#                    WARM\Flash\Exe\Rtc_EV.out.tmp --map                      #
#                    C:\MyProjects\LPC407x_8x\lpc407x_8x_177x_8x_Keil_IAR_M4_ #
#                    M3_release\lpc407x_8x_177x_8x_Keil\Examples\RTC\Rtc_Ev\E #
#                    WARM\Flash\List\Rtc_EV.map --config                      #
#                    C:\MyProjects\LPC407x_8x\lpc407x_8x_177x_8x_Keil_IAR_M4_ #
#                    M3_release\lpc407x_8x_177x_8x_Keil\Examples\RTC\Rtc_Ev\E #
#                    WARM\..\..\..\..\makesection\makerule\linker\ldscript_ir #
#                    om_iar.icf --semihosting --entry __iar_program_start     #
#                    --vfe                                                    #
#                                                                             #
#                                                                             #
###############################################################################

*******************************************************************************
*** RUNTIME MODEL ATTRIBUTES
***

CppFlavor       = *
__SystemLibrary = DLib


*******************************************************************************
*** PLACEMENT SUMMARY
***

"A1":  place at 0x00000000 { section .intvec };
"A2":  place at 0x000002fc { section CRPKEY };
"P1":  place in [from 0x00000000 to 0x0007ffff] { ro };
"P2":  place in [from 0x10000000 to 0x1000ffff] { rw, block CSTACK, block HEAP };

  Section            Kind        Address    Size  Object
  -------            ----        -------    ----  ------
"A1":                                       0xe4
  .intvec            ro code  0x00000000    0xe4  startup_LPC407x_8x_177x_8x.o [1]
                            - 0x000000e4    0xe4

"P1", part 1 of 2:                         0x1f8
  Initializer bytes  ro data  0x000000e4   0x1f5  <for P2 s0>
                            - 0x000002d9   0x1f5

"A2":                                        0x4
  CRPKEY             ro code  0x000002fc     0x4  startup_LPC407x_8x_177x_8x.o [1]
                            - 0x00000300     0x4

"P1", part 2 of 2:                        0x2420
  .text              ro code  0x00000300   0x82c  lpc_uart.o [1]
  .text              ro code  0x00000b2c    0x9c  lpc_clkpwr.o [1]
  .text              ro code  0x00000bc8    0xee  I64DivMod.o [4]
  .text              ro code  0x00000cb6    0x22  zero_init3.o [4]
  .text              ro code  0x00000cd8     0x2  I64DivZer.o [4]
  .text              ro code  0x00000cdc   0x768  debug_frmwrk.o [1]
  .text              ro code  0x00001444   0x15c  lpc_pinsel.o [1]
  .text              ro code  0x000015a0   0x5d4  lpc_rtc.o [1]
  .text              ro code  0x00001b74   0x426  Rtc_EV.o [1]
  .text              ro code  0x00001f9c   0x400  system_LPC407x_8x_177x_8x.o [1]
  .text              ro code  0x0000239c    0x7c  rle_init3.o [4]
  .rodata            const    0x00002418    0x5c  debug_frmwrk.o [1]
  .rodata            const    0x00002474    0x30  debug_frmwrk.o [1]
  .rodata            const    0x000024a4    0x2c  debug_frmwrk.o [1]
  .text              ro code  0x000024d0    0x2c  data_init3.o [4]
  .iar.init_table    const    0x000024fc    0x2c  - Linker created -
  .rodata            const    0x00002528    0x20  Rtc_EV.o [1]
  .rodata            const    0x00002548    0x1c  Rtc_EV.o [1]
  .rodata            const    0x00002564    0x18  Rtc_EV.o [1]
  .text              ro code  0x0000257c    0x16  cmain.o [4]
  .text              ro code  0x00002592     0x4  low_level_init.o [3]
  .text              ro code  0x00002596     0x4  exit.o [3]
  .text              ro code  0x0000259c     0xa  cexit.o [4]
  .text              ro code  0x000025a8    0x14  exit.o [5]
  .rodata            const    0x000025bc    0x14  Rtc_EV.o [1]
  .rodata            const    0x000025d0    0x14  Rtc_EV.o [1]
  .rodata            const    0x000025e4    0x14  Rtc_EV.o [1]
  .rodata            const    0x000025f8    0x14  Rtc_EV.o [1]
  .rodata            const    0x0000260c    0x10  Rtc_EV.o [1]
  .text              ro code  0x0000261c    0x10  startup_LPC407x_8x_177x_8x.o [1]
  .rodata            const    0x0000262c     0xc  Rtc_EV.o [1]
  .rodata            const    0x00002638     0xc  Rtc_EV.o [1]
  .rodata            const    0x00002644     0xc  Rtc_EV.o [1]
  .text              ro code  0x00002650     0xc  cstartup_M.o [4]
  .text              ro code  0x0000265c     0x4  startup_LPC407x_8x_177x_8x.o [1]
  .text              ro code  0x00002660     0x4  startup_LPC407x_8x_177x_8x.o [1]
  .text              ro code  0x00002664     0x4  startup_LPC407x_8x_177x_8x.o [1]
  .text              ro code  0x00002668     0x4  startup_LPC407x_8x_177x_8x.o [1]
  .text              ro code  0x0000266c     0x4  startup_LPC407x_8x_177x_8x.o [1]
  .text              ro code  0x00002670     0x4  startup_LPC407x_8x_177x_8x.o [1]
  .text              ro code  0x00002674     0x4  startup_LPC407x_8x_177x_8x.o [1]
  .text              ro code  0x00002678     0x4  startup_LPC407x_8x_177x_8x.o [1]
  .text              ro code  0x0000267c     0x4  startup_LPC407x_8x_177x_8x.o [1]
  .text              ro code  0x00002680     0x4  startup_LPC407x_8x_177x_8x.o [1]
  .text              ro code  0x00002684     0x4  startup_LPC407x_8x_177x_8x.o [1]
  .text              ro code  0x00002688     0x4  startup_LPC407x_8x_177x_8x.o [1]
  .text              ro code  0x0000268c     0x4  startup_LPC407x_8x_177x_8x.o [1]
  .text              ro code  0x00002690     0x4  startup_LPC407x_8x_177x_8x.o [1]
  .text              ro code  0x00002694     0x4  startup_LPC407x_8x_177x_8x.o [1]
  .text              ro code  0x00002698     0x4  startup_LPC407x_8x_177x_8x.o [1]
  .text              ro code  0x0000269c     0x4  startup_LPC407x_8x_177x_8x.o [1]
  .text              ro code  0x000026a0     0x4  startup_LPC407x_8x_177x_8x.o [1]
  .text              ro code  0x000026a4     0x4  startup_LPC407x_8x_177x_8x.o [1]
  .text              ro code  0x000026a8     0x4  startup_LPC407x_8x_177x_8x.o [1]
  .text              ro code  0x000026ac     0x4  startup_LPC407x_8x_177x_8x.o [1]
  .text              ro code  0x000026b0     0x4  startup_LPC407x_8x_177x_8x.o [1]
  .text              ro code  0x000026b4     0x4  startup_LPC407x_8x_177x_8x.o [1]
  .text              ro code  0x000026b8     0x4  startup_LPC407x_8x_177x_8x.o [1]
  .text              ro code  0x000026bc     0x4  startup_LPC407x_8x_177x_8x.o [1]
  .text              ro code  0x000026c0     0x4  startup_LPC407x_8x_177x_8x.o [1]
  .text              ro code  0x000026c4     0x4  startup_LPC407x_8x_177x_8x.o [1]
  .text              ro code  0x000026c8     0x4  startup_LPC407x_8x_177x_8x.o [1]
  .text              ro code  0x000026cc     0x4  startup_LPC407x_8x_177x_8x.o [1]
  .text              ro code  0x000026d0     0x4  startup_LPC407x_8x_177x_8x.o [1]
  .text              ro code  0x000026d4     0x4  startup_LPC407x_8x_177x_8x.o [1]
  .text              ro code  0x000026d8     0x4  startup_LPC407x_8x_177x_8x.o [1]
  .text              ro code  0x000026dc     0x4  startup_LPC407x_8x_177x_8x.o [1]
  .text              ro code  0x000026e0     0x4  startup_LPC407x_8x_177x_8x.o [1]
  .text              ro code  0x000026e4     0x4  startup_LPC407x_8x_177x_8x.o [1]
  .text              ro code  0x000026e8     0x4  startup_LPC407x_8x_177x_8x.o [1]
  .text              ro code  0x000026ec     0x4  startup_LPC407x_8x_177x_8x.o [1]
  .text              ro code  0x000026f0     0x4  startup_LPC407x_8x_177x_8x.o [1]
  .text              ro code  0x000026f4     0x4  startup_LPC407x_8x_177x_8x.o [1]
  .text              ro code  0x000026f8     0x4  startup_LPC407x_8x_177x_8x.o [1]
  .text              ro code  0x000026fc     0x4  startup_LPC407x_8x_177x_8x.o [1]
  .text              ro code  0x00002700     0x4  startup_LPC407x_8x_177x_8x.o [1]
  .text              ro code  0x00002704     0x4  startup_LPC407x_8x_177x_8x.o [1]
  .text              ro code  0x00002708     0x4  startup_LPC407x_8x_177x_8x.o [1]
  .text              ro code  0x0000270c     0x4  startup_LPC407x_8x_177x_8x.o [1]
  .text              ro code  0x00002710     0x4  startup_LPC407x_8x_177x_8x.o [1]
  .text              ro code  0x00002714     0x4  startup_LPC407x_8x_177x_8x.o [1]
  .text              ro code  0x00002718     0x4  startup_LPC407x_8x_177x_8x.o [1]
  .text              ro code  0x0000271c     0x4  startup_LPC407x_8x_177x_8x.o [1]
  .rodata            const    0x00002720     0x0  bwt_init3c.o [4]
                            - 0x00002720  0x2420

"P2", part 1 of 3:                         0x1f4
  P2 s0                       0x10000000   0x1f4  <Init block>
    .data            inited   0x10000000   0x1e4  Rtc_EV.o [1]
    .data            inited   0x100001e4     0x4  system_LPC407x_8x_177x_8x.o [1]
    .data            inited   0x100001e8     0x4  system_LPC407x_8x_177x_8x.o [1]
    .data            inited   0x100001ec     0x4  system_LPC407x_8x_177x_8x.o [1]
    .data            inited   0x100001f0     0x4  system_LPC407x_8x_177x_8x.o [1]
                            - 0x100001f4   0x1f4

"P2", part 2 of 3:                          0x64
  .bss               zero     0x100001f4    0x10  Rtc_EV.o [1]
  .bss               zero     0x10000204    0x10  Rtc_EV.o [1]
  .bss               zero     0x10000214     0x4  debug_frmwrk.o [1]
  .bss               zero     0x10000218     0x4  debug_frmwrk.o [1]
  .bss               zero     0x1000021c     0x4  debug_frmwrk.o [1]
  .bss               zero     0x10000220     0x4  debug_frmwrk.o [1]
  .bss               zero     0x10000224     0x4  debug_frmwrk.o [1]
  .bss               zero     0x10000228     0x4  debug_frmwrk.o [1]
  .bss               zero     0x1000022c     0x4  debug_frmwrk.o [1]
  .bss               zero     0x10000230     0x4  debug_frmwrk.o [1]
  .bss               zero     0x10000234     0x4  debug_frmwrk.o [1]
  .bss               zero     0x10000238     0x4  debug_frmwrk.o [1]
  .bss               zero     0x1000023c     0x4  debug_frmwrk.o [1]
  .bss               zero     0x10000240     0x4  debug_frmwrk.o [1]
  .bss               zero     0x10000244     0x4  debug_frmwrk.o [1]
  .bss               zero     0x10000248     0x4  debug_frmwrk.o [1]
  .bss               zero     0x1000024c     0x4  debug_frmwrk.o [1]
  .bss               zero     0x10000250     0x1  Rtc_EV.o [1]
                            - 0x10000251    0x5d

"P2", part 3 of 3:                         0x400
  CSTACK                      0x10000258   0x400  <Block>
    CSTACK           uninit   0x10000258   0x400  <Block tail>
                            - 0x10000658   0x400


*******************************************************************************
*** INIT TABLE
***

          Address     Size
          -------     ----
Zero (__iar_zero_init3)
    1 destination range, total size 0x5d:
          0x100001f4   0x5d

Copy/zeros (__iar_rle_init3)
    1 source range, total size 0x1f5 (100% of destination):
          0x000000e4  0x1f5
    1 destination range, total size 0x1f4:
          0x10000000  0x1f4



*******************************************************************************
*** MODULE SUMMARY
***

    Module                        ro code  ro data  rw data
    ------                        -------  -------  -------
C:\MyProjects\LPC407x_8x\lpc407x_8x_177x_8x_Keil_IAR_M4_M3_release\lpc407x_8x_177x_8x_Keil\Examples\RTC\Rtc_Ev\EWARM\Flash\Obj: [1]
    Rtc_EV.o                        1 062      700      517
    debug_frmwrk.o                  1 896      184       60
    lpc_clkpwr.o                      156
    lpc_pinsel.o                      348
    lpc_rtc.o                       1 492
    lpc_uart.o                      2 092
    startup_LPC407x_8x_177x_8x.o      444
    system_LPC407x_8x_177x_8x.o     1 024       17       16
    -------------------------------------------------------
    Total:                          8 514      901      593

command line: [2]
    -------------------------------------------------------
    Total:

dl7M_tln.a: [3]
    exit.o                              4
    low_level_init.o                    4
    -------------------------------------------------------
    Total:                              8

rt7M_tl.a: [4]
    I64DivMod.o                       238
    I64DivZer.o                         2
    bwt_init3c.o
    cexit.o                            10
    cmain.o                            22
    cstartup_M.o                       12
    data_init3.o                       44
    rle_init3.o                       124
    zero_init3.o                       34
    -------------------------------------------------------
    Total:                            486

shb_l.a: [5]
    exit.o                             20
    -------------------------------------------------------
    Total:                             20

    Gaps                                8
    Linker created                              44    1 024
-----------------------------------------------------------
    Grand Total:                    9 036      945    1 617


*******************************************************************************
*** ENTRY LIST
***

Entry                      Address   Size  Type      Object
-----                      -------   ----  ----      ------
?main                   0x0000257d         Code  Gb  cmain.o [4]
ADC_IRQHandler          0x000026d5         Code  Wk  startup_LPC407x_8x_177x_8x.o [1]
BOD_IRQHandler          0x000026d9         Code  Wk  startup_LPC407x_8x_177x_8x.o [1]
BusFault_Handler        0x00002669         Code  Wk  startup_LPC407x_8x_177x_8x.o [1]
CANActivity_IRQHandler  0x00002705         Code  Wk  startup_LPC407x_8x_177x_8x.o [1]
CAN_IRQHandler          0x000026e1         Code  Wk  startup_LPC407x_8x_177x_8x.o [1]
CLKPWR_ConfigPPWR       0x00000b5d   0x24  Code  Gb  lpc_clkpwr.o [1]
CLKPWR_DeepPowerDown    0x00000b9b   0x10  Code  Gb  lpc_clkpwr.o [1]
CLKPWR_GetCLK           0x00000b2d   0x30  Code  Gb  lpc_clkpwr.o [1]
CLKPWR_PowerDown        0x00000b8b   0x10  Code  Gb  lpc_clkpwr.o [1]
CLKPWR_Sleep            0x00000b81    0xa  Code  Gb  lpc_clkpwr.o [1]
CRP_Value               0x000002fd         Code  Gb  startup_LPC407x_8x_177x_8x.o [1]
CSTACK$$Base            0x10000258          --   Gb  - Linker created -
CSTACK$$Limit           0x10000658          --   Gb  - Linker created -
DMA_IRQHandler          0x000026e5         Code  Wk  startup_LPC407x_8x_177x_8x.o [1]
DebugMon_Handler        0x00002675         Code  Wk  startup_LPC407x_8x_177x_8x.o [1]
EEPROM_IRQHandler       0x0000271d         Code  Wk  startup_LPC407x_8x_177x_8x.o [1]
EINT0_IRQHandler        0x000026c5         Code  Wk  startup_LPC407x_8x_177x_8x.o [1]
EINT1_IRQHandler        0x000026c9         Code  Wk  startup_LPC407x_8x_177x_8x.o [1]
EINT2_IRQHandler        0x000026cd         Code  Wk  startup_LPC407x_8x_177x_8x.o [1]
EINT3_IRQHandler        0x000026d1         Code  Wk  startup_LPC407x_8x_177x_8x.o [1]
EMCClock                0x100001ec    0x4  Data  Gb  system_LPC407x_8x_177x_8x.o [1]
ENET_IRQHandler         0x000026ed         Code  Wk  startup_LPC407x_8x_177x_8x.o [1]
FirstTimeStamp          0x100001f4   0x10  Data  Gb  Rtc_EV.o [1]
GPIO_IRQHandler         0x00002715         Code  Wk  startup_LPC407x_8x_177x_8x.o [1]
HardFault_Handler       0x00002661         Code  Wk  startup_LPC407x_8x_177x_8x.o [1]
I2C0_IRQHandler         0x000026a9         Code  Wk  startup_LPC407x_8x_177x_8x.o [1]
I2C1_IRQHandler         0x000026ad         Code  Wk  startup_LPC407x_8x_177x_8x.o [1]
I2C2_IRQHandler         0x000026b1         Code  Wk  startup_LPC407x_8x_177x_8x.o [1]
I2S_IRQHandler          0x000026e9         Code  Wk  startup_LPC407x_8x_177x_8x.o [1]
LCD_IRQHandler          0x00002711         Code  Wk  startup_LPC407x_8x_177x_8x.o [1]
LastTimeStamp           0x10000204   0x10  Data  Gb  Rtc_EV.o [1]
MCI_IRQHandler          0x000026f1         Code  Wk  startup_LPC407x_8x_177x_8x.o [1]
MCPWM_IRQHandler        0x000026f5         Code  Wk  startup_LPC407x_8x_177x_8x.o [1]
MemManage_Handler       0x00002665         Code  Wk  startup_LPC407x_8x_177x_8x.o [1]
NMI_Handler             0x0000265d         Code  Wk  startup_LPC407x_8x_177x_8x.o [1]
NVIC_EnableIRQ          0x00001b75   0x1a  Code  Lc  Rtc_EV.o [1]
PINSEL_ConfigPin        0x0000154b   0x52  Code  Gb  lpc_pinsel.o [1]
PINSEL_GetPinType       0x0000145f   0xec  Code  Gb  lpc_pinsel.o [1]
PIN_GetPointer          0x00001445   0x1a  Code  Lc  lpc_pinsel.o [1]
PLL0_IRQHandler         0x000026bd         Code  Wk  startup_LPC407x_8x_177x_8x.o [1]
PLL1_IRQHandler         0x000026fd         Code  Wk  startup_LPC407x_8x_177x_8x.o [1]
PWM0_IRQHandler         0x00002719         Code  Wk  startup_LPC407x_8x_177x_8x.o [1]
PWM1_IRQHandler         0x000026a5         Code  Wk  startup_LPC407x_8x_177x_8x.o [1]
PendSV_Handler          0x00002679         Code  Wk  startup_LPC407x_8x_177x_8x.o [1]
PeripheralClock         0x100001e8    0x4  Data  Gb  system_LPC407x_8x_177x_8x.o [1]
QEI_IRQHandler          0x000026f9         Code  Wk  startup_LPC407x_8x_177x_8x.o [1]
RTC_ClearIntPending     0x000016eb    0x8  Code  Gb  lpc_rtc.o [1]
RTC_Cmd                 0x000015d7   0x1a  Code  Gb  lpc_rtc.o [1]
RTC_ER_ClearStatus      0x000019c3    0xc  Code  Gb  lpc_rtc.o [1]
RTC_ER_Cmd              0x00001901   0x7e  Code  Gb  lpc_rtc.o [1]
RTC_ER_GetEventCount    0x0000197f   0x3e  Code  Gb  lpc_rtc.o [1]
RTC_ER_GetFirstTimeStamp
                        0x000019cf   0xbe  Code  Gb  lpc_rtc.o [1]
RTC_ER_GetLastTimeStamp
                        0x00001a8d   0xbe  Code  Gb  lpc_rtc.o [1]
RTC_ER_GetStatus        0x000019bd    0x6  Code  Gb  lpc_rtc.o [1]
RTC_ER_Init             0x00001727  0x1da  Code  Gb  lpc_rtc.o [1]
RTC_ER_InitConfigStruct
                        0x000016f3   0x34  Code  Gb  lpc_rtc.o [1]
RTC_GetFullTime         0x0000168d   0x4e  Code  Gb  lpc_rtc.o [1]
RTC_GetIntPending       0x000016db   0x10  Code  Gb  lpc_rtc.o [1]
RTC_IRQHandler          0x00001b8f   0x48  Code  Gb  Rtc_EV.o [1]
RTC_Init                0x000015a1   0x24  Code  Gb  lpc_rtc.o [1]
RTC_ResetClockTickCounter
                        0x000015c5   0x12  Code  Gb  lpc_rtc.o [1]
RTC_SetTime             0x000015f1   0x9c  Code  Gb  lpc_rtc.o [1]
Region$$Table$$Base     0x000024fc          --   Gb  - Linker created -
Region$$Table$$Limit    0x00002528          --   Gb  - Linker created -
Reset_Handler           0x0000261d         Code  Wk  startup_LPC407x_8x_177x_8x.o [1]
SSP0_IRQHandler         0x000026b5         Code  Wk  startup_LPC407x_8x_177x_8x.o [1]
SSP1_IRQHandler         0x000026b9         Code  Wk  startup_LPC407x_8x_177x_8x.o [1]
SSP2_IRQHandler         0x0000270d         Code  Wk  startup_LPC407x_8x_177x_8x.o [1]
SVC_Handler             0x00002671         Code  Wk  startup_LPC407x_8x_177x_8x.o [1]
SetSystemTime           0x00001be9  0x136  Code  Gb  Rtc_EV.o [1]
SysTick_Handler         0x0000267d         Code  Wk  startup_LPC407x_8x_177x_8x.o [1]
SystemCoreClock         0x100001e4    0x4  Data  Gb  system_LPC407x_8x_177x_8x.o [1]
SystemCoreClockUpdate   0x00001f9d  0x2f2  Code  Gb  system_LPC407x_8x_177x_8x.o [1]
SystemInit              0x0000228f   0xa6  Code  Gb  system_LPC407x_8x_177x_8x.o [1]
TIMER0_IRQHandler       0x00002685         Code  Wk  startup_LPC407x_8x_177x_8x.o [1]
TIMER1_IRQHandler       0x00002689         Code  Wk  startup_LPC407x_8x_177x_8x.o [1]
TIMER2_IRQHandler       0x0000268d         Code  Wk  startup_LPC407x_8x_177x_8x.o [1]
TIMER3_IRQHandler       0x00002691         Code  Wk  startup_LPC407x_8x_177x_8x.o [1]
UART0_IRQHandler        0x00002695         Code  Wk  startup_LPC407x_8x_177x_8x.o [1]
UART1_IRQHandler        0x00002699         Code  Wk  startup_LPC407x_8x_177x_8x.o [1]
UART2_IRQHandler        0x0000269d         Code  Wk  startup_LPC407x_8x_177x_8x.o [1]
UART3_IRQHandler        0x000026a1         Code  Wk  startup_LPC407x_8x_177x_8x.o [1]
UART4_IRQHandler        0x00002709         Code  Wk  startup_LPC407x_8x_177x_8x.o [1]
UARTGetChar             0x00000cf1   0x20  Code  Gb  debug_frmwrk.o [1]
UARTGetCharInNonBlock   0x00000d11   0x28  Code  Gb  debug_frmwrk.o [1]
UARTGetValue            0x00000d39  0x1a6  Code  Gb  debug_frmwrk.o [1]
UARTPutChar             0x00000cdd   0x14  Code  Gb  debug_frmwrk.o [1]
UARTPutDec              0x00000f19   0x66  Code  Gb  debug_frmwrk.o [1]
UARTPutDec16            0x00000f7f   0xaa  Code  Gb  debug_frmwrk.o [1]
UARTPutDec32            0x00001029  0x156  Code  Gb  debug_frmwrk.o [1]
UARTPutHex              0x000011bf   0x4a  Code  Gb  debug_frmwrk.o [1]
UARTPutHex16            0x00001249   0x4a  Code  Gb  debug_frmwrk.o [1]
UARTPutHex16_           0x00001209   0x40  Code  Gb  debug_frmwrk.o [1]
UARTPutHex32            0x000012d7   0x48  Code  Gb  debug_frmwrk.o [1]
UARTPutHex32_           0x00001299   0x3e  Code  Gb  debug_frmwrk.o [1]
UARTPutHex_             0x0000117f   0x40  Code  Gb  debug_frmwrk.o [1]
UARTPuts                0x00000edf   0x1e  Code  Gb  debug_frmwrk.o [1]
UARTPuts_               0x00000efd   0x1c  Code  Gb  debug_frmwrk.o [1]
UART_ConfigStructInit   0x000007e5   0x14  Code  Gb  lpc_uart.o [1]
UART_Init               0x00000557  0x28e  Code  Gb  lpc_uart.o [1]
UART_Receive            0x00000969   0xc2  Code  Gb  lpc_uart.o [1]
UART_ReceiveByte        0x00000837   0x4c  Code  Gb  lpc_uart.o [1]
UART_Send               0x00000883   0xe6  Code  Gb  lpc_uart.o [1]
UART_SendByte           0x000007f9   0x3e  Code  Gb  lpc_uart.o [1]
UART_TxCmd              0x00000a35   0x82  Code  Gb  lpc_uart.o [1]
USBActivity_IRQHandler  0x00002701         Code  Wk  startup_LPC407x_8x_177x_8x.o [1]
USBClock                0x100001f0    0x4  Data  Gb  system_LPC407x_8x_177x_8x.o [1]
USB_IRQHandler          0x000026dd         Code  Wk  startup_LPC407x_8x_177x_8x.o [1]
UsageFault_Handler      0x0000266d         Code  Wk  startup_LPC407x_8x_177x_8x.o [1]
WDT_IRQHandler          0x00002681         Code  Wk  startup_LPC407x_8x_177x_8x.o [1]
__Vectors               0x00000000          --   Gb  startup_LPC407x_8x_177x_8x.o [1]
__Vectors_End           0x000000e4         Data  Gb  startup_LPC407x_8x_177x_8x.o [1]
__Vectors_Size {Abs}    0x000000e4          --   Gb  startup_LPC407x_8x_177x_8x.o [1]
__aeabi_ldiv0           0x00000cd9         Code  Gb  I64DivZer.o [4]
__aeabi_uldivmod        0x00000bc9         Code  Gb  I64DivMod.o [4]
__cmain                 0x0000257d         Code  Gb  cmain.o [4]
__exit                  0x000025a9   0x14  Code  Gb  exit.o [5]
__iar_SB                0x00002720         Data  Gb  bwt_init3c.o [4]
__iar_data_init3        0x000024d1   0x2c  Code  Gb  data_init3.o [4]
__iar_program_start     0x00002651         Code  Gb  cstartup_M.o [4]
__iar_rle_init3         0x0000239d   0x7c  Code  Gb  rle_init3.o [4]
__iar_zero_init3        0x00000cb7   0x22  Code  Gb  zero_init3.o [4]
__low_level_init        0x00002593    0x4  Code  Gb  low_level_init.o [3]
__vector_table          0x00000000         Data  Gb  startup_LPC407x_8x_177x_8x.o [1]
__vector_table_0x1c     0x0000001c         Data  Gb  startup_LPC407x_8x_177x_8x.o [1]
_call_main              0x00002589         Code  Gb  cmain.o [4]
_db_char                0x1000021c    0x4  Data  Gb  debug_frmwrk.o [1]
_db_dec                 0x10000220    0x4  Data  Gb  debug_frmwrk.o [1]
_db_dec_16              0x10000224    0x4  Data  Gb  debug_frmwrk.o [1]
_db_dec_32              0x10000228    0x4  Data  Gb  debug_frmwrk.o [1]
_db_get_char            0x10000244    0x4  Data  Gb  debug_frmwrk.o [1]
_db_get_char_nonblocking
                        0x10000248    0x4  Data  Gb  debug_frmwrk.o [1]
_db_get_val             0x1000024c    0x4  Data  Gb  debug_frmwrk.o [1]
_db_hex                 0x1000022c    0x4  Data  Gb  debug_frmwrk.o [1]
_db_hex_                0x10000238    0x4  Data  Gb  debug_frmwrk.o [1]
_db_hex_16              0x10000230    0x4  Data  Gb  debug_frmwrk.o [1]
_db_hex_16_             0x1000023c    0x4  Data  Gb  debug_frmwrk.o [1]
_db_hex_32              0x10000234    0x4  Data  Gb  debug_frmwrk.o [1]
_db_hex_32_             0x10000240    0x4  Data  Gb  debug_frmwrk.o [1]
_db_msg                 0x10000214    0x4  Data  Gb  debug_frmwrk.o [1]
_db_msg_                0x10000218    0x4  Data  Gb  debug_frmwrk.o [1]
_exit                   0x0000259d         Code  Gb  cexit.o [4]
_main                   0x0000258f         Code  Gb  cmain.o [4]
c_entry                 0x00001d2d  0x1fa  Code  Gb  Rtc_EV.o [1]
debug_frmwrk_init       0x0000131f   0x8a  Code  Gb  debug_frmwrk.o [1]
evt_cnt                 0x10000250    0x1  Data  Gb  Rtc_EV.o [1]
exit                    0x00002597    0x4  Code  Gb  exit.o [3]
main                    0x00001f91    0xa  Code  Gb  Rtc_EV.o [1]
menu1                   0x10000000  0x1e4  Data  Gb  Rtc_EV.o [1]
print_menu              0x00001bd7   0x12  Code  Gb  Rtc_EV.o [1]
uart_get_pointer        0x00000527   0x30  Code  Lc  lpc_uart.o [1]
uart_set_divisors       0x00000301  0x226  Code  Lc  lpc_uart.o [1]


[1] = C:\MyProjects\LPC407x_8x\lpc407x_8x_177x_8x_Keil_IAR_M4_M3_release\lpc407x_8x_177x_8x_Keil\Examples\RTC\Rtc_Ev\EWARM\Flash\Obj
[2] = command line
[3] = dl7M_tln.a
[4] = rt7M_tl.a
[5] = shb_l.a

  9 036 bytes of readonly  code memory
    945 bytes of readonly  data memory
  1 617 bytes of readwrite data memory

Errors: none
Warnings: none
