ARM Linker, 4.1 [Build 894] [Standard]

==============================================================================

Section Cross References

    startup_lpc407x_8x_177x_8x.o(RESET) refers to startup_lpc407x_8x_177x_8x.o(STACK) for __initial_sp
    startup_lpc407x_8x_177x_8x.o(RESET) refers to startup_lpc407x_8x_177x_8x.o(.text) for Reset_Handler
    startup_lpc407x_8x_177x_8x.o(.text) refers to system_lpc407x_8x_177x_8x.o(.text) for SystemInit
    startup_lpc407x_8x_177x_8x.o(.text) refers to entry.o(.ARM.Collect$$$$00000000) for __main
    system_lpc407x_8x_177x_8x.o(.text) refers to system_lpc407x_8x_177x_8x.o(.data) for SystemCoreClock
    debug_frmwrk.o(.text) refers to lpc_uart.o(.text) for UART_Send
    debug_frmwrk.o(.text) refers to debug_frmwrk.o(.constdata) for .constdata
    debug_frmwrk.o(.text) refers to lpc_pinsel.o(.text) for PINSEL_ConfigPin
    debug_frmwrk.o(.text) refers to debug_frmwrk.o(.data) for _db_msg
    lpc_gpio.o(.text) refers to lpc_clkpwr.o(.text) for CLKPWR_ConfigPPWR
    lpc_systick.o(.text) refers to lpc_clkpwr.o(.text) for CLKPWR_GetCLK
    lpc_clkpwr.o(.text) refers to system_lpc407x_8x_177x_8x.o(.text) for SystemCoreClockUpdate
    lpc_clkpwr.o(.text) refers to system_lpc407x_8x_177x_8x.o(.data) for SystemCoreClock
    lpc_uart.o(.text) refers to lpc_clkpwr.o(.text) for CLKPWR_GetCLK
    lpc_uart.o(.text) refers to llshl.o(.text) for __aeabi_llsl
    lpc_uart.o(.text) refers to uldiv.o(.text) for __aeabi_uldivmod
    lpc_uart.o(.text) refers to llushr.o(.text) for __aeabi_llsr
    spifi_test.o(.text) refers to debug_frmwrk.o(.text) for debug_frmwrk_init
    spifi_test.o(.text) refers to lpc_gpio.o(.text) for GPIO_Init
    spifi_test.o(.text) refers to memcmp.o(.text) for memcmp
    spifi_test.o(.text) refers to spifi_test.o(.data) for menu1
    spifi_test.o(.text) refers to debug_frmwrk.o(.data) for _db_msg
    spifi_test.o(.text) refers to spifi_rom_api.o(.constdata) for spifi_table
    spifi_test.o(.text) refers to spifi_test.o(.bss) for obj
    spifi_rom_api.o(.text) refers to memseta.o(.text) for __aeabi_memclr4
    spifi_rom_api.o(.text) refers to neo_details.o(.text) for pullMISO
    spifi_rom_api.o(.text) refers to spansion.o(.text) for span
    spifi_rom_api.o(.text) refers to eon.o(.text) for eon
    spifi_rom_api.o(.text) refers to atmel.o(.text) for atm
    spifi_rom_api.o(.text) refers to numonyx.o(.text) for numo
    spifi_rom_api.o(.text) refers to amic.o(.text) for amic
    spifi_rom_api.o(.text) refers to chi.o(.text) for chi
    spifi_rom_api.o(.text) refers to esmt.o(.text) for esmt
    spifi_rom_api.o(.text) refers to sst.o(.text) for sst
    spifi_rom_api.o(.text) refers to macronix.o(.text) for mxic
    spifi_rom_api.o(.text) refers to giga.o(.text) for giga
    spifi_rom_api.o(.text) refers to winbond.o(.text) for wbd
    spifi_rom_api.o(.text) refers to memcpya.o(.text) for __aeabi_memcpy
    spifi_rom_api.o(.constdata) refers to spifi_rom_api.o(.text) for spifi_init
    amic.o(.text) refers to spifi_rom_api.o(.text) for setSize
    atmel.o(.text) refers to spifi_rom_api.o(.text) for setProtEnts
    atmel.o(.text) refers to atmel.o(.constdata) for .constdata
    chi.o(.text) refers to spifi_rom_api.o(.text) for setSize
    eon.o(.text) refers to spifi_rom_api.o(.text) for setSize
    esmt.o(.text) refers to spifi_rom_api.o(.text) for setSize
    giga.o(.text) refers to spifi_rom_api.o(.text) for setSize
    macronix.o(.text) refers to spifi_rom_api.o(.text) for setSize
    macronix.o(.text) refers to macronix.o(.constdata) for .constdata
    numonyx.o(.text) refers to spifi_rom_api.o(.text) for setSize
    spansion.o(.text) refers to spifi_rom_api.o(.text) for read04
    sst.o(.text) refers to spifi_rom_api.o(.text) for setSize
    sst.o(.text) refers to sst.o(.constdata) for .constdata
    winbond.o(.text) refers to spifi_rom_api.o(.text) for setSize
    entry.o(.ARM.Collect$$$$00000000) refers (Special) to entry7b.o(.ARM.Collect$$$$00000008) for _main_clock
    entry.o(.ARM.Collect$$$$00000000) refers (Special) to entry8.o(.ARM.Collect$$$$00000009) for _main_init
    entry.o(.ARM.Collect$$$$00000000) refers (Special) to entry5.o(.ARM.Collect$$$$00000004) for _main_scatterload
    entry.o(.ARM.Collect$$$$00000000) refers (Special) to entry2.o(.ARM.Collect$$$$00000001) for _main_stk
    uldiv.o(.text) refers to llushr.o(.text) for __aeabi_llsr
    uldiv.o(.text) refers to llshl.o(.text) for __aeabi_llsl
    entry2.o(.ARM.Collect$$$$00000001) refers to entry2.o(.ARM.Collect$$$$00002712) for __lit__00000000
    entry2.o(.ARM.Collect$$$$00002712) refers to startup_lpc407x_8x_177x_8x.o(STACK) for __initial_sp
    entry2.o(__vectab_stack_and_reset_area) refers to startup_lpc407x_8x_177x_8x.o(STACK) for __initial_sp
    entry2.o(__vectab_stack_and_reset_area) refers to entry.o(.ARM.Collect$$$$00000000) for __main
    entry5.o(.ARM.Collect$$$$00000004) refers to init.o(.text) for __scatterload
    entry8.o(.ARM.Collect$$$$00000009) refers to spifi_test.o(.text) for main
    init.o(.text) refers to entry5.o(.ARM.Collect$$$$00000004) for __main_after_scatterload


==============================================================================

Removing Unused input sections from the image.

    Removing startup_lpc407x_8x_177x_8x.o(HEAP), (0 bytes).
    Removing system_lpc407x_8x_177x_8x.o(.emb_text), (8 bytes).
    Removing debug_frmwrk.o(.emb_text), (8 bytes).
    Removing lpc_gpio.o(.emb_text), (8 bytes).
    Removing lpc_systick.o(.emb_text), (8 bytes).
    Removing lpc_systick.o(.text), (314 bytes).
    Removing lpc_clkpwr.o(.emb_text), (8 bytes).
    Removing lpc_clkpwr.o(.data), (4 bytes).
    Removing lpc_uart.o(.emb_text), (8 bytes).
    Removing lpc_pinsel.o(.emb_text), (8 bytes).
    Removing spifi_test.o(.emb_text), (8 bytes).

11 unused section(s) (total 382 bytes) removed from the image.

==============================================================================

Image Symbol Table

    Local Symbols

    Symbol Name                              Value     Ov Type        Size  Object(Section)

    RESET                                    0x00000000   Section      228  startup_lpc407x_8x_177x_8x.o(RESET)
    ../../../cmprslib/zerorunl2.c            0x00000000   Number         0  __dczerorl2.o ABSOLUTE
    ../../microlib/division.c                0x00000000   Number         0  uldiv.o ABSOLUTE
    ../../microlib/init/entry.s              0x00000000   Number         0  entry5.o ABSOLUTE
    ../../microlib/init/entry.s              0x00000000   Number         0  entry2.o ABSOLUTE
    ../../microlib/init/entry.s              0x00000000   Number         0  entry7a.o ABSOLUTE
    ../../microlib/init/entry.s              0x00000000   Number         0  entry.o ABSOLUTE
    ../../microlib/init/entry.s              0x00000000   Number         0  entry7b.o ABSOLUTE
    ../../microlib/init/entry.s              0x00000000   Number         0  entry8.o ABSOLUTE
    ../../microlib/longlong.c                0x00000000   Number         0  llushr.o ABSOLUTE
    ../../microlib/longlong.c                0x00000000   Number         0  llshl.o ABSOLUTE
    ../../microlib/string/memcmp.c           0x00000000   Number         0  memcmp.o ABSOLUTE
    ../../microlib/string/memcpy.c           0x00000000   Number         0  memcpyb.o ABSOLUTE
    ../../microlib/string/memcpy.c           0x00000000   Number         0  memcpya.o ABSOLUTE
    ../../microlib/string/memset.c           0x00000000   Number         0  memseta.o ABSOLUTE
    ..\..\..\..\Core\Device\NXP\LPC407x_8x_177x_8x\Source\Templates\ARM\startup_LPC407x_8x_177x_8x.s 0x00000000   Number         0  startup_lpc407x_8x_177x_8x.o ABSOLUTE
    ..\..\..\..\Core\Device\NXP\LPC407x_8x_177x_8x\Source\Templates\system_LPC407x_8x_177x_8x.c 0x00000000   Number         0  system_lpc407x_8x_177x_8x.o ABSOLUTE
    ..\..\..\..\Drivers\source\debug_frmwrk.c 0x00000000   Number         0  debug_frmwrk.o ABSOLUTE
    ..\..\..\..\Drivers\source\lpc_clkpwr.c  0x00000000   Number         0  lpc_clkpwr.o ABSOLUTE
    ..\..\..\..\Drivers\source\lpc_gpio.c    0x00000000   Number         0  lpc_gpio.o ABSOLUTE
    ..\..\..\..\Drivers\source\lpc_pinsel.c  0x00000000   Number         0  lpc_pinsel.o ABSOLUTE
    ..\..\..\..\Drivers\source\lpc_systick.c 0x00000000   Number         0  lpc_systick.o ABSOLUTE
    ..\..\..\..\Drivers\source\lpc_uart.c    0x00000000   Number         0  lpc_uart.o ABSOLUTE
    ..\Spifi_Test.c                          0x00000000   Number         0  spifi_test.o ABSOLUTE
    ..\\..\\..\\..\\Core\\Device\\NXP\\LPC407x_8x_177x_8x\\Source\\Templates\\system_LPC407x_8x_177x_8x.c 0x00000000   Number         0  system_lpc407x_8x_177x_8x.o ABSOLUTE
    ..\\..\\..\\..\\Drivers\\source\\debug_frmwrk.c 0x00000000   Number         0  debug_frmwrk.o ABSOLUTE
    ..\\..\\..\\..\\Drivers\\source\\lpc_clkpwr.c 0x00000000   Number         0  lpc_clkpwr.o ABSOLUTE
    ..\\..\\..\\..\\Drivers\\source\\lpc_gpio.c 0x00000000   Number         0  lpc_gpio.o ABSOLUTE
    ..\\..\\..\\..\\Drivers\\source\\lpc_pinsel.c 0x00000000   Number         0  lpc_pinsel.o ABSOLUTE
    ..\\..\\..\\..\\Drivers\\source\\lpc_systick.c 0x00000000   Number         0  lpc_systick.o ABSOLUTE
    ..\\..\\..\\..\\Drivers\\source\\lpc_uart.c 0x00000000   Number         0  lpc_uart.o ABSOLUTE
    ..\\Spifi_Test.c                         0x00000000   Number         0  spifi_test.o ABSOLUTE
    ..\amic.c                                0x00000000   Number         0  amic.o ABSOLUTE
    ..\atmel.c                               0x00000000   Number         0  atmel.o ABSOLUTE
    ..\chi.c                                 0x00000000   Number         0  chi.o ABSOLUTE
    ..\eon.c                                 0x00000000   Number         0  eon.o ABSOLUTE
    ..\esmt.c                                0x00000000   Number         0  esmt.o ABSOLUTE
    ..\giga.c                                0x00000000   Number         0  giga.o ABSOLUTE
    ..\macronix.c                            0x00000000   Number         0  macronix.o ABSOLUTE
    ..\neo_details.c                         0x00000000   Number         0  neo_details.o ABSOLUTE
    ..\numonyx.c                             0x00000000   Number         0  numonyx.o ABSOLUTE
    ..\spansion.c                            0x00000000   Number         0  spansion.o ABSOLUTE
    ..\spifi_rom_api.c                       0x00000000   Number         0  spifi_rom_api.o ABSOLUTE
    ..\sst.c                                 0x00000000   Number         0  sst.o ABSOLUTE
    ..\winbond.c                             0x00000000   Number         0  winbond.o ABSOLUTE
    dc.s                                     0x00000000   Number         0  dc.o ABSOLUTE
    handlers.s                               0x00000000   Number         0  handlers.o ABSOLUTE
    init.s                                   0x00000000   Number         0  init.o ABSOLUTE
    .ARM.Collect$$$$00000000                 0x000000e4   Section        0  entry.o(.ARM.Collect$$$$00000000)
    .ARM.Collect$$$$00000001                 0x000000e4   Section        4  entry2.o(.ARM.Collect$$$$00000001)
    .ARM.Collect$$$$00000004                 0x000000e8   Section        4  entry5.o(.ARM.Collect$$$$00000004)
    .ARM.Collect$$$$00000008                 0x000000ec   Section        0  entry7b.o(.ARM.Collect$$$$00000008)
    .ARM.Collect$$$$00000009                 0x000000ec   Section        8  entry8.o(.ARM.Collect$$$$00000009)
    .ARM.Collect$$$$00002712                 0x000000f4   Section        4  entry2.o(.ARM.Collect$$$$00002712)
    __lit__00000000                          0x000000f4   Data           4  entry2.o(.ARM.Collect$$$$00002712)
    .text                                    0x000000f8   Section       36  startup_lpc407x_8x_177x_8x.o(.text)
    $v0                                      0x000000f8   Number         0  startup_lpc407x_8x_177x_8x.o(.text)
    .text                                    0x0000011c   Section        0  lpc_clkpwr.o(.text)
    .text                                    0x00000274   Section        0  uldiv.o(.text)
    .text                                    0x000002d6   Section        0  llshl.o(.text)
    i.__scatterload_null                     0x000002f4   Section        2  handlers.o(i.__scatterload_null)
    .ARM.__at_0x02FC                         0x000002fc   Section        4  startup_lpc407x_8x_177x_8x.o(.ARM.__at_0x02FC)
    .text                                    0x00000300   Section        0  system_lpc407x_8x_177x_8x.o(.text)
    .text                                    0x00000708   Section        0  debug_frmwrk.o(.text)
    .text                                    0x00000dd0   Section        0  lpc_gpio.o(.text)
    GPIO_GetPointer                          0x00000dd1   Thumb Code    58  lpc_gpio.o(.text)
    FIO_HalfWordGetPointer                   0x00000e0b   Thumb Code    58  lpc_gpio.o(.text)
    FIO_ByteGetPointer                       0x00000e45   Thumb Code    58  lpc_gpio.o(.text)
    .text                                    0x00001240   Section        0  lpc_uart.o(.text)
    uart_get_pointer                         0x00001241   Thumb Code    34  lpc_uart.o(.text)
    uart_set_divisors                        0x00001263   Thumb Code   540  lpc_uart.o(.text)
    .text                                    0x00001fec   Section        0  lpc_pinsel.o(.text)
    PIN_GetPointer                           0x00001fed   Thumb Code    18  lpc_pinsel.o(.text)
    .text                                    0x0000243c   Section        0  spifi_test.o(.text)
    .text                                    0x00002690   Section        0  spifi_rom_api.o(.text)
    .text                                    0x0000390c   Section        0  amic.o(.text)
    .text                                    0x000039ac   Section        0  atmel.o(.text)
    .text                                    0x00003ac0   Section        0  chi.o(.text)
    .text                                    0x00003b9c   Section        0  eon.o(.text)
    .text                                    0x00003c58   Section        0  esmt.o(.text)
    .text                                    0x00003d14   Section        0  giga.o(.text)
    .text                                    0x00003dc4   Section        0  macronix.o(.text)
    .text                                    0x00003f58   Section        0  numonyx.o(.text)
    .text                                    0x000040d4   Section        0  spansion.o(.text)
    .text                                    0x000041c0   Section        0  sst.o(.text)
    .text                                    0x00004278   Section        0  winbond.o(.text)
    .text                                    0x00004374   Section        0  neo_details.o(.text)
    .text                                    0x000044ec   Section        0  llushr.o(.text)
    .text                                    0x0000450c   Section        0  memcpya.o(.text)
    .text                                    0x00004530   Section        0  memseta.o(.text)
    .text                                    0x00004556   Section        0  memcmp.o(.text)
    .text                                    0x00004570   Section       36  init.o(.text)
    .text                                    0x00004594   Section        0  __dczerorl2.o(.text)
    i.__scatterload_copy                     0x000045f0   Section       14  handlers.o(i.__scatterload_copy)
    i.__scatterload_zeroinit                 0x000045fe   Section       14  handlers.o(i.__scatterload_zeroinit)
    .constdata                               0x0000460c   Section       89  debug_frmwrk.o(.constdata)
    .constdata                               0x00004668   Section       80  spifi_rom_api.o(.constdata)
    .constdata                               0x000046b8   Section       64  atmel.o(.constdata)
    .constdata                               0x000046f8   Section      130  macronix.o(.constdata)
    .constdata                               0x0000477c   Section      120  sst.o(.constdata)
    .data                                    0x10000000   Section       16  system_lpc407x_8x_177x_8x.o(.data)
    .data                                    0x10000010   Section       60  debug_frmwrk.o(.data)
    .data                                    0x1000004c   Section      300  spifi_test.o(.data)
    .bss                                     0x10000178   Section      404  spifi_test.o(.bss)
    STACK                                    0x10000310   Section     1024  startup_lpc407x_8x_177x_8x.o(STACK)

    Global Symbols

    Symbol Name                              Value     Ov Type        Size  Object(Section)

    BuildAttributes$$THM_ISAv4$E$P$D$K$B$S$7EM$VFPi3$EXTD16$VFPS$VFMA$PE$A:L22UL41UL21$X:L11$S22US41US21$IEEE1$IW$USESV6$~STKCKD$USESV7$~SHL$OSPACE$EBA8$MICROLIB$REQ8$PRES8$EABIv2 0x00000000   Number         0  anon$$obj.o ABSOLUTE
    __ARM_use_no_argv                        0x00000000   Number         0  spifi_test.o ABSOLUTE
    __Vectors                                0x00000000   Data           4  startup_lpc407x_8x_177x_8x.o(RESET)
    _clock_init                               - Undefined Weak Reference
    __main                                   0x000000e5   Thumb Code     0  entry.o(.ARM.Collect$$$$00000000)
    _main_stk                                0x000000e5   Thumb Code     0  entry2.o(.ARM.Collect$$$$00000001)
    _main_scatterload                        0x000000e9   Thumb Code     0  entry5.o(.ARM.Collect$$$$00000004)
    __main_after_scatterload                 0x000000ed   Thumb Code     0  entry5.o(.ARM.Collect$$$$00000004)
    _main_clock                              0x000000ed   Thumb Code     0  entry7b.o(.ARM.Collect$$$$00000008)
    _main_init                               0x000000ed   Thumb Code     0  entry8.o(.ARM.Collect$$$$00000009)
    Reset_Handler                            0x000000f9   Thumb Code     8  startup_lpc407x_8x_177x_8x.o(.text)
    NMI_Handler                              0x00000101   Thumb Code     2  startup_lpc407x_8x_177x_8x.o(.text)
    HardFault_Handler                        0x00000103   Thumb Code     2  startup_lpc407x_8x_177x_8x.o(.text)
    MemManage_Handler                        0x00000105   Thumb Code     2  startup_lpc407x_8x_177x_8x.o(.text)
    BusFault_Handler                         0x00000107   Thumb Code     2  startup_lpc407x_8x_177x_8x.o(.text)
    UsageFault_Handler                       0x00000109   Thumb Code     2  startup_lpc407x_8x_177x_8x.o(.text)
    SVC_Handler                              0x0000010b   Thumb Code     2  startup_lpc407x_8x_177x_8x.o(.text)
    DebugMon_Handler                         0x0000010d   Thumb Code     2  startup_lpc407x_8x_177x_8x.o(.text)
    PendSV_Handler                           0x0000010f   Thumb Code     2  startup_lpc407x_8x_177x_8x.o(.text)
    SysTick_Handler                          0x00000111   Thumb Code     2  startup_lpc407x_8x_177x_8x.o(.text)
    ADC_IRQHandler                           0x00000113   Thumb Code     0  startup_lpc407x_8x_177x_8x.o(.text)
    BOD_IRQHandler                           0x00000113   Thumb Code     0  startup_lpc407x_8x_177x_8x.o(.text)
    CANActivity_IRQHandler                   0x00000113   Thumb Code     0  startup_lpc407x_8x_177x_8x.o(.text)
    CAN_IRQHandler                           0x00000113   Thumb Code     0  startup_lpc407x_8x_177x_8x.o(.text)
    DMA_IRQHandler                           0x00000113   Thumb Code     0  startup_lpc407x_8x_177x_8x.o(.text)
    EEPROM_IRQHandler                        0x00000113   Thumb Code     0  startup_lpc407x_8x_177x_8x.o(.text)
    EINT0_IRQHandler                         0x00000113   Thumb Code     0  startup_lpc407x_8x_177x_8x.o(.text)
    EINT1_IRQHandler                         0x00000113   Thumb Code     0  startup_lpc407x_8x_177x_8x.o(.text)
    EINT2_IRQHandler                         0x00000113   Thumb Code     0  startup_lpc407x_8x_177x_8x.o(.text)
    EINT3_IRQHandler                         0x00000113   Thumb Code     0  startup_lpc407x_8x_177x_8x.o(.text)
    ENET_IRQHandler                          0x00000113   Thumb Code     0  startup_lpc407x_8x_177x_8x.o(.text)
    GPIO_IRQHandler                          0x00000113   Thumb Code     0  startup_lpc407x_8x_177x_8x.o(.text)
    I2C0_IRQHandler                          0x00000113   Thumb Code     0  startup_lpc407x_8x_177x_8x.o(.text)
    I2C1_IRQHandler                          0x00000113   Thumb Code     0  startup_lpc407x_8x_177x_8x.o(.text)
    I2C2_IRQHandler                          0x00000113   Thumb Code     0  startup_lpc407x_8x_177x_8x.o(.text)
    I2S_IRQHandler                           0x00000113   Thumb Code     0  startup_lpc407x_8x_177x_8x.o(.text)
    LCD_IRQHandler                           0x00000113   Thumb Code     0  startup_lpc407x_8x_177x_8x.o(.text)
    MCI_IRQHandler                           0x00000113   Thumb Code     0  startup_lpc407x_8x_177x_8x.o(.text)
    MCPWM_IRQHandler                         0x00000113   Thumb Code     0  startup_lpc407x_8x_177x_8x.o(.text)
    PLL0_IRQHandler                          0x00000113   Thumb Code     0  startup_lpc407x_8x_177x_8x.o(.text)
    PLL1_IRQHandler                          0x00000113   Thumb Code     0  startup_lpc407x_8x_177x_8x.o(.text)
    PWM0_IRQHandler                          0x00000113   Thumb Code     0  startup_lpc407x_8x_177x_8x.o(.text)
    PWM1_IRQHandler                          0x00000113   Thumb Code     0  startup_lpc407x_8x_177x_8x.o(.text)
    QEI_IRQHandler                           0x00000113   Thumb Code     0  startup_lpc407x_8x_177x_8x.o(.text)
    RTC_IRQHandler                           0x00000113   Thumb Code     0  startup_lpc407x_8x_177x_8x.o(.text)
    SSP0_IRQHandler                          0x00000113   Thumb Code     0  startup_lpc407x_8x_177x_8x.o(.text)
    SSP1_IRQHandler                          0x00000113   Thumb Code     0  startup_lpc407x_8x_177x_8x.o(.text)
    SSP2_IRQHandler                          0x00000113   Thumb Code     0  startup_lpc407x_8x_177x_8x.o(.text)
    TIMER0_IRQHandler                        0x00000113   Thumb Code     0  startup_lpc407x_8x_177x_8x.o(.text)
    TIMER1_IRQHandler                        0x00000113   Thumb Code     0  startup_lpc407x_8x_177x_8x.o(.text)
    TIMER2_IRQHandler                        0x00000113   Thumb Code     0  startup_lpc407x_8x_177x_8x.o(.text)
    TIMER3_IRQHandler                        0x00000113   Thumb Code     0  startup_lpc407x_8x_177x_8x.o(.text)
    UART0_IRQHandler                         0x00000113   Thumb Code     0  startup_lpc407x_8x_177x_8x.o(.text)
    UART1_IRQHandler                         0x00000113   Thumb Code     0  startup_lpc407x_8x_177x_8x.o(.text)
    UART2_IRQHandler                         0x00000113   Thumb Code     0  startup_lpc407x_8x_177x_8x.o(.text)
    UART3_IRQHandler                         0x00000113   Thumb Code     0  startup_lpc407x_8x_177x_8x.o(.text)
    UART4_IRQHandler                         0x00000113   Thumb Code     0  startup_lpc407x_8x_177x_8x.o(.text)
    USBActivity_IRQHandler                   0x00000113   Thumb Code     0  startup_lpc407x_8x_177x_8x.o(.text)
    USB_IRQHandler                           0x00000113   Thumb Code     0  startup_lpc407x_8x_177x_8x.o(.text)
    WDT_IRQHandler                           0x00000113   Thumb Code     0  startup_lpc407x_8x_177x_8x.o(.text)
    CLKPWR_SetCLKDiv                         0x0000011d   Thumb Code   154  lpc_clkpwr.o(.text)
    CLKPWR_GetCLK                            0x000001b7   Thumb Code    46  lpc_clkpwr.o(.text)
    CLKPWR_ConfigPPWR                        0x000001e5   Thumb Code    38  lpc_clkpwr.o(.text)
    CLKPWR_Sleep                             0x0000020b   Thumb Code    10  lpc_clkpwr.o(.text)
    CLKPWR_DeepSleep                         0x00000215   Thumb Code    16  lpc_clkpwr.o(.text)
    CLKPWR_PowerDown                         0x00000225   Thumb Code    16  lpc_clkpwr.o(.text)
    CLKPWR_DeepPowerDown                     0x00000235   Thumb Code    16  lpc_clkpwr.o(.text)
    __aeabi_uldivmod                         0x00000275   Thumb Code    98  uldiv.o(.text)
    __aeabi_llsl                             0x000002d7   Thumb Code    30  llshl.o(.text)
    _ll_shift_l                              0x000002d7   Thumb Code     0  llshl.o(.text)
    __scatterload_null                       0x000002f5   Thumb Code     2  handlers.o(i.__scatterload_null)
    SystemCoreClockUpdate                    0x00000301   Thumb Code   664  system_lpc407x_8x_177x_8x.o(.text)
    fpu_init                                 0x00000599   Thumb Code    54  system_lpc407x_8x_177x_8x.o(.text)
    SystemInit                               0x000005cf   Thumb Code   210  system_lpc407x_8x_177x_8x.o(.text)
    UARTPutChar                              0x00000709   Thumb Code    18  debug_frmwrk.o(.text)
    UARTGetChar                              0x0000071b   Thumb Code    26  debug_frmwrk.o(.text)
    UARTGetCharInNonBlock                    0x00000735   Thumb Code    34  debug_frmwrk.o(.text)
    UARTPuts                                 0x00000757   Thumb Code    28  debug_frmwrk.o(.text)
    UARTGetValue                             0x00000773   Thumb Code   348  debug_frmwrk.o(.text)
    UARTPuts_                                0x000008cf   Thumb Code    24  debug_frmwrk.o(.text)
    UARTPutDec                               0x000008e7   Thumb Code    94  debug_frmwrk.o(.text)
    UARTPutDec16                             0x00000945   Thumb Code   158  debug_frmwrk.o(.text)
    UARTPutDec32                             0x000009e3   Thumb Code   280  debug_frmwrk.o(.text)
    UARTPutHex_                              0x00000afb   Thumb Code    58  debug_frmwrk.o(.text)
    UARTPutHex                               0x00000b35   Thumb Code    66  debug_frmwrk.o(.text)
    UARTPutHex16_                            0x00000b77   Thumb Code    58  debug_frmwrk.o(.text)
    UARTPutHex16                             0x00000bb1   Thumb Code    66  debug_frmwrk.o(.text)
    UARTPutHex32_                            0x00000bf3   Thumb Code   182  debug_frmwrk.o(.text)
    UARTPutHex32                             0x00000ca9   Thumb Code    68  debug_frmwrk.o(.text)
    debug_frmwrk_init                        0x00000ced   Thumb Code   166  debug_frmwrk.o(.text)
    GPIO_Init                                0x00000e7f   Thumb Code    12  lpc_gpio.o(.text)
    GPIO_Deinit                              0x00000e8b   Thumb Code    14  lpc_gpio.o(.text)
    GPIO_SetDir                              0x00000e99   Thumb Code    40  lpc_gpio.o(.text)
    GPIO_SetValue                            0x00000ec1   Thumb Code    20  lpc_gpio.o(.text)
    GPIO_ClearValue                          0x00000ed5   Thumb Code    20  lpc_gpio.o(.text)
    GPIO_OutputValue                         0x00000ee9   Thumb Code    30  lpc_gpio.o(.text)
    GPIO_ReadValue                           0x00000f07   Thumb Code    22  lpc_gpio.o(.text)
    GPIO_IntCmd                              0x00000f1d   Thumb Code    54  lpc_gpio.o(.text)
    GPIO_GetIntStatus                        0x00000f53   Thumb Code    86  lpc_gpio.o(.text)
    GPIO_ClearInt                            0x00000fa9   Thumb Code    24  lpc_gpio.o(.text)
    FIO_SetDir                               0x00000fc1   Thumb Code    20  lpc_gpio.o(.text)
    FIO_SetValue                             0x00000fd5   Thumb Code    16  lpc_gpio.o(.text)
    FIO_ClearValue                           0x00000fe5   Thumb Code    16  lpc_gpio.o(.text)
    FIO_ReadValue                            0x00000ff5   Thumb Code    12  lpc_gpio.o(.text)
    FIO_IntCmd                               0x00001001   Thumb Code    20  lpc_gpio.o(.text)
    FIO_GetIntStatus                         0x00001015   Thumb Code    20  lpc_gpio.o(.text)
    FIO_ClearInt                             0x00001029   Thumb Code    16  lpc_gpio.o(.text)
    FIO_SetMask                              0x00001039   Thumb Code    40  lpc_gpio.o(.text)
    FIO_HalfWordSetDir                       0x00001061   Thumb Code    62  lpc_gpio.o(.text)
    FIO_HalfWordSetMask                      0x0000109f   Thumb Code    62  lpc_gpio.o(.text)
    FIO_HalfWordSetValue                     0x000010dd   Thumb Code    32  lpc_gpio.o(.text)
    FIO_HalfWordClearValue                   0x000010fd   Thumb Code    32  lpc_gpio.o(.text)
    FIO_HalfWordReadValue                    0x0000111d   Thumb Code    30  lpc_gpio.o(.text)
    FIO_ByteSetDir                           0x0000113b   Thumb Code    50  lpc_gpio.o(.text)
    FIO_ByteSetMask                          0x0000116d   Thumb Code    66  lpc_gpio.o(.text)
    FIO_ByteSetValue                         0x000011af   Thumb Code    78  lpc_gpio.o(.text)
    FIO_ByteClearValue                       0x000011fd   Thumb Code    34  lpc_gpio.o(.text)
    FIO_ByteReadValue                        0x0000121f   Thumb Code    32  lpc_gpio.o(.text)
    UART_Init                                0x0000147f   Thumb Code   550  lpc_uart.o(.text)
    UART_TxCmd                               0x000016a5   Thumb Code   128  lpc_uart.o(.text)
    UART_DeInit                              0x00001725   Thumb Code    82  lpc_uart.o(.text)
    UART_ConfigStructInit                    0x00001777   Thumb Code    18  lpc_uart.o(.text)
    UART_SendByte                            0x00001789   Thumb Code    48  lpc_uart.o(.text)
    UART_ReceiveByte                         0x000017b9   Thumb Code    52  lpc_uart.o(.text)
    UART_Send                                0x000017ed   Thumb Code   224  lpc_uart.o(.text)
    UART_Receive                             0x000018cd   Thumb Code   186  lpc_uart.o(.text)
    UART_ForceBreak                          0x00001987   Thumb Code    88  lpc_uart.o(.text)
    UART_IntConfig                           0x000019df   Thumb Code   178  lpc_uart.o(.text)
    UART_GetLineStatus                       0x00001a91   Thumb Code    52  lpc_uart.o(.text)
    UART_GetIntId                            0x00001ac5   Thumb Code    80  lpc_uart.o(.text)
    UART_CheckBusy                           0x00001b15   Thumb Code    84  lpc_uart.o(.text)
    UART_FIFOConfig                          0x00001b69   Thumb Code   152  lpc_uart.o(.text)
    UART_FIFOConfigStructInit                0x00001c01   Thumb Code    14  lpc_uart.o(.text)
    UART_ABCmd                               0x00001c0f   Thumb Code   210  lpc_uart.o(.text)
    UART_ABClearIntPending                   0x00001ce1   Thumb Code    56  lpc_uart.o(.text)
    UART_IrDAInvtInputCmd                    0x00001d19   Thumb Code    42  lpc_uart.o(.text)
    UART_IrDACmd                             0x00001d43   Thumb Code    40  lpc_uart.o(.text)
    UART_IrDAPulseDivConfig                  0x00001d6b   Thumb Code    38  lpc_uart.o(.text)
    UART_FullModemForcePinState              0x00001d91   Thumb Code    64  lpc_uart.o(.text)
    UART_FullModemConfigMode                 0x00001dd1   Thumb Code    72  lpc_uart.o(.text)
    UART_FullModemGetStatus                  0x00001e19   Thumb Code    16  lpc_uart.o(.text)
    UART_RS485Config                         0x00001e29   Thumb Code   200  lpc_uart.o(.text)
    UART_RS485ReceiverCmd                    0x00001ef1   Thumb Code    64  lpc_uart.o(.text)
    UART_RS485Send                           0x00001f31   Thumb Code   138  lpc_uart.o(.text)
    UART_RS485SendSlvAddr                    0x00001fbb   Thumb Code    18  lpc_uart.o(.text)
    UART_RS485SendData                       0x00001fcd   Thumb Code    22  lpc_uart.o(.text)
    PINSEL_GetPinType                        0x00001fff   Thumb Code   164  lpc_pinsel.o(.text)
    PINSEL_ConfigPin                         0x000020a3   Thumb Code    64  lpc_pinsel.o(.text)
    PINSEL_SetPinMode                        0x000020e3   Thumb Code    82  lpc_pinsel.o(.text)
    PINSEL_SetHysMode                        0x00002135   Thumb Code    78  lpc_pinsel.o(.text)
    PINSEL_SetInvertInput                    0x00002183   Thumb Code    76  lpc_pinsel.o(.text)
    PINSEL_SetSlewMode                       0x000021cf   Thumb Code    78  lpc_pinsel.o(.text)
    PINSEL_SetI2CFilter                      0x0000221d   Thumb Code    76  lpc_pinsel.o(.text)
    PINSEL_SetI2CMode                        0x00002269   Thumb Code   136  lpc_pinsel.o(.text)
    PINSEL_SetOpenDrainMode                  0x000022f1   Thumb Code    82  lpc_pinsel.o(.text)
    PINSEL_SetAnalogPinMode                  0x00002343   Thumb Code    76  lpc_pinsel.o(.text)
    PINSEL_DacEnable                         0x0000238f   Thumb Code    90  lpc_pinsel.o(.text)
    PINSEL_SetFilter                         0x000023e9   Thumb Code    80  lpc_pinsel.o(.text)
    print_menu                               0x0000243d   Thumb Code    14  spifi_test.o(.text)
    spifi_io_clk_init                        0x0000244b   Thumb Code   146  spifi_test.o(.text)
    c_entry                                  0x000024dd   Thumb Code   278  spifi_test.o(.text)
    main                                     0x000025f3   Thumb Code     4  spifi_test.o(.text)
    read_flash                               0x00002691   Thumb Code    50  spifi_rom_api.o(.text)
    cmd                                      0x000026c3   Thumb Code    22  spifi_rom_api.o(.text)
    all_quad                                 0x000026d9   Thumb Code    16  spifi_rom_api.o(.text)
    read04                                   0x000026e9   Thumb Code    32  spifi_rom_api.o(.text)
    readAd                                   0x00002709   Thumb Code    18  spifi_rom_api.o(.text)
    send04                                   0x0000271b   Thumb Code    40  spifi_rom_api.o(.text)
    wren                                     0x00002743   Thumb Code     6  spifi_rom_api.o(.text)
    wren_send04                              0x00002749   Thumb Code    28  spifi_rom_api.o(.text)
    wren_sendAd                              0x00002765   Thumb Code    74  spifi_rom_api.o(.text)
    cancel_mem_mode                          0x000027af   Thumb Code    64  spifi_rom_api.o(.text)
    wait_busy                                0x000027ef   Thumb Code   218  spifi_rom_api.o(.text)
    write_stat                               0x000028c9   Thumb Code    50  spifi_rom_api.o(.text)
    set_mem_mode                             0x000028fb   Thumb Code   142  spifi_rom_api.o(.text)
    setWPSEL                                 0x00002989   Thumb Code    48  spifi_rom_api.o(.text)
    setProtEnts                              0x000029b9   Thumb Code    60  spifi_rom_api.o(.text)
    getProtBytes                             0x000029f5   Thumb Code    28  spifi_rom_api.o(.text)
    readProt                                 0x00002a11   Thumb Code    84  spifi_rom_api.o(.text)
    setSize                                  0x00002a65   Thumb Code    52  spifi_rom_api.o(.text)
    setDev                                   0x00002a99   Thumb Code   412  spifi_rom_api.o(.text)
    spifi_init                               0x00002c35   Thumb Code   462  spifi_rom_api.o(.text)
    setProt                                  0x00002e03   Thumb Code  1060  spifi_rom_api.o(.text)
    checkAd                                  0x00003227   Thumb Code    72  spifi_rom_api.o(.text)
    send_erase_cmd                           0x0000326f   Thumb Code    66  spifi_rom_api.o(.text)
    send_prog_cmd                            0x000032b1   Thumb Code    24  spifi_rom_api.o(.text)
    prog_block                               0x000032c9   Thumb Code   246  spifi_rom_api.o(.text)
    ck_erase                                 0x000033bf   Thumb Code    24  spifi_rom_api.o(.text)
    ck_setup                                 0x000033d7   Thumb Code    22  spifi_rom_api.o(.text)
    ck_prog                                  0x000033ed   Thumb Code    98  spifi_rom_api.o(.text)
    check_block                              0x0000344f   Thumb Code   128  spifi_rom_api.o(.text)
    spifi_program                            0x000034cf   Thumb Code   584  spifi_rom_api.o(.text)
    spifi_erase                              0x00003717   Thumb Code   496  spifi_rom_api.o(.text)
    amic                                     0x0000390d   Thumb Code   134  amic.o(.text)
    atm                                      0x000039ad   Thumb Code   252  atmel.o(.text)
    chi                                      0x00003ac1   Thumb Code   194  chi.o(.text)
    eon                                      0x00003b9d   Thumb Code   174  eon.o(.text)
    esmt                                     0x00003c59   Thumb Code   164  esmt.o(.text)
    giga                                     0x00003d15   Thumb Code   156  giga.o(.text)
    mxic                                     0x00003dc5   Thumb Code   382  macronix.o(.text)
    numo_dummies                             0x00003f59   Thumb Code    50  numonyx.o(.text)
    numo                                     0x00003f8b   Thumb Code   290  numonyx.o(.text)
    moreId                                   0x000040d5   Thumb Code    66  spansion.o(.text)
    span                                     0x00004117   Thumb Code   146  spansion.o(.text)
    sst                                      0x000041c1   Thumb Code   158  sst.o(.text)
    wbd_dummies                              0x00004279   Thumb Code    30  winbond.o(.text)
    wbd                                      0x00004297   Thumb Code   202  winbond.o(.text)
    set_uart                                 0x00004375   Thumb Code    42  neo_details.o(.text)
    set_spifi_clk                            0x0000439f   Thumb Code   254  neo_details.o(.text)
    set_spifi_io                             0x0000449d   Thumb Code    34  neo_details.o(.text)
    pullMISO                                 0x000044bf   Thumb Code    26  neo_details.o(.text)
    __aeabi_llsr                             0x000044ed   Thumb Code    32  llushr.o(.text)
    _ll_ushift_r                             0x000044ed   Thumb Code     0  llushr.o(.text)
    __aeabi_memcpy                           0x0000450d   Thumb Code    36  memcpya.o(.text)
    __aeabi_memcpy4                          0x0000450d   Thumb Code     0  memcpya.o(.text)
    __aeabi_memcpy8                          0x0000450d   Thumb Code     0  memcpya.o(.text)
    __aeabi_memset                           0x00004531   Thumb Code    14  memseta.o(.text)
    __aeabi_memset4                          0x00004531   Thumb Code     0  memseta.o(.text)
    __aeabi_memset8                          0x00004531   Thumb Code     0  memseta.o(.text)
    __aeabi_memclr                           0x0000453f   Thumb Code     4  memseta.o(.text)
    __aeabi_memclr4                          0x0000453f   Thumb Code     0  memseta.o(.text)
    __aeabi_memclr8                          0x0000453f   Thumb Code     0  memseta.o(.text)
    _memset$wrapper                          0x00004543   Thumb Code    20  memseta.o(.text)
    memcmp                                   0x00004557   Thumb Code    26  memcmp.o(.text)
    __scatterload                            0x00004571   Thumb Code    28  init.o(.text)
    __scatterload_rt2                        0x00004571   Thumb Code     0  init.o(.text)
    __decompress                             0x00004595   Thumb Code     0  __dczerorl2.o(.text)
    __decompress1                            0x00004595   Thumb Code    92  __dczerorl2.o(.text)
    __scatterload_copy                       0x000045f1   Thumb Code    14  handlers.o(i.__scatterload_copy)
    __scatterload_zeroinit                   0x000045ff   Thumb Code    14  handlers.o(i.__scatterload_zeroinit)
    spifi_table                              0x00004668   Data          80  spifi_rom_api.o(.constdata)
    AT25DF041E                               0x000046b8   Data          32  atmel.o(.constdata)
    AT2xDF081AE                              0x000046d8   Data          32  atmel.o(.constdata)
    MX25U80E                                 0x000046f8   Data          16  macronix.o(.constdata)
    MX25U16E                                 0x00004708   Data          16  macronix.o(.constdata)
    MX25U32E                                 0x00004718   Data          16  macronix.o(.constdata)
    MX25L64E                                 0x00004728   Data          24  macronix.o(.constdata)
    MX25L128E                                0x00004740   Data          24  macronix.o(.constdata)
    MX25L256E                                0x00004758   Data          24  macronix.o(.constdata)
    mxMasks                                  0x00004770   Data          10  macronix.o(.constdata)
    SST16MbE                                 0x0000477c   Data          40  sst.o(.constdata)
    SST32MbE                                 0x000047a4   Data          40  sst.o(.constdata)
    SST64MbE                                 0x000047cc   Data          40  sst.o(.constdata)
    Region$$Table$$Base                      0x000047f4   Number         0  anon$$obj.o(Region$$Table)
    Region$$Table$$Limit                     0x00004814   Number         0  anon$$obj.o(Region$$Table)
    SystemCoreClock                          0x10000000   Data           4  system_lpc407x_8x_177x_8x.o(.data)
    PeripheralClock                          0x10000004   Data           4  system_lpc407x_8x_177x_8x.o(.data)
    EMCClock                                 0x10000008   Data           4  system_lpc407x_8x_177x_8x.o(.data)
    USBClock                                 0x1000000c   Data           4  system_lpc407x_8x_177x_8x.o(.data)
    _db_msg                                  0x10000010   Data           4  debug_frmwrk.o(.data)
    _db_msg_                                 0x10000014   Data           4  debug_frmwrk.o(.data)
    _db_char                                 0x10000018   Data           4  debug_frmwrk.o(.data)
    _db_dec                                  0x1000001c   Data           4  debug_frmwrk.o(.data)
    _db_dec_16                               0x10000020   Data           4  debug_frmwrk.o(.data)
    _db_dec_32                               0x10000024   Data           4  debug_frmwrk.o(.data)
    _db_hex                                  0x10000028   Data           4  debug_frmwrk.o(.data)
    _db_hex_16                               0x1000002c   Data           4  debug_frmwrk.o(.data)
    _db_hex_32                               0x10000030   Data           4  debug_frmwrk.o(.data)
    _db_hex_                                 0x10000034   Data           4  debug_frmwrk.o(.data)
    _db_hex_16_                              0x10000038   Data           4  debug_frmwrk.o(.data)
    _db_hex_32_                              0x1000003c   Data           4  debug_frmwrk.o(.data)
    _db_get_char                             0x10000040   Data           4  debug_frmwrk.o(.data)
    _db_get_char_nonblocking                 0x10000044   Data           4  debug_frmwrk.o(.data)
    _db_get_val                              0x10000048   Data           4  debug_frmwrk.o(.data)
    menu1                                    0x1000004c   Data         293  spifi_test.o(.data)
    pSpifi                                   0x10000174   Data           4  spifi_test.o(.data)
    obj                                      0x10000178   Data         128  spifi_test.o(.bss)
    opers                                    0x100001f8   Data          20  spifi_test.o(.bss)
    ProgramData                              0x1000020c   Data         256  spifi_test.o(.bss)
    __initial_sp                             0x10000710   Data           0  startup_lpc407x_8x_177x_8x.o(STACK)



==============================================================================

Memory Map of the image

  Image Entry point : 0x000000e5

  Load Region LR_IROM1 (Base: 0x00000000, Size: 0x0000498c, Max: 0x00080000, ABSOLUTE, COMPRESSED[0x000048a0])

    Execution Region ER_IROM1 (Base: 0x00000000, Size: 0x00004814, Max: 0x00080000, ABSOLUTE)

    Base Addr    Size         Type   Attr      Idx    E Section Name        Object

    0x00000000   0x000000e4   Data   RO            3    RESET               startup_lpc407x_8x_177x_8x.o
    0x000000e4   0x00000000   Code   RO          253  * .ARM.Collect$$$$00000000  mc_w.l(entry.o)
    0x000000e4   0x00000004   Code   RO          270    .ARM.Collect$$$$00000001  mc_w.l(entry2.o)
    0x000000e8   0x00000004   Code   RO          273    .ARM.Collect$$$$00000004  mc_w.l(entry5.o)
    0x000000ec   0x00000000   Code   RO          275    .ARM.Collect$$$$00000008  mc_w.l(entry7b.o)
    0x000000ec   0x00000008   Code   RO          276    .ARM.Collect$$$$00000009  mc_w.l(entry8.o)
    0x000000f4   0x00000004   Code   RO          271    .ARM.Collect$$$$00002712  mc_w.l(entry2.o)
    0x000000f8   0x00000024   Code   RO            5    .text               startup_lpc407x_8x_177x_8x.o
    0x0000011c   0x00000158   Code   RO          136    .text               lpc_clkpwr.o
    0x00000274   0x00000062   Code   RO          256    .text               mc_w.l(uldiv.o)
    0x000002d6   0x0000001e   Code   RO          258    .text               mc_w.l(llshl.o)
    0x000002f4   0x00000002   Code   RO          282    i.__scatterload_null  mc_w.l(handlers.o)
    0x000002f6   0x00000006   PAD
    0x000002fc   0x00000004   Code   RO            4    .ARM.__at_0x02FC    startup_lpc407x_8x_177x_8x.o
    0x00000300   0x00000408   Code   RO           14    .text               system_lpc407x_8x_177x_8x.o
    0x00000708   0x000006c8   Code   RO           56    .text               debug_frmwrk.o
    0x00000dd0   0x0000046e   Code   RO           95    .text               lpc_gpio.o
    0x0000123e   0x00000002   PAD
    0x00001240   0x00000dac   Code   RO          155    .text               lpc_uart.o
    0x00001fec   0x00000450   Code   RO          171    .text               lpc_pinsel.o
    0x0000243c   0x00000254   Code   RO          187    .text               spifi_test.o
    0x00002690   0x0000127c   Code   RO          223    .text               spifi_drv_M4.lib(spifi_rom_api.o)
    0x0000390c   0x000000a0   Code   RO          226    .text               spifi_drv_M4.lib(amic.o)
    0x000039ac   0x00000114   Code   RO          228    .text               spifi_drv_M4.lib(atmel.o)
    0x00003ac0   0x000000dc   Code   RO          231    .text               spifi_drv_M4.lib(chi.o)
    0x00003b9c   0x000000bc   Code   RO          233    .text               spifi_drv_M4.lib(eon.o)
    0x00003c58   0x000000bc   Code   RO          235    .text               spifi_drv_M4.lib(esmt.o)
    0x00003d14   0x000000b0   Code   RO          237    .text               spifi_drv_M4.lib(giga.o)
    0x00003dc4   0x00000194   Code   RO          239    .text               spifi_drv_M4.lib(macronix.o)
    0x00003f58   0x0000017c   Code   RO          242    .text               spifi_drv_M4.lib(numonyx.o)
    0x000040d4   0x000000ec   Code   RO          244    .text               spifi_drv_M4.lib(spansion.o)
    0x000041c0   0x000000b8   Code   RO          246    .text               spifi_drv_M4.lib(sst.o)
    0x00004278   0x000000fc   Code   RO          249    .text               spifi_drv_M4.lib(winbond.o)
    0x00004374   0x00000178   Code   RO          251    .text               spifi_drv_M4.lib(neo_details.o)
    0x000044ec   0x00000020   Code   RO          260    .text               mc_w.l(llushr.o)
    0x0000450c   0x00000024   Code   RO          262    .text               mc_w.l(memcpya.o)
    0x00004530   0x00000026   Code   RO          264    .text               mc_w.l(memseta.o)
    0x00004556   0x0000001a   Code   RO          266    .text               mc_w.l(memcmp.o)
    0x00004570   0x00000024   Code   RO          277    .text               mc_w.l(init.o)
    0x00004594   0x0000005c   Code   RO          287    .text               mc_w.l(__dczerorl2.o)
    0x000045f0   0x0000000e   Code   RO          281    i.__scatterload_copy  mc_w.l(handlers.o)
    0x000045fe   0x0000000e   Code   RO          283    i.__scatterload_zeroinit  mc_w.l(handlers.o)
    0x0000460c   0x00000059   Data   RO           57    .constdata          debug_frmwrk.o
    0x00004665   0x00000003   PAD
    0x00004668   0x00000050   Data   RO          224    .constdata          spifi_drv_M4.lib(spifi_rom_api.o)
    0x000046b8   0x00000040   Data   RO          229    .constdata          spifi_drv_M4.lib(atmel.o)
    0x000046f8   0x00000082   Data   RO          240    .constdata          spifi_drv_M4.lib(macronix.o)
    0x0000477a   0x00000002   PAD
    0x0000477c   0x00000078   Data   RO          247    .constdata          spifi_drv_M4.lib(sst.o)
    0x000047f4   0x00000020   Data   RO          279    Region$$Table       anon$$obj.o


    Execution Region RW_IRAM1 (Base: 0x10000000, Size: 0x00000710, Max: 0x00010000, ABSOLUTE, COMPRESSED[0x0000008c])

    Base Addr    Size         Type   Attr      Idx    E Section Name        Object

    0x10000000   0x00000010   Data   RW           15    .data               system_lpc407x_8x_177x_8x.o
    0x10000010   0x0000003c   Data   RW           58    .data               debug_frmwrk.o
    0x1000004c   0x0000012c   Data   RW          189    .data               spifi_test.o
    0x10000178   0x00000194   Zero   RW          188    .bss                spifi_test.o
    0x1000030c   0x00000004   PAD
    0x10000310   0x00000400   Zero   RW            1    STACK               startup_lpc407x_8x_177x_8x.o


    Execution Region RW_IRAM2 (Base: 0x20000000, Size: 0x00000000, Max: 0x00008000, ABSOLUTE)

    **** No section assigned to this execution region ****


==============================================================================

Image component sizes


      Code (inc. data)   RO Data    RW Data    ZI Data      Debug   Object Name

      1736        198         89         60          0      17475   debug_frmwrk.o
       344         48          0          0          0       1835   lpc_clkpwr.o
      1134         62          0          0          0      11314   lpc_gpio.o
      1104         20          0          0          0       6538   lpc_pinsel.o
      3500        156          0          0          0      12317   lpc_uart.o
       596        154          0        300        404       5207   spifi_test.o
        40         12        228          0       1024       1264   startup_lpc407x_8x_177x_8x.o
      1032        104          0         16          0      30416   system_lpc407x_8x_177x_8x.o

    ----------------------------------------------------------------------
      9488        754        352        376       1432      86366   Object Totals
         0          0         32          0          0          0   (incl. Generated)
         2          0          3          0          4          0   (incl. Padding)

    ----------------------------------------------------------------------

      Code (inc. data)   RO Data    RW Data    ZI Data      Debug   Library Member Name

        92          0          0          0          0          0   __dczerorl2.o
         0          0          0          0          0          0   entry.o
         8          4          0          0          0          0   entry2.o
         4          0          0          0          0          0   entry5.o
         0          0          0          0          0          0   entry7b.o
         8          4          0          0          0          0   entry8.o
        30          0          0          0          0          0   handlers.o
        36          8          0          0          0         68   init.o
        30          0          0          0          0         68   llshl.o
        32          0          0          0          0         68   llushr.o
        26          0          0          0          0         80   memcmp.o
        36          0          0          0          0         68   memcpya.o
        38          0          0          0          0        108   memseta.o
        98          0          0          0          0         92   uldiv.o
       160         26          0          0          0         92   amic.o
       276         24         64          0          0         96   atmel.o
       220         26          0          0          0         88   chi.o
       188         14          0          0          0         96   eon.o
       188         24          0          0          0         96   esmt.o
       176         20          0          0          0         96   giga.o
       404         28        130          0          0         92   macronix.o
       376         20          0          0          0        236   neo_details.o
       380         40          0          0          0        184   numonyx.o
       236         24          0          0          0        112   spansion.o
      4732        116         80          0          0       1080   spifi_rom_api.o
       184         26        120          0          0         88   sst.o
       252         20          0          0          0        172   winbond.o

    ----------------------------------------------------------------------
      8216        424        396          0          0       3080   Library Totals
         6          0          2          0          0          0   (incl. Padding)

    ----------------------------------------------------------------------

      Code (inc. data)   RO Data    RW Data    ZI Data      Debug   Library Name

       438         16          0          0          0        552   mc_w.l
      7772        408        394          0          0       2528   spifi_drv_M4.lib

    ----------------------------------------------------------------------
      8216        424        396          0          0       3080   Library Totals

    ----------------------------------------------------------------------

==============================================================================


      Code (inc. data)   RO Data    RW Data    ZI Data      Debug   

     17704       1178        748        376       1432      87154   Grand Totals
     17704       1178        748        140       1432      87154   ELF Image Totals (compressed)
     17704       1178        748        140          0          0   ROM Totals

==============================================================================

    Total RO  Size (Code + RO Data)                18452 (  18.02kB)
    Total RW  Size (RW Data + ZI Data)              1808 (   1.77kB)
    Total ROM Size (Code + RO Data + RW Data)      18592 (  18.16kB)

==============================================================================

