###############################################################################
#                                                                             #
# IAR ELF Linker V6.30.6.53336/W32 for ARM              15/May/2012  14:32:10 #
# Copyright 2007-2012 IAR Systems AB.                                         #
#                                                                             #
#    Output file  =  C:\MyProjects\LPC407x_8x\lpc407x_8x_177x_8x_Keil_IAR_new #
#                    \lpc407x_8x_177x_8x_Keil\Examples\GPIO\GPIO_LedBlinky\EW #
#                    ARM\Flash_M4\Exe\Gpio_LedBlinky.out.tmp                  #
#    Map file     =  C:\MyProjects\LPC407x_8x\lpc407x_8x_177x_8x_Keil_IAR_new #
#                    \lpc407x_8x_177x_8x_Keil\Examples\GPIO\GPIO_LedBlinky\EW #
#                    ARM\Flash_M4\List\Gpio_LedBlinky.map                     #
#    Command line =  C:\MyProjects\LPC407x_8x\lpc407x_8x_177x_8x_Keil_IAR_new #
#                    \lpc407x_8x_177x_8x_Keil\Examples\GPIO\GPIO_LedBlinky\EW #
#                    ARM\Flash_M4\Obj\Gpio_LedBlinky.o                        #
#                    C:\MyProjects\LPC407x_8x\lpc407x_8x_177x_8x_Keil_IAR_new #
#                    \lpc407x_8x_177x_8x_Keil\Examples\GPIO\GPIO_LedBlinky\EW #
#                    ARM\Flash_M4\Obj\lpc_clkpwr.o                            #
#                    C:\MyProjects\LPC407x_8x\lpc407x_8x_177x_8x_Keil_IAR_new #
#                    \lpc407x_8x_177x_8x_Keil\Examples\GPIO\GPIO_LedBlinky\EW #
#                    ARM\Flash_M4\Obj\lpc_gpio.o                              #
#                    C:\MyProjects\LPC407x_8x\lpc407x_8x_177x_8x_Keil_IAR_new #
#                    \lpc407x_8x_177x_8x_Keil\Examples\GPIO\GPIO_LedBlinky\EW #
#                    ARM\Flash_M4\Obj\lpc_pinsel.o                            #
#                    C:\MyProjects\LPC407x_8x\lpc407x_8x_177x_8x_Keil_IAR_new #
#                    \lpc407x_8x_177x_8x_Keil\Examples\GPIO\GPIO_LedBlinky\EW #
#                    ARM\Flash_M4\Obj\startup_LPC407x_8x_177x_8x.o            #
#                    C:\MyProjects\LPC407x_8x\lpc407x_8x_177x_8x_Keil_IAR_new #
#                    \lpc407x_8x_177x_8x_Keil\Examples\GPIO\GPIO_LedBlinky\EW #
#                    ARM\Flash_M4\Obj\system_LPC407x_8x_177x_8x.o --redirect  #
#                    _Printf=_PrintfFull --redirect _Scanf=_ScanfFull -o      #
#                    C:\MyProjects\LPC407x_8x\lpc407x_8x_177x_8x_Keil_IAR_new #
#                    \lpc407x_8x_177x_8x_Keil\Examples\GPIO\GPIO_LedBlinky\EW #
#                    ARM\Flash_M4\Exe\Gpio_LedBlinky.out.tmp --map            #
#                    C:\MyProjects\LPC407x_8x\lpc407x_8x_177x_8x_Keil_IAR_new #
#                    \lpc407x_8x_177x_8x_Keil\Examples\GPIO\GPIO_LedBlinky\EW #
#                    ARM\Flash_M4\List\Gpio_LedBlinky.map --config            #
#                    C:\MyProjects\LPC407x_8x\lpc407x_8x_177x_8x_Keil_IAR_new #
#                    \lpc407x_8x_177x_8x_Keil\Examples\GPIO\GPIO_LedBlinky\EW #
#                    ARM\LPC4088.icf --semihosting --entry                    #
#                    __iar_program_start --vfe                                #
#                                                                             #
#                                                                             #
###############################################################################

*******************************************************************************
*** RUNTIME MODEL ATTRIBUTES
***

CppFlavor       = *
__SystemLibrary = DLib


*******************************************************************************
*** PLACEMENT SUMMARY
***

"A1":  place at 0x00000000 { section .intvec };
"P1":  place in [from 0x00000140 to 0x0007ffff] { ro };
"P2":  place in [from 0x10000000 to 0x1000ffff] { rw, block CSTACK, block HEAP };

  Section            Kind        Address   Size  Object
  -------            ----        -------   ----  ------
"A1":                                      0xe4
  .intvec            ro code  0x00000000   0xe4  startup_LPC407x_8x_177x_8x.o [1]
                            - 0x000000e4   0xe4

"P1":                                     0x88c
  .text              ro code  0x00000140  0x46c  system_LPC407x_8x_177x_8x.o [1]
  .text              ro code  0x000005ac   0xe4  lpc_gpio.o [1]
  .text              ro code  0x00000690   0x68  lpc_clkpwr.o [1]
  .text              ro code  0x000006f8   0xe2  Gpio_LedBlinky.o [1]
  .text              ro code  0x000007da   0x2e  copy_init3.o [5]
  .text              ro code  0x00000808   0x2c  data_init3.o [5]
  .text              ro code  0x00000834   0x22  zero_init3.o [5]
  .iar.init_table    const    0x00000858   0x24  - Linker created -
  .text              ro code  0x0000087c   0x1a  fpinit_M.o [4]
  .text              ro code  0x00000898   0x16  cmain.o [5]
  .text              ro code  0x000008ae    0x4  low_level_init.o [3]
  .text              ro code  0x000008b2    0x4  exit.o [3]
  .text              ro code  0x000008b8    0xa  cexit.o [5]
  .text              ro code  0x000008c4   0x14  exit.o [6]
  .text              ro code  0x000008d8   0x10  startup_LPC407x_8x_177x_8x.o [1]
  .text              ro code  0x000008e8    0xc  cstartup_M.o [5]
  .text              ro code  0x000008f4    0x4  startup_LPC407x_8x_177x_8x.o [1]
  .text              ro code  0x000008f8    0x4  startup_LPC407x_8x_177x_8x.o [1]
  .text              ro code  0x000008fc    0x4  startup_LPC407x_8x_177x_8x.o [1]
  .text              ro code  0x00000900    0x4  startup_LPC407x_8x_177x_8x.o [1]
  .text              ro code  0x00000904    0x4  startup_LPC407x_8x_177x_8x.o [1]
  .text              ro code  0x00000908    0x4  startup_LPC407x_8x_177x_8x.o [1]
  .text              ro code  0x0000090c    0x4  startup_LPC407x_8x_177x_8x.o [1]
  .text              ro code  0x00000910    0x4  startup_LPC407x_8x_177x_8x.o [1]
  .text              ro code  0x00000914    0x4  startup_LPC407x_8x_177x_8x.o [1]
  .text              ro code  0x00000918    0x4  startup_LPC407x_8x_177x_8x.o [1]
  .text              ro code  0x0000091c    0x4  startup_LPC407x_8x_177x_8x.o [1]
  .text              ro code  0x00000920    0x4  startup_LPC407x_8x_177x_8x.o [1]
  .text              ro code  0x00000924    0x4  startup_LPC407x_8x_177x_8x.o [1]
  .text              ro code  0x00000928    0x4  startup_LPC407x_8x_177x_8x.o [1]
  .text              ro code  0x0000092c    0x4  startup_LPC407x_8x_177x_8x.o [1]
  .text              ro code  0x00000930    0x4  startup_LPC407x_8x_177x_8x.o [1]
  .text              ro code  0x00000934    0x4  startup_LPC407x_8x_177x_8x.o [1]
  .text              ro code  0x00000938    0x4  startup_LPC407x_8x_177x_8x.o [1]
  .text              ro code  0x0000093c    0x4  startup_LPC407x_8x_177x_8x.o [1]
  .text              ro code  0x00000940    0x4  startup_LPC407x_8x_177x_8x.o [1]
  .text              ro code  0x00000944    0x4  startup_LPC407x_8x_177x_8x.o [1]
  .text              ro code  0x00000948    0x4  startup_LPC407x_8x_177x_8x.o [1]
  .text              ro code  0x0000094c    0x4  startup_LPC407x_8x_177x_8x.o [1]
  .text              ro code  0x00000950    0x4  startup_LPC407x_8x_177x_8x.o [1]
  .text              ro code  0x00000954    0x4  startup_LPC407x_8x_177x_8x.o [1]
  .text              ro code  0x00000958    0x4  startup_LPC407x_8x_177x_8x.o [1]
  .text              ro code  0x0000095c    0x4  startup_LPC407x_8x_177x_8x.o [1]
  .text              ro code  0x00000960    0x4  startup_LPC407x_8x_177x_8x.o [1]
  .text              ro code  0x00000964    0x4  startup_LPC407x_8x_177x_8x.o [1]
  .text              ro code  0x00000968    0x4  startup_LPC407x_8x_177x_8x.o [1]
  .text              ro code  0x0000096c    0x4  startup_LPC407x_8x_177x_8x.o [1]
  .text              ro code  0x00000970    0x4  startup_LPC407x_8x_177x_8x.o [1]
  .text              ro code  0x00000974    0x4  startup_LPC407x_8x_177x_8x.o [1]
  .text              ro code  0x00000978    0x4  startup_LPC407x_8x_177x_8x.o [1]
  .text              ro code  0x0000097c    0x4  startup_LPC407x_8x_177x_8x.o [1]
  .text              ro code  0x00000980    0x4  startup_LPC407x_8x_177x_8x.o [1]
  .text              ro code  0x00000984    0x4  startup_LPC407x_8x_177x_8x.o [1]
  .text              ro code  0x00000988    0x4  startup_LPC407x_8x_177x_8x.o [1]
  .text              ro code  0x0000098c    0x4  startup_LPC407x_8x_177x_8x.o [1]
  .text              ro code  0x00000990    0x4  startup_LPC407x_8x_177x_8x.o [1]
  .text              ro code  0x00000994    0x4  startup_LPC407x_8x_177x_8x.o [1]
  .text              ro code  0x00000998    0x4  startup_LPC407x_8x_177x_8x.o [1]
  .text              ro code  0x0000099c    0x4  startup_LPC407x_8x_177x_8x.o [1]
  .text              ro code  0x000009a0    0x4  startup_LPC407x_8x_177x_8x.o [1]
  .text              ro code  0x000009a4    0x4  startup_LPC407x_8x_177x_8x.o [1]
  .text              ro code  0x000009a8    0x4  startup_LPC407x_8x_177x_8x.o [1]
  .text              ro code  0x000009ac    0x4  startup_LPC407x_8x_177x_8x.o [1]
  .text              ro code  0x000009b0    0x4  startup_LPC407x_8x_177x_8x.o [1]
  .text              ro code  0x000009b4    0x4  startup_LPC407x_8x_177x_8x.o [1]
  CRPKEY             ro code  0x000009b8    0x4  startup_LPC407x_8x_177x_8x.o [1]
  .rodata            const    0x000009bc    0x0  bwt_init3c.o [5]
  Initializer bytes  ro data  0x000009bc   0x10  <for P2 s0>
                            - 0x000009cc  0x88c

"P2", part 1 of 3:                         0x10
  P2 s0                       0x10000000   0x10  <Init block>
    .data            inited   0x10000000    0x4  system_LPC407x_8x_177x_8x.o [1]
    .data            inited   0x10000004    0x4  system_LPC407x_8x_177x_8x.o [1]
    .data            inited   0x10000008    0x4  system_LPC407x_8x_177x_8x.o [1]
    .data            inited   0x1000000c    0x4  system_LPC407x_8x_177x_8x.o [1]
                            - 0x10000010   0x10

"P2", part 2 of 3:                          0x8
  .bss               zero     0x10000010    0x4  Gpio_LedBlinky.o [1]
                            - 0x10000014    0x4

"P2", part 3 of 3:                        0x400
  CSTACK                      0x10000018  0x400  <Block>
    CSTACK           uninit   0x10000018  0x400  <Block tail>
                            - 0x10000418  0x400


*******************************************************************************
*** INIT TABLE
***

          Address     Size
          -------     ----
Zero (__iar_zero_init3)
    1 destination range, total size 0x4:
          0x10000010   0x4

Copy (__iar_copy_init3)
    1 source range, total size 0x10:
          0x000009bc  0x10
    1 destination range, total size 0x10:
          0x10000000  0x10



*******************************************************************************
*** MODULE SUMMARY
***

    Module                        ro code  ro data  rw data
    ------                        -------  -------  -------
C:\MyProjects\LPC407x_8x\lpc407x_8x_177x_8x_Keil_IAR_new\lpc407x_8x_177x_8x_Keil\Examples\GPIO\GPIO_LedBlinky\EWARM\Flash_M4\Obj: [1]
    Gpio_LedBlinky.o                  226                 4
    lpc_clkpwr.o                      104
    lpc_gpio.o                        228
    startup_LPC407x_8x_177x_8x.o      444
    system_LPC407x_8x_177x_8x.o     1 132       16       16
    -------------------------------------------------------
    Total:                          2 134       16       20

command line: [2]
    -------------------------------------------------------
    Total:

dl7M_tln.a: [3]
    exit.o                              4
    low_level_init.o                    4
    -------------------------------------------------------
    Total:                              8

m7M_tlv.a: [4]
    fpinit_M.o                         26
    -------------------------------------------------------
    Total:                             26

rt7M_tl.a: [5]
    bwt_init3c.o
    cexit.o                            10
    cmain.o                            22
    copy_init3.o                       46
    cstartup_M.o                       12
    data_init3.o                       44
    zero_init3.o                       34
    -------------------------------------------------------
    Total:                            168

shb_l.a: [6]
    exit.o                             20
    -------------------------------------------------------
    Total:                             20

    Gaps                                6        2
    Linker created                              36    1 024
-----------------------------------------------------------
    Grand Total:                    2 362       54    1 044


*******************************************************************************
*** ENTRY LIST
***

Entry                      Address   Size  Type      Object
-----                      -------   ----  ----      ------
?main                   0x00000899         Code  Gb  cmain.o [5]
ADC_IRQHandler          0x0000096d         Code  Wk  startup_LPC407x_8x_177x_8x.o [1]
BOD_IRQHandler          0x00000971         Code  Wk  startup_LPC407x_8x_177x_8x.o [1]
BusFault_Handler        0x00000901         Code  Wk  startup_LPC407x_8x_177x_8x.o [1]
CANActivity_IRQHandler  0x0000099d         Code  Wk  startup_LPC407x_8x_177x_8x.o [1]
CAN_IRQHandler          0x00000979         Code  Wk  startup_LPC407x_8x_177x_8x.o [1]
CLKPWR_ConfigPPWR       0x000006c1   0x24  Code  Gb  lpc_clkpwr.o [1]
CLKPWR_GetCLK           0x00000691   0x30  Code  Gb  lpc_clkpwr.o [1]
CRP_Value               0x000009b9         Code  Gb  startup_LPC407x_8x_177x_8x.o [1]
CSTACK$$Base            0x10000018          --   Gb  - Linker created -
CSTACK$$Limit           0x10000418          --   Gb  - Linker created -
DMA_IRQHandler          0x0000097d         Code  Wk  startup_LPC407x_8x_177x_8x.o [1]
DebugMon_Handler        0x0000090d         Code  Wk  startup_LPC407x_8x_177x_8x.o [1]
Delay                   0x00000759   0x12  Code  Gb  Gpio_LedBlinky.o [1]
EEPROM_IRQHandler       0x000009b5         Code  Wk  startup_LPC407x_8x_177x_8x.o [1]
EINT0_IRQHandler        0x0000095d         Code  Wk  startup_LPC407x_8x_177x_8x.o [1]
EINT1_IRQHandler        0x00000961         Code  Wk  startup_LPC407x_8x_177x_8x.o [1]
EINT2_IRQHandler        0x00000965         Code  Wk  startup_LPC407x_8x_177x_8x.o [1]
EINT3_IRQHandler        0x00000969         Code  Wk  startup_LPC407x_8x_177x_8x.o [1]
EMCClock                0x10000008    0x4  Data  Gb  system_LPC407x_8x_177x_8x.o [1]
ENET_IRQHandler         0x00000985         Code  Wk  startup_LPC407x_8x_177x_8x.o [1]
GPIO_ClearValue         0x0000063d   0x16  Code  Gb  lpc_gpio.o [1]
GPIO_GetPointer         0x000005ad   0x42  Code  Lc  lpc_gpio.o [1]
GPIO_IRQHandler         0x000009ad         Code  Wk  startup_LPC407x_8x_177x_8x.o [1]
GPIO_Init               0x000005ef    0xe  Code  Gb  lpc_gpio.o [1]
GPIO_OutputValue        0x00000653   0x26  Code  Gb  lpc_gpio.o [1]
GPIO_SetDir             0x000005fd   0x2a  Code  Gb  lpc_gpio.o [1]
GPIO_SetValue           0x00000627   0x16  Code  Gb  lpc_gpio.o [1]
HardFault_Handler       0x000008f9         Code  Wk  startup_LPC407x_8x_177x_8x.o [1]
I2C0_IRQHandler         0x00000941         Code  Wk  startup_LPC407x_8x_177x_8x.o [1]
I2C1_IRQHandler         0x00000945         Code  Wk  startup_LPC407x_8x_177x_8x.o [1]
I2C2_IRQHandler         0x00000949         Code  Wk  startup_LPC407x_8x_177x_8x.o [1]
I2S_IRQHandler          0x00000981         Code  Wk  startup_LPC407x_8x_177x_8x.o [1]
LCD_IRQHandler          0x000009a9         Code  Wk  startup_LPC407x_8x_177x_8x.o [1]
MCI_IRQHandler          0x00000989         Code  Wk  startup_LPC407x_8x_177x_8x.o [1]
MCPWM_IRQHandler        0x0000098d         Code  Wk  startup_LPC407x_8x_177x_8x.o [1]
MemManage_Handler       0x000008fd         Code  Wk  startup_LPC407x_8x_177x_8x.o [1]
NMI_Handler             0x000008f5         Code  Wk  startup_LPC407x_8x_177x_8x.o [1]
NVIC_SetPriority        0x000006f9   0x22  Code  Lc  Gpio_LedBlinky.o [1]
PLL0_IRQHandler         0x00000955         Code  Wk  startup_LPC407x_8x_177x_8x.o [1]
PLL1_IRQHandler         0x00000995         Code  Wk  startup_LPC407x_8x_177x_8x.o [1]
PWM0_IRQHandler         0x000009b1         Code  Wk  startup_LPC407x_8x_177x_8x.o [1]
PWM1_IRQHandler         0x0000093d         Code  Wk  startup_LPC407x_8x_177x_8x.o [1]
PendSV_Handler          0x00000911         Code  Wk  startup_LPC407x_8x_177x_8x.o [1]
PeripheralClock         0x10000004    0x4  Data  Gb  system_LPC407x_8x_177x_8x.o [1]
QEI_IRQHandler          0x00000991         Code  Wk  startup_LPC407x_8x_177x_8x.o [1]
RTC_IRQHandler          0x00000959         Code  Wk  startup_LPC407x_8x_177x_8x.o [1]
Region$$Table$$Base     0x00000858          --   Gb  - Linker created -
Region$$Table$$Limit    0x0000087c          --   Gb  - Linker created -
Reset_Handler           0x000008d9         Code  Wk  startup_LPC407x_8x_177x_8x.o [1]
SSP0_IRQHandler         0x0000094d         Code  Wk  startup_LPC407x_8x_177x_8x.o [1]
SSP1_IRQHandler         0x00000951         Code  Wk  startup_LPC407x_8x_177x_8x.o [1]
SSP2_IRQHandler         0x000009a5         Code  Wk  startup_LPC407x_8x_177x_8x.o [1]
SVC_Handler             0x00000909         Code  Wk  startup_LPC407x_8x_177x_8x.o [1]
SysTickCnt              0x10000010    0x4  Data  Gb  Gpio_LedBlinky.o [1]
SysTick_Config          0x0000071b   0x32  Code  Lc  Gpio_LedBlinky.o [1]
SysTick_Handler         0x0000074d    0xc  Code  Gb  Gpio_LedBlinky.o [1]
SystemCoreClock         0x10000000    0x4  Data  Gb  system_LPC407x_8x_177x_8x.o [1]
SystemCoreClockUpdate   0x00000141  0x304  Code  Gb  system_LPC407x_8x_177x_8x.o [1]
SystemInit              0x00000487   0xaa  Code  Gb  system_LPC407x_8x_177x_8x.o [1]
TIMER0_IRQHandler       0x0000091d         Code  Wk  startup_LPC407x_8x_177x_8x.o [1]
TIMER1_IRQHandler       0x00000921         Code  Wk  startup_LPC407x_8x_177x_8x.o [1]
TIMER2_IRQHandler       0x00000925         Code  Wk  startup_LPC407x_8x_177x_8x.o [1]
TIMER3_IRQHandler       0x00000929         Code  Wk  startup_LPC407x_8x_177x_8x.o [1]
UART0_IRQHandler        0x0000092d         Code  Wk  startup_LPC407x_8x_177x_8x.o [1]
UART1_IRQHandler        0x00000931         Code  Wk  startup_LPC407x_8x_177x_8x.o [1]
UART2_IRQHandler        0x00000935         Code  Wk  startup_LPC407x_8x_177x_8x.o [1]
UART3_IRQHandler        0x00000939         Code  Wk  startup_LPC407x_8x_177x_8x.o [1]
UART4_IRQHandler        0x000009a1         Code  Wk  startup_LPC407x_8x_177x_8x.o [1]
USBActivity_IRQHandler  0x00000999         Code  Wk  startup_LPC407x_8x_177x_8x.o [1]
USBClock                0x1000000c    0x4  Data  Gb  system_LPC407x_8x_177x_8x.o [1]
USB_IRQHandler          0x00000975         Code  Wk  startup_LPC407x_8x_177x_8x.o [1]
UsageFault_Handler      0x00000905         Code  Wk  startup_LPC407x_8x_177x_8x.o [1]
WDT_IRQHandler          0x00000919         Code  Wk  startup_LPC407x_8x_177x_8x.o [1]
__Vectors               0x00000000          --   Gb  startup_LPC407x_8x_177x_8x.o [1]
__Vectors_End           0x000000e4         Data  Gb  startup_LPC407x_8x_177x_8x.o [1]
__Vectors_Size {Abs}    0x000000e4          --   Gb  startup_LPC407x_8x_177x_8x.o [1]
__cmain                 0x00000899         Code  Gb  cmain.o [5]
__exit                  0x000008c5   0x14  Code  Gb  exit.o [6]
__iar_SB                0x000009bc         Data  Gb  bwt_init3c.o [5]
__iar_copy_init3        0x000007db   0x2e  Code  Gb  copy_init3.o [5]
__iar_data_init3        0x00000809   0x2c  Code  Gb  data_init3.o [5]
__iar_init_vfp          0x0000087d         Code  Gb  fpinit_M.o [4]
__iar_program_start     0x000008e9         Code  Gb  cstartup_M.o [5]
__iar_zero_init3        0x00000835   0x22  Code  Gb  zero_init3.o [5]
__low_level_init        0x000008af    0x4  Code  Gb  low_level_init.o [3]
__vector_table          0x00000000         Data  Gb  startup_LPC407x_8x_177x_8x.o [1]
__vector_table_0x1c     0x0000001c         Data  Gb  startup_LPC407x_8x_177x_8x.o [1]
_call_main              0x000008a5         Code  Gb  cmain.o [5]
_exit                   0x000008b9         Code  Gb  cexit.o [5]
_main                   0x000008ab         Code  Gb  cmain.o [5]
c_entry                 0x00000785   0x4c  Code  Gb  Gpio_LedBlinky.o [1]
exit                    0x000008b3    0x4  Code  Gb  exit.o [3]
fpu_init                0x00000445   0x42  Code  Gb  system_LPC407x_8x_177x_8x.o [1]
main                    0x000007d1    0xa  Code  Gb  Gpio_LedBlinky.o [1]


[1] = C:\MyProjects\LPC407x_8x\lpc407x_8x_177x_8x_Keil_IAR_new\lpc407x_8x_177x_8x_Keil\Examples\GPIO\GPIO_LedBlinky\EWARM\Flash_M4\Obj
[2] = command line
[3] = dl7M_tln.a
[4] = m7M_tlv.a
[5] = rt7M_tl.a
[6] = shb_l.a

  2 362 bytes of readonly  code memory
     54 bytes of readonly  data memory
  1 044 bytes of readwrite data memory

Errors: none
Warnings: none
