ARM Linker, 4.1 [Build 894] [Standard]

==============================================================================

Section Cross References

    startup_lpc407x_8x_177x_8x.o(RESET) refers to startup_lpc407x_8x_177x_8x.o(STACK) for __initial_sp
    startup_lpc407x_8x_177x_8x.o(RESET) refers to startup_lpc407x_8x_177x_8x.o(.text) for Reset_Handler
    startup_lpc407x_8x_177x_8x.o(RESET) refers to gpio_ledblinky.o(.text) for SysTick_Handler
    startup_lpc407x_8x_177x_8x.o(.text) refers to system_lpc407x_8x_177x_8x.o(.text) for SystemInit
    startup_lpc407x_8x_177x_8x.o(.text) refers to entry.o(.ARM.Collect$$$$00000000) for __main
    system_lpc407x_8x_177x_8x.o(.text) refers to system_lpc407x_8x_177x_8x.o(.data) for SystemCoreClock
    lpc_gpio.o(.text) refers to lpc_clkpwr.o(.text) for CLKPWR_ConfigPPWR
    lpc_systick.o(.text) refers to lpc_clkpwr.o(.text) for CLKPWR_GetCLK
    lpc_clkpwr.o(.text) refers to system_lpc407x_8x_177x_8x.o(.text) for SystemCoreClockUpdate
    lpc_clkpwr.o(.text) refers to system_lpc407x_8x_177x_8x.o(.data) for SystemCoreClock
    gpio_ledblinky.o(.text) refers to lpc_clkpwr.o(.text) for CLKPWR_GetCLK
    gpio_ledblinky.o(.text) refers to lpc_gpio.o(.text) for GPIO_Init
    gpio_ledblinky.o(.text) refers to gpio_ledblinky.o(.data) for SysTickCnt
    entry.o(.ARM.Collect$$$$00000000) refers (Special) to entry7b.o(.ARM.Collect$$$$00000008) for _main_clock
    entry.o(.ARM.Collect$$$$00000000) refers (Special) to entry8.o(.ARM.Collect$$$$00000009) for _main_init
    entry.o(.ARM.Collect$$$$00000000) refers (Special) to entry5.o(.ARM.Collect$$$$00000004) for _main_scatterload
    entry.o(.ARM.Collect$$$$00000000) refers (Special) to entry2.o(.ARM.Collect$$$$00000001) for _main_stk
    entry2.o(.ARM.Collect$$$$00000001) refers to entry2.o(.ARM.Collect$$$$00002712) for __lit__00000000
    entry2.o(.ARM.Collect$$$$00002712) refers to startup_lpc407x_8x_177x_8x.o(STACK) for __initial_sp
    entry2.o(__vectab_stack_and_reset_area) refers to startup_lpc407x_8x_177x_8x.o(STACK) for __initial_sp
    entry2.o(__vectab_stack_and_reset_area) refers to entry.o(.ARM.Collect$$$$00000000) for __main
    entry5.o(.ARM.Collect$$$$00000004) refers to init.o(.text) for __scatterload
    entry8.o(.ARM.Collect$$$$00000009) refers to gpio_ledblinky.o(.text) for main
    init.o(.text) refers to entry5.o(.ARM.Collect$$$$00000004) for __main_after_scatterload


==============================================================================

Removing Unused input sections from the image.

    Removing startup_lpc407x_8x_177x_8x.o(HEAP), (0 bytes).
    Removing system_lpc407x_8x_177x_8x.o(.emb_text), (8 bytes).
    Removing lpc_gpio.o(.emb_text), (8 bytes).
    Removing lpc_systick.o(.emb_text), (8 bytes).
    Removing lpc_systick.o(.text), (314 bytes).
    Removing lpc_clkpwr.o(.emb_text), (8 bytes).
    Removing lpc_clkpwr.o(.data), (4 bytes).
    Removing gpio_ledblinky.o(.emb_text), (8 bytes).

8 unused section(s) (total 358 bytes) removed from the image.

==============================================================================

Image Symbol Table

    Local Symbols

    Symbol Name                              Value     Ov Type        Size  Object(Section)

    ../../microlib/init/entry.s              0x00000000   Number         0  entry7b.o ABSOLUTE
    ../../microlib/init/entry.s              0x00000000   Number         0  entry7a.o ABSOLUTE
    ../../microlib/init/entry.s              0x00000000   Number         0  entry5.o ABSOLUTE
    ../../microlib/init/entry.s              0x00000000   Number         0  entry2.o ABSOLUTE
    ../../microlib/init/entry.s              0x00000000   Number         0  entry.o ABSOLUTE
    ../../microlib/init/entry.s              0x00000000   Number         0  entry8.o ABSOLUTE
    ..\..\..\..\Core\Device\NXP\LPC407x_8x_177x_8x\Source\Templates\ARM\startup_LPC407x_8x_177x_8x.s 0x00000000   Number         0  startup_lpc407x_8x_177x_8x.o ABSOLUTE
    ..\..\..\..\Core\Device\NXP\LPC407x_8x_177x_8x\Source\Templates\system_LPC407x_8x_177x_8x.c 0x00000000   Number         0  system_lpc407x_8x_177x_8x.o ABSOLUTE
    ..\..\..\..\Drivers\source\lpc_clkpwr.c  0x00000000   Number         0  lpc_clkpwr.o ABSOLUTE
    ..\..\..\..\Drivers\source\lpc_gpio.c    0x00000000   Number         0  lpc_gpio.o ABSOLUTE
    ..\..\..\..\Drivers\source\lpc_systick.c 0x00000000   Number         0  lpc_systick.o ABSOLUTE
    ..\Gpio_LedBlinky.c                      0x00000000   Number         0  gpio_ledblinky.o ABSOLUTE
    ..\\..\\..\\..\\Core\\Device\\NXP\\LPC407x_8x_177x_8x\\Source\\Templates\\system_LPC407x_8x_177x_8x.c 0x00000000   Number         0  system_lpc407x_8x_177x_8x.o ABSOLUTE
    ..\\..\\..\\..\\Drivers\\source\\lpc_clkpwr.c 0x00000000   Number         0  lpc_clkpwr.o ABSOLUTE
    ..\\..\\..\\..\\Drivers\\source\\lpc_gpio.c 0x00000000   Number         0  lpc_gpio.o ABSOLUTE
    ..\\..\\..\\..\\Drivers\\source\\lpc_systick.c 0x00000000   Number         0  lpc_systick.o ABSOLUTE
    ..\\Gpio_LedBlinky.c                     0x00000000   Number         0  gpio_ledblinky.o ABSOLUTE
    dc.s                                     0x00000000   Number         0  dc.o ABSOLUTE
    handlers.s                               0x00000000   Number         0  handlers.o ABSOLUTE
    init.s                                   0x00000000   Number         0  init.o ABSOLUTE
    .ARM.__at_0x02FC                         0x000002fc   Section        4  startup_lpc407x_8x_177x_8x.o(.ARM.__at_0x02FC)
    RESET                                    0x10000000   Section      228  startup_lpc407x_8x_177x_8x.o(RESET)
    .ARM.Collect$$$$00000000                 0x100000e4   Section        0  entry.o(.ARM.Collect$$$$00000000)
    .ARM.Collect$$$$00000001                 0x100000e4   Section        4  entry2.o(.ARM.Collect$$$$00000001)
    .ARM.Collect$$$$00000004                 0x100000e8   Section        4  entry5.o(.ARM.Collect$$$$00000004)
    .ARM.Collect$$$$00000008                 0x100000ec   Section        0  entry7b.o(.ARM.Collect$$$$00000008)
    .ARM.Collect$$$$00000009                 0x100000ec   Section        8  entry8.o(.ARM.Collect$$$$00000009)
    .ARM.Collect$$$$00002712                 0x100000f4   Section        4  entry2.o(.ARM.Collect$$$$00002712)
    __lit__00000000                          0x100000f4   Data           4  entry2.o(.ARM.Collect$$$$00002712)
    .text                                    0x100000f8   Section       36  startup_lpc407x_8x_177x_8x.o(.text)
    $v0                                      0x100000f8   Number         0  startup_lpc407x_8x_177x_8x.o(.text)
    .text                                    0x1000011c   Section        0  system_lpc407x_8x_177x_8x.o(.text)
    .text                                    0x10000524   Section        0  lpc_gpio.o(.text)
    GPIO_GetPointer                          0x10000525   Thumb Code    58  lpc_gpio.o(.text)
    FIO_HalfWordGetPointer                   0x1000055f   Thumb Code    58  lpc_gpio.o(.text)
    FIO_ByteGetPointer                       0x10000599   Thumb Code    58  lpc_gpio.o(.text)
    .text                                    0x10000994   Section        0  lpc_clkpwr.o(.text)
    .text                                    0x10000aec   Section        0  gpio_ledblinky.o(.text)
    .text                                    0x10000ba4   Section       36  init.o(.text)
    i.__scatterload_copy                     0x10000bc8   Section       14  handlers.o(i.__scatterload_copy)
    i.__scatterload_null                     0x10000bd6   Section        2  handlers.o(i.__scatterload_null)
    i.__scatterload_zeroinit                 0x10000bd8   Section       14  handlers.o(i.__scatterload_zeroinit)
    .data                                    0x20000000   Section       16  system_lpc407x_8x_177x_8x.o(.data)
    .data                                    0x20000010   Section        4  gpio_ledblinky.o(.data)
    STACK                                    0x20000018   Section     1024  startup_lpc407x_8x_177x_8x.o(STACK)

    Global Symbols

    Symbol Name                              Value     Ov Type        Size  Object(Section)

    BuildAttributes$$THM_ISAv4$E$P$D$K$B$S$7EM$VFPi3$EXTD16$VFPS$VFMA$PE$A:L22UL41UL21$X:L11$S22US41US21$IEEE1$IW$USESV6$~STKCKD$USESV7$~SHL$OSPACE$EBA8$MICROLIB$REQ8$PRES8$EABIv2 0x00000000   Number         0  anon$$obj.o ABSOLUTE
    __ARM_use_no_argv                        0x00000000   Number         0  gpio_ledblinky.o ABSOLUTE
    __decompress                              - Undefined Weak Reference
    _clock_init                               - Undefined Weak Reference
    __Vectors                                0x10000000   Data           4  startup_lpc407x_8x_177x_8x.o(RESET)
    __main                                   0x100000e5   Thumb Code     0  entry.o(.ARM.Collect$$$$00000000)
    _main_stk                                0x100000e5   Thumb Code     0  entry2.o(.ARM.Collect$$$$00000001)
    _main_scatterload                        0x100000e9   Thumb Code     0  entry5.o(.ARM.Collect$$$$00000004)
    __main_after_scatterload                 0x100000ed   Thumb Code     0  entry5.o(.ARM.Collect$$$$00000004)
    _main_clock                              0x100000ed   Thumb Code     0  entry7b.o(.ARM.Collect$$$$00000008)
    _main_init                               0x100000ed   Thumb Code     0  entry8.o(.ARM.Collect$$$$00000009)
    Reset_Handler                            0x100000f9   Thumb Code     8  startup_lpc407x_8x_177x_8x.o(.text)
    NMI_Handler                              0x10000101   Thumb Code     2  startup_lpc407x_8x_177x_8x.o(.text)
    HardFault_Handler                        0x10000103   Thumb Code     2  startup_lpc407x_8x_177x_8x.o(.text)
    MemManage_Handler                        0x10000105   Thumb Code     2  startup_lpc407x_8x_177x_8x.o(.text)
    BusFault_Handler                         0x10000107   Thumb Code     2  startup_lpc407x_8x_177x_8x.o(.text)
    UsageFault_Handler                       0x10000109   Thumb Code     2  startup_lpc407x_8x_177x_8x.o(.text)
    SVC_Handler                              0x1000010b   Thumb Code     2  startup_lpc407x_8x_177x_8x.o(.text)
    DebugMon_Handler                         0x1000010d   Thumb Code     2  startup_lpc407x_8x_177x_8x.o(.text)
    PendSV_Handler                           0x1000010f   Thumb Code     2  startup_lpc407x_8x_177x_8x.o(.text)
    ADC_IRQHandler                           0x10000113   Thumb Code     0  startup_lpc407x_8x_177x_8x.o(.text)
    BOD_IRQHandler                           0x10000113   Thumb Code     0  startup_lpc407x_8x_177x_8x.o(.text)
    CANActivity_IRQHandler                   0x10000113   Thumb Code     0  startup_lpc407x_8x_177x_8x.o(.text)
    CAN_IRQHandler                           0x10000113   Thumb Code     0  startup_lpc407x_8x_177x_8x.o(.text)
    DMA_IRQHandler                           0x10000113   Thumb Code     0  startup_lpc407x_8x_177x_8x.o(.text)
    EEPROM_IRQHandler                        0x10000113   Thumb Code     0  startup_lpc407x_8x_177x_8x.o(.text)
    EINT0_IRQHandler                         0x10000113   Thumb Code     0  startup_lpc407x_8x_177x_8x.o(.text)
    EINT1_IRQHandler                         0x10000113   Thumb Code     0  startup_lpc407x_8x_177x_8x.o(.text)
    EINT2_IRQHandler                         0x10000113   Thumb Code     0  startup_lpc407x_8x_177x_8x.o(.text)
    EINT3_IRQHandler                         0x10000113   Thumb Code     0  startup_lpc407x_8x_177x_8x.o(.text)
    ENET_IRQHandler                          0x10000113   Thumb Code     0  startup_lpc407x_8x_177x_8x.o(.text)
    GPIO_IRQHandler                          0x10000113   Thumb Code     0  startup_lpc407x_8x_177x_8x.o(.text)
    I2C0_IRQHandler                          0x10000113   Thumb Code     0  startup_lpc407x_8x_177x_8x.o(.text)
    I2C1_IRQHandler                          0x10000113   Thumb Code     0  startup_lpc407x_8x_177x_8x.o(.text)
    I2C2_IRQHandler                          0x10000113   Thumb Code     0  startup_lpc407x_8x_177x_8x.o(.text)
    I2S_IRQHandler                           0x10000113   Thumb Code     0  startup_lpc407x_8x_177x_8x.o(.text)
    LCD_IRQHandler                           0x10000113   Thumb Code     0  startup_lpc407x_8x_177x_8x.o(.text)
    MCI_IRQHandler                           0x10000113   Thumb Code     0  startup_lpc407x_8x_177x_8x.o(.text)
    MCPWM_IRQHandler                         0x10000113   Thumb Code     0  startup_lpc407x_8x_177x_8x.o(.text)
    PLL0_IRQHandler                          0x10000113   Thumb Code     0  startup_lpc407x_8x_177x_8x.o(.text)
    PLL1_IRQHandler                          0x10000113   Thumb Code     0  startup_lpc407x_8x_177x_8x.o(.text)
    PWM0_IRQHandler                          0x10000113   Thumb Code     0  startup_lpc407x_8x_177x_8x.o(.text)
    PWM1_IRQHandler                          0x10000113   Thumb Code     0  startup_lpc407x_8x_177x_8x.o(.text)
    QEI_IRQHandler                           0x10000113   Thumb Code     0  startup_lpc407x_8x_177x_8x.o(.text)
    RTC_IRQHandler                           0x10000113   Thumb Code     0  startup_lpc407x_8x_177x_8x.o(.text)
    SSP0_IRQHandler                          0x10000113   Thumb Code     0  startup_lpc407x_8x_177x_8x.o(.text)
    SSP1_IRQHandler                          0x10000113   Thumb Code     0  startup_lpc407x_8x_177x_8x.o(.text)
    SSP2_IRQHandler                          0x10000113   Thumb Code     0  startup_lpc407x_8x_177x_8x.o(.text)
    TIMER0_IRQHandler                        0x10000113   Thumb Code     0  startup_lpc407x_8x_177x_8x.o(.text)
    TIMER1_IRQHandler                        0x10000113   Thumb Code     0  startup_lpc407x_8x_177x_8x.o(.text)
    TIMER2_IRQHandler                        0x10000113   Thumb Code     0  startup_lpc407x_8x_177x_8x.o(.text)
    TIMER3_IRQHandler                        0x10000113   Thumb Code     0  startup_lpc407x_8x_177x_8x.o(.text)
    UART0_IRQHandler                         0x10000113   Thumb Code     0  startup_lpc407x_8x_177x_8x.o(.text)
    UART1_IRQHandler                         0x10000113   Thumb Code     0  startup_lpc407x_8x_177x_8x.o(.text)
    UART2_IRQHandler                         0x10000113   Thumb Code     0  startup_lpc407x_8x_177x_8x.o(.text)
    UART3_IRQHandler                         0x10000113   Thumb Code     0  startup_lpc407x_8x_177x_8x.o(.text)
    UART4_IRQHandler                         0x10000113   Thumb Code     0  startup_lpc407x_8x_177x_8x.o(.text)
    USBActivity_IRQHandler                   0x10000113   Thumb Code     0  startup_lpc407x_8x_177x_8x.o(.text)
    USB_IRQHandler                           0x10000113   Thumb Code     0  startup_lpc407x_8x_177x_8x.o(.text)
    WDT_IRQHandler                           0x10000113   Thumb Code     0  startup_lpc407x_8x_177x_8x.o(.text)
    SystemCoreClockUpdate                    0x1000011d   Thumb Code   664  system_lpc407x_8x_177x_8x.o(.text)
    fpu_init                                 0x100003b5   Thumb Code    54  system_lpc407x_8x_177x_8x.o(.text)
    SystemInit                               0x100003eb   Thumb Code   210  system_lpc407x_8x_177x_8x.o(.text)
    GPIO_Init                                0x100005d3   Thumb Code    12  lpc_gpio.o(.text)
    GPIO_Deinit                              0x100005df   Thumb Code    14  lpc_gpio.o(.text)
    GPIO_SetDir                              0x100005ed   Thumb Code    40  lpc_gpio.o(.text)
    GPIO_SetValue                            0x10000615   Thumb Code    20  lpc_gpio.o(.text)
    GPIO_ClearValue                          0x10000629   Thumb Code    20  lpc_gpio.o(.text)
    GPIO_OutputValue                         0x1000063d   Thumb Code    30  lpc_gpio.o(.text)
    GPIO_ReadValue                           0x1000065b   Thumb Code    22  lpc_gpio.o(.text)
    GPIO_IntCmd                              0x10000671   Thumb Code    54  lpc_gpio.o(.text)
    GPIO_GetIntStatus                        0x100006a7   Thumb Code    86  lpc_gpio.o(.text)
    GPIO_ClearInt                            0x100006fd   Thumb Code    24  lpc_gpio.o(.text)
    FIO_SetDir                               0x10000715   Thumb Code    20  lpc_gpio.o(.text)
    FIO_SetValue                             0x10000729   Thumb Code    16  lpc_gpio.o(.text)
    FIO_ClearValue                           0x10000739   Thumb Code    16  lpc_gpio.o(.text)
    FIO_ReadValue                            0x10000749   Thumb Code    12  lpc_gpio.o(.text)
    FIO_IntCmd                               0x10000755   Thumb Code    20  lpc_gpio.o(.text)
    FIO_GetIntStatus                         0x10000769   Thumb Code    20  lpc_gpio.o(.text)
    FIO_ClearInt                             0x1000077d   Thumb Code    16  lpc_gpio.o(.text)
    FIO_SetMask                              0x1000078d   Thumb Code    40  lpc_gpio.o(.text)
    FIO_HalfWordSetDir                       0x100007b5   Thumb Code    62  lpc_gpio.o(.text)
    FIO_HalfWordSetMask                      0x100007f3   Thumb Code    62  lpc_gpio.o(.text)
    FIO_HalfWordSetValue                     0x10000831   Thumb Code    32  lpc_gpio.o(.text)
    FIO_HalfWordClearValue                   0x10000851   Thumb Code    32  lpc_gpio.o(.text)
    FIO_HalfWordReadValue                    0x10000871   Thumb Code    30  lpc_gpio.o(.text)
    FIO_ByteSetDir                           0x1000088f   Thumb Code    50  lpc_gpio.o(.text)
    FIO_ByteSetMask                          0x100008c1   Thumb Code    66  lpc_gpio.o(.text)
    FIO_ByteSetValue                         0x10000903   Thumb Code    78  lpc_gpio.o(.text)
    FIO_ByteClearValue                       0x10000951   Thumb Code    34  lpc_gpio.o(.text)
    FIO_ByteReadValue                        0x10000973   Thumb Code    32  lpc_gpio.o(.text)
    CLKPWR_SetCLKDiv                         0x10000995   Thumb Code   154  lpc_clkpwr.o(.text)
    CLKPWR_GetCLK                            0x10000a2f   Thumb Code    46  lpc_clkpwr.o(.text)
    CLKPWR_ConfigPPWR                        0x10000a5d   Thumb Code    38  lpc_clkpwr.o(.text)
    CLKPWR_Sleep                             0x10000a83   Thumb Code    10  lpc_clkpwr.o(.text)
    CLKPWR_DeepSleep                         0x10000a8d   Thumb Code    16  lpc_clkpwr.o(.text)
    CLKPWR_PowerDown                         0x10000a9d   Thumb Code    16  lpc_clkpwr.o(.text)
    CLKPWR_DeepPowerDown                     0x10000aad   Thumb Code    16  lpc_clkpwr.o(.text)
    SysTick_Handler                          0x10000aed   Thumb Code    12  gpio_ledblinky.o(.text)
    Delay                                    0x10000af9   Thumb Code    18  gpio_ledblinky.o(.text)
    c_entry                                  0x10000b0b   Thumb Code   136  gpio_ledblinky.o(.text)
    main                                     0x10000b93   Thumb Code     4  gpio_ledblinky.o(.text)
    __scatterload                            0x10000ba5   Thumb Code    28  init.o(.text)
    __scatterload_rt2                        0x10000ba5   Thumb Code     0  init.o(.text)
    __scatterload_copy                       0x10000bc9   Thumb Code    14  handlers.o(i.__scatterload_copy)
    __scatterload_null                       0x10000bd7   Thumb Code     2  handlers.o(i.__scatterload_null)
    __scatterload_zeroinit                   0x10000bd9   Thumb Code    14  handlers.o(i.__scatterload_zeroinit)
    Region$$Table$$Base                      0x10000be8   Number         0  anon$$obj.o(Region$$Table)
    Region$$Table$$Limit                     0x10000c08   Number         0  anon$$obj.o(Region$$Table)
    SystemCoreClock                          0x20000000   Data           4  system_lpc407x_8x_177x_8x.o(.data)
    PeripheralClock                          0x20000004   Data           4  system_lpc407x_8x_177x_8x.o(.data)
    EMCClock                                 0x20000008   Data           4  system_lpc407x_8x_177x_8x.o(.data)
    USBClock                                 0x2000000c   Data           4  system_lpc407x_8x_177x_8x.o(.data)
    SysTickCnt                               0x20000010   Data           4  gpio_ledblinky.o(.data)
    __initial_sp                             0x20000418   Data           0  startup_lpc407x_8x_177x_8x.o(STACK)



==============================================================================

Memory Map of the image

  Image Entry point : 0x100000e5

  Load Region LR_IROM1 (Base: 0x10000000, Size: 0x00000c1c, Max: 0x00010000, ABSOLUTE)

    Execution Region ER_IROM1 (Base: 0x10000000, Size: 0x00000c08, Max: 0x00010000, ABSOLUTE)

    Base Addr    Size         Type   Attr      Idx    E Section Name        Object

    0x10000000   0x000000e4   Data   RO            3    RESET               startup_lpc407x_8x_177x_8x.o
    0x100000e4   0x00000000   Code   RO          154  * .ARM.Collect$$$$00000000  mc_w.l(entry.o)
    0x100000e4   0x00000004   Code   RO          157    .ARM.Collect$$$$00000001  mc_w.l(entry2.o)
    0x100000e8   0x00000004   Code   RO          160    .ARM.Collect$$$$00000004  mc_w.l(entry5.o)
    0x100000ec   0x00000000   Code   RO          162    .ARM.Collect$$$$00000008  mc_w.l(entry7b.o)
    0x100000ec   0x00000008   Code   RO          163    .ARM.Collect$$$$00000009  mc_w.l(entry8.o)
    0x100000f4   0x00000004   Code   RO          158    .ARM.Collect$$$$00002712  mc_w.l(entry2.o)
    0x100000f8   0x00000024   Code   RO            5    .text               startup_lpc407x_8x_177x_8x.o
    0x1000011c   0x00000408   Code   RO           14    .text               system_lpc407x_8x_177x_8x.o
    0x10000524   0x0000046e   Code   RO           56    .text               lpc_gpio.o
    0x10000992   0x00000002   PAD
    0x10000994   0x00000158   Code   RO          107    .text               lpc_clkpwr.o
    0x10000aec   0x000000b8   Code   RO          126    .text               gpio_ledblinky.o
    0x10000ba4   0x00000024   Code   RO          164    .text               mc_w.l(init.o)
    0x10000bc8   0x0000000e   Code   RO          168    i.__scatterload_copy  mc_w.l(handlers.o)
    0x10000bd6   0x00000002   Code   RO          169    i.__scatterload_null  mc_w.l(handlers.o)
    0x10000bd8   0x0000000e   Code   RO          170    i.__scatterload_zeroinit  mc_w.l(handlers.o)
    0x10000be6   0x00000002   PAD
    0x10000be8   0x00000020   Data   RO          166    Region$$Table       anon$$obj.o


    Execution Region RW_IRAM2 (Base: 0x20000000, Size: 0x00000418, Max: 0x00008000, ABSOLUTE)

    Base Addr    Size         Type   Attr      Idx    E Section Name        Object

    0x20000000   0x00000010   Data   RW           15    .data               system_lpc407x_8x_177x_8x.o
    0x20000010   0x00000004   Data   RW          127    .data               gpio_ledblinky.o
    0x20000014   0x00000004   PAD
    0x20000018   0x00000400   Zero   RW            1    STACK               startup_lpc407x_8x_177x_8x.o



  Load Region LR$$.ARM.__at_0x02FC (Base: 0x000002fc, Size: 0x00000004, Max: 0x00000004, ABSOLUTE)

    Execution Region ER$$.ARM.__at_0x02FC (Base: 0x000002fc, Size: 0x00000004, Max: 0x00000004, ABSOLUTE, UNINIT)

    Base Addr    Size         Type   Attr      Idx    E Section Name        Object

    0x000002fc   0x00000004   Code   RO            4    .ARM.__at_0x02FC    startup_lpc407x_8x_177x_8x.o


==============================================================================

Image component sizes


      Code (inc. data)   RO Data    RW Data    ZI Data      Debug   Object Name

       184         14          0          4          0      19749   gpio_ledblinky.o
       344         48          0          0          0       1835   lpc_clkpwr.o
      1134         62          0          0          0      12582   lpc_gpio.o
        40         12        228          0       1024       1268   startup_lpc407x_8x_177x_8x.o
      1032        104          0         16          0      30424   system_lpc407x_8x_177x_8x.o

    ----------------------------------------------------------------------
      2736        240        260         20       1028      65858   Object Totals
         0          0         32          0          0          0   (incl. Generated)
         2          0          0          0          4          0   (incl. Padding)

    ----------------------------------------------------------------------

      Code (inc. data)   RO Data    RW Data    ZI Data      Debug   Library Member Name

         0          0          0          0          0          0   entry.o
         8          4          0          0          0          0   entry2.o
         4          0          0          0          0          0   entry5.o
         0          0          0          0          0          0   entry7b.o
         8          4          0          0          0          0   entry8.o
        30          0          0          0          0          0   handlers.o
        36          8          0          0          0         68   init.o

    ----------------------------------------------------------------------
        88         16          0          0          0         68   Library Totals
         2          0          0          0          0          0   (incl. Padding)

    ----------------------------------------------------------------------

      Code (inc. data)   RO Data    RW Data    ZI Data      Debug   Library Name

        86         16          0          0          0         68   mc_w.l

    ----------------------------------------------------------------------
        88         16          0          0          0         68   Library Totals

    ----------------------------------------------------------------------

==============================================================================


      Code (inc. data)   RO Data    RW Data    ZI Data      Debug   

      2824        256        260         20       1028      65326   Grand Totals
      2824        256        260         20       1028      65326   ELF Image Totals
      2824        256        260         20          0          0   ROM Totals

==============================================================================

    Total RO  Size (Code + RO Data)                 3084 (   3.01kB)
    Total RW  Size (RW Data + ZI Data)              1048 (   1.02kB)
    Total ROM Size (Code + RO Data + RW Data)       3104 (   3.03kB)

==============================================================================

