<html>
<body>
<pre>
<h1>µVision Build Log</h1>
<h2>Project:</h2>
C:\MyProjects\PDL_LPC407x_8x_177x_8x\lpc407x_8x_177x_8x\Examples\GPIO\GPIO_LedBlinky\Keil\Gpio_LedBlinky.uvproj
Project File Date:  05/30/2012

<h2>Output:</h2>
Rebuild target 'RAM_M4'
assembling startup_LPC407x_8x_177x_8x.s...
compiling system_LPC407x_8x_177x_8x.c...
compiling lpc_gpio.c...
compiling lpc_systick.c...
compiling lpc_clkpwr.c...
compiling Gpio_LedBlinky.c...
linking...
Program Size: Code=2824 RO-data=260 RW-data=20 ZI-data=1028  
FromELF: creating hex file...
".\RAM\Gpio_LedBlinky.axf" - 0 Error(s), 0 Warning(s).
Load "C:\\MyProjects\\PDL_LPC407x_8x_177x_8x\\lpc407x_8x_177x_8x\\Examples\\GPIO\\GPIO_LedBlinky\\Keil\\RAM\\Gpio_LedBlinky.AXF" 
