ARM Linker, 4.1 [Build 894] [Standard]

==============================================================================

Section Cross References

    startup_lpc407x_8x_177x_8x.o(RESET) refers to startup_lpc407x_8x_177x_8x.o(STACK) for __initial_sp
    startup_lpc407x_8x_177x_8x.o(RESET) refers to startup_lpc407x_8x_177x_8x.o(.text) for Reset_Handler
    startup_lpc407x_8x_177x_8x.o(RESET) refers to gpio_ledblinky.o(.text) for SysTick_Handler
    startup_lpc407x_8x_177x_8x.o(.text) refers to system_lpc407x_8x_177x_8x.o(.text) for SystemInit
    startup_lpc407x_8x_177x_8x.o(.text) refers to entry.o(.ARM.Collect$$$$00000000) for __main
    system_lpc407x_8x_177x_8x.o(.text) refers to system_lpc407x_8x_177x_8x.o(.data) for SystemCoreClock
    lpc_gpio.o(.text) refers to lpc_clkpwr.o(.text) for CLKPWR_ConfigPPWR
    lpc_systick.o(.text) refers to lpc_clkpwr.o(.text) for CLKPWR_GetCLK
    lpc_systick.o(.text) refers to ffltui.o(.text) for __aeabi_ui2f
    lpc_systick.o(.text) refers to cfrcmple.o(.text) for __aeabi_cfrcmple
    lpc_clkpwr.o(.text) refers to system_lpc407x_8x_177x_8x.o(.text) for SystemCoreClockUpdate
    lpc_clkpwr.o(.text) refers to system_lpc407x_8x_177x_8x.o(.data) for SystemCoreClock
    gpio_ledblinky.o(.text) refers to lpc_clkpwr.o(.text) for CLKPWR_GetCLK
    gpio_ledblinky.o(.text) refers to lpc_gpio.o(.text) for GPIO_Init
    gpio_ledblinky.o(.text) refers to gpio_ledblinky.o(.data) for SysTickCnt
    entry.o(.ARM.Collect$$$$00000000) refers (Special) to entry7b.o(.ARM.Collect$$$$00000008) for _main_clock
    entry.o(.ARM.Collect$$$$00000000) refers (Special) to entry8.o(.ARM.Collect$$$$00000009) for _main_init
    entry.o(.ARM.Collect$$$$00000000) refers (Special) to entry5.o(.ARM.Collect$$$$00000004) for _main_scatterload
    entry.o(.ARM.Collect$$$$00000000) refers (Special) to entry2.o(.ARM.Collect$$$$00000001) for _main_stk
    ffltui.o(.text) refers (Special) to iusefp.o(.text) for __I$use$fp
    ffltui.o(.text) refers to fepilogue.o(.text) for _float_epilogue
    cfrcmple.o(.text) refers (Special) to iusefp.o(.text) for __I$use$fp
    entry2.o(.ARM.Collect$$$$00000001) refers to entry2.o(.ARM.Collect$$$$00002712) for __lit__00000000
    entry2.o(.ARM.Collect$$$$00002712) refers to startup_lpc407x_8x_177x_8x.o(STACK) for __initial_sp
    entry2.o(__vectab_stack_and_reset_area) refers to startup_lpc407x_8x_177x_8x.o(STACK) for __initial_sp
    entry2.o(__vectab_stack_and_reset_area) refers to entry.o(.ARM.Collect$$$$00000000) for __main
    entry5.o(.ARM.Collect$$$$00000004) refers to init.o(.text) for __scatterload
    entry8.o(.ARM.Collect$$$$00000009) refers to gpio_ledblinky.o(.text) for main
    init.o(.text) refers to entry5.o(.ARM.Collect$$$$00000004) for __main_after_scatterload


==============================================================================

Removing Unused input sections from the image.

    Removing startup_lpc407x_8x_177x_8x.o(HEAP), (0 bytes).
    Removing system_lpc407x_8x_177x_8x.o(.emb_text), (8 bytes).
    Removing lpc_gpio.o(.emb_text), (8 bytes).
    Removing lpc_systick.o(.emb_text), (8 bytes).
    Removing lpc_systick.o(.text), (308 bytes).
    Removing lpc_clkpwr.o(.emb_text), (8 bytes).
    Removing lpc_clkpwr.o(.data), (4 bytes).
    Removing gpio_ledblinky.o(.emb_text), (8 bytes).
    Removing ffltui.o(.text), (10 bytes).
    Removing cfrcmple.o(.text), (20 bytes).
    Removing fepilogue.o(.text), (108 bytes).

11 unused section(s) (total 490 bytes) removed from the image.

==============================================================================

Image Symbol Table

    Local Symbols

    Symbol Name                              Value     Ov Type        Size  Object(Section)

    RESET                                    0x00000000   Section      228  startup_lpc407x_8x_177x_8x.o(RESET)
    ../../microlib/fpepilogue.c              0x00000000   Number         0  fepilogue.o ABSOLUTE
    ../../microlib/fpflt.c                   0x00000000   Number         0  ffltui.o ABSOLUTE
    ../../microlib/init/entry.s              0x00000000   Number         0  entry7b.o ABSOLUTE
    ../../microlib/init/entry.s              0x00000000   Number         0  entry5.o ABSOLUTE
    ../../microlib/init/entry.s              0x00000000   Number         0  entry2.o ABSOLUTE
    ../../microlib/init/entry.s              0x00000000   Number         0  entry7a.o ABSOLUTE
    ../../microlib/init/entry.s              0x00000000   Number         0  entry8.o ABSOLUTE
    ../../microlib/init/entry.s              0x00000000   Number         0  entry.o ABSOLUTE
    ../../microlib/stubs.s                   0x00000000   Number         0  iusefp.o ABSOLUTE
    ..\..\..\..\Core\Device\NXP\LPC407x_8x_177x_8x\Source\Templates\ARM\startup_LPC407x_8x_177x_8x.s 0x00000000   Number         0  startup_lpc407x_8x_177x_8x.o ABSOLUTE
    ..\..\..\..\Core\Device\NXP\LPC407x_8x_177x_8x\Source\Templates\system_LPC407x_8x_177x_8x.c 0x00000000   Number         0  system_lpc407x_8x_177x_8x.o ABSOLUTE
    ..\..\..\..\Drivers\source\lpc_clkpwr.c  0x00000000   Number         0  lpc_clkpwr.o ABSOLUTE
    ..\..\..\..\Drivers\source\lpc_gpio.c    0x00000000   Number         0  lpc_gpio.o ABSOLUTE
    ..\..\..\..\Drivers\source\lpc_systick.c 0x00000000   Number         0  lpc_systick.o ABSOLUTE
    ..\Gpio_LedBlinky.c                      0x00000000   Number         0  gpio_ledblinky.o ABSOLUTE
    ..\\..\\..\\..\\Core\\Device\\NXP\\LPC407x_8x_177x_8x\\Source\\Templates\\system_LPC407x_8x_177x_8x.c 0x00000000   Number         0  system_lpc407x_8x_177x_8x.o ABSOLUTE
    ..\\..\\..\\..\\Drivers\\source\\lpc_clkpwr.c 0x00000000   Number         0  lpc_clkpwr.o ABSOLUTE
    ..\\..\\..\\..\\Drivers\\source\\lpc_gpio.c 0x00000000   Number         0  lpc_gpio.o ABSOLUTE
    ..\\..\\..\\..\\Drivers\\source\\lpc_systick.c 0x00000000   Number         0  lpc_systick.o ABSOLUTE
    ..\\Gpio_LedBlinky.c                     0x00000000   Number         0  gpio_ledblinky.o ABSOLUTE
    cfrcmple.s                               0x00000000   Number         0  cfrcmple.o ABSOLUTE
    dc.s                                     0x00000000   Number         0  dc.o ABSOLUTE
    handlers.s                               0x00000000   Number         0  handlers.o ABSOLUTE
    init.s                                   0x00000000   Number         0  init.o ABSOLUTE
    .ARM.Collect$$$$00000000                 0x000000e4   Section        0  entry.o(.ARM.Collect$$$$00000000)
    .ARM.Collect$$$$00000001                 0x000000e4   Section        4  entry2.o(.ARM.Collect$$$$00000001)
    .ARM.Collect$$$$00000004                 0x000000e8   Section        4  entry5.o(.ARM.Collect$$$$00000004)
    .ARM.Collect$$$$00000008                 0x000000ec   Section        0  entry7b.o(.ARM.Collect$$$$00000008)
    .ARM.Collect$$$$00000009                 0x000000ec   Section        8  entry8.o(.ARM.Collect$$$$00000009)
    .ARM.Collect$$$$00002712                 0x000000f4   Section        4  entry2.o(.ARM.Collect$$$$00002712)
    __lit__00000000                          0x000000f4   Data           4  entry2.o(.ARM.Collect$$$$00002712)
    .text                                    0x000000f8   Section       36  startup_lpc407x_8x_177x_8x.o(.text)
    .text                                    0x0000011c   Section        0  lpc_clkpwr.o(.text)
    .text                                    0x00000274   Section       36  init.o(.text)
    i.__scatterload_copy                     0x00000298   Section       14  handlers.o(i.__scatterload_copy)
    i.__scatterload_null                     0x000002a6   Section        2  handlers.o(i.__scatterload_null)
    i.__scatterload_zeroinit                 0x000002a8   Section       14  handlers.o(i.__scatterload_zeroinit)
    .ARM.__at_0x02FC                         0x000002fc   Section        4  startup_lpc407x_8x_177x_8x.o(.ARM.__at_0x02FC)
    .text                                    0x00000300   Section        0  system_lpc407x_8x_177x_8x.o(.text)
    .text                                    0x000006c4   Section        0  lpc_gpio.o(.text)
    GPIO_GetPointer                          0x000006c5   Thumb Code    58  lpc_gpio.o(.text)
    FIO_HalfWordGetPointer                   0x000006ff   Thumb Code    58  lpc_gpio.o(.text)
    FIO_ByteGetPointer                       0x00000739   Thumb Code    58  lpc_gpio.o(.text)
    .text                                    0x00000b34   Section        0  gpio_ledblinky.o(.text)
    .data                                    0x10000000   Section       16  system_lpc407x_8x_177x_8x.o(.data)
    .data                                    0x10000010   Section        4  gpio_ledblinky.o(.data)
    STACK                                    0x10000018   Section     1024  startup_lpc407x_8x_177x_8x.o(STACK)

    Global Symbols

    Symbol Name                              Value     Ov Type        Size  Object(Section)

    BuildAttributes$$THM_ISAv4$P$D$K$B$S$PE$A:L22UL41UL21$X:L11$S22US41US21$IEEE1$IW$USESV6$~STKCKD$USESV7$~SHL$OTIME$ROPI$EBA8$MICROLIB$REQ8$PRES8$EABIv2 0x00000000   Number         0  anon$$obj.o ABSOLUTE
    __ARM_use_no_argv                        0x00000000   Number         0  gpio_ledblinky.o ABSOLUTE
    __Vectors                                0x00000000   Data           4  startup_lpc407x_8x_177x_8x.o(RESET)
    __decompress                              - Undefined Weak Reference
    _clock_init                               - Undefined Weak Reference
    __main                                   0x000000e5   Thumb Code     0  entry.o(.ARM.Collect$$$$00000000)
    _main_stk                                0x000000e5   Thumb Code     0  entry2.o(.ARM.Collect$$$$00000001)
    _main_scatterload                        0x000000e9   Thumb Code     0  entry5.o(.ARM.Collect$$$$00000004)
    __main_after_scatterload                 0x000000ed   Thumb Code     0  entry5.o(.ARM.Collect$$$$00000004)
    _main_clock                              0x000000ed   Thumb Code     0  entry7b.o(.ARM.Collect$$$$00000008)
    _main_init                               0x000000ed   Thumb Code     0  entry8.o(.ARM.Collect$$$$00000009)
    Reset_Handler                            0x000000f9   Thumb Code     8  startup_lpc407x_8x_177x_8x.o(.text)
    NMI_Handler                              0x00000101   Thumb Code     2  startup_lpc407x_8x_177x_8x.o(.text)
    HardFault_Handler                        0x00000103   Thumb Code     2  startup_lpc407x_8x_177x_8x.o(.text)
    MemManage_Handler                        0x00000105   Thumb Code     2  startup_lpc407x_8x_177x_8x.o(.text)
    BusFault_Handler                         0x00000107   Thumb Code     2  startup_lpc407x_8x_177x_8x.o(.text)
    UsageFault_Handler                       0x00000109   Thumb Code     2  startup_lpc407x_8x_177x_8x.o(.text)
    SVC_Handler                              0x0000010b   Thumb Code     2  startup_lpc407x_8x_177x_8x.o(.text)
    DebugMon_Handler                         0x0000010d   Thumb Code     2  startup_lpc407x_8x_177x_8x.o(.text)
    PendSV_Handler                           0x0000010f   Thumb Code     2  startup_lpc407x_8x_177x_8x.o(.text)
    ADC_IRQHandler                           0x00000113   Thumb Code     0  startup_lpc407x_8x_177x_8x.o(.text)
    BOD_IRQHandler                           0x00000113   Thumb Code     0  startup_lpc407x_8x_177x_8x.o(.text)
    CANActivity_IRQHandler                   0x00000113   Thumb Code     0  startup_lpc407x_8x_177x_8x.o(.text)
    CAN_IRQHandler                           0x00000113   Thumb Code     0  startup_lpc407x_8x_177x_8x.o(.text)
    DMA_IRQHandler                           0x00000113   Thumb Code     0  startup_lpc407x_8x_177x_8x.o(.text)
    EEPROM_IRQHandler                        0x00000113   Thumb Code     0  startup_lpc407x_8x_177x_8x.o(.text)
    EINT0_IRQHandler                         0x00000113   Thumb Code     0  startup_lpc407x_8x_177x_8x.o(.text)
    EINT1_IRQHandler                         0x00000113   Thumb Code     0  startup_lpc407x_8x_177x_8x.o(.text)
    EINT2_IRQHandler                         0x00000113   Thumb Code     0  startup_lpc407x_8x_177x_8x.o(.text)
    EINT3_IRQHandler                         0x00000113   Thumb Code     0  startup_lpc407x_8x_177x_8x.o(.text)
    ENET_IRQHandler                          0x00000113   Thumb Code     0  startup_lpc407x_8x_177x_8x.o(.text)
    GPIO_IRQHandler                          0x00000113   Thumb Code     0  startup_lpc407x_8x_177x_8x.o(.text)
    I2C0_IRQHandler                          0x00000113   Thumb Code     0  startup_lpc407x_8x_177x_8x.o(.text)
    I2C1_IRQHandler                          0x00000113   Thumb Code     0  startup_lpc407x_8x_177x_8x.o(.text)
    I2C2_IRQHandler                          0x00000113   Thumb Code     0  startup_lpc407x_8x_177x_8x.o(.text)
    I2S_IRQHandler                           0x00000113   Thumb Code     0  startup_lpc407x_8x_177x_8x.o(.text)
    LCD_IRQHandler                           0x00000113   Thumb Code     0  startup_lpc407x_8x_177x_8x.o(.text)
    MCI_IRQHandler                           0x00000113   Thumb Code     0  startup_lpc407x_8x_177x_8x.o(.text)
    MCPWM_IRQHandler                         0x00000113   Thumb Code     0  startup_lpc407x_8x_177x_8x.o(.text)
    PLL0_IRQHandler                          0x00000113   Thumb Code     0  startup_lpc407x_8x_177x_8x.o(.text)
    PLL1_IRQHandler                          0x00000113   Thumb Code     0  startup_lpc407x_8x_177x_8x.o(.text)
    PWM0_IRQHandler                          0x00000113   Thumb Code     0  startup_lpc407x_8x_177x_8x.o(.text)
    PWM1_IRQHandler                          0x00000113   Thumb Code     0  startup_lpc407x_8x_177x_8x.o(.text)
    QEI_IRQHandler                           0x00000113   Thumb Code     0  startup_lpc407x_8x_177x_8x.o(.text)
    RTC_IRQHandler                           0x00000113   Thumb Code     0  startup_lpc407x_8x_177x_8x.o(.text)
    SSP0_IRQHandler                          0x00000113   Thumb Code     0  startup_lpc407x_8x_177x_8x.o(.text)
    SSP1_IRQHandler                          0x00000113   Thumb Code     0  startup_lpc407x_8x_177x_8x.o(.text)
    SSP2_IRQHandler                          0x00000113   Thumb Code     0  startup_lpc407x_8x_177x_8x.o(.text)
    TIMER0_IRQHandler                        0x00000113   Thumb Code     0  startup_lpc407x_8x_177x_8x.o(.text)
    TIMER1_IRQHandler                        0x00000113   Thumb Code     0  startup_lpc407x_8x_177x_8x.o(.text)
    TIMER2_IRQHandler                        0x00000113   Thumb Code     0  startup_lpc407x_8x_177x_8x.o(.text)
    TIMER3_IRQHandler                        0x00000113   Thumb Code     0  startup_lpc407x_8x_177x_8x.o(.text)
    UART0_IRQHandler                         0x00000113   Thumb Code     0  startup_lpc407x_8x_177x_8x.o(.text)
    UART1_IRQHandler                         0x00000113   Thumb Code     0  startup_lpc407x_8x_177x_8x.o(.text)
    UART2_IRQHandler                         0x00000113   Thumb Code     0  startup_lpc407x_8x_177x_8x.o(.text)
    UART3_IRQHandler                         0x00000113   Thumb Code     0  startup_lpc407x_8x_177x_8x.o(.text)
    UART4_IRQHandler                         0x00000113   Thumb Code     0  startup_lpc407x_8x_177x_8x.o(.text)
    USBActivity_IRQHandler                   0x00000113   Thumb Code     0  startup_lpc407x_8x_177x_8x.o(.text)
    USB_IRQHandler                           0x00000113   Thumb Code     0  startup_lpc407x_8x_177x_8x.o(.text)
    WDT_IRQHandler                           0x00000113   Thumb Code     0  startup_lpc407x_8x_177x_8x.o(.text)
    CLKPWR_SetCLKDiv                         0x0000011d   Thumb Code   154  lpc_clkpwr.o(.text)
    CLKPWR_GetCLK                            0x000001b7   Thumb Code    46  lpc_clkpwr.o(.text)
    CLKPWR_ConfigPPWR                        0x000001e5   Thumb Code    38  lpc_clkpwr.o(.text)
    CLKPWR_Sleep                             0x0000020b   Thumb Code    10  lpc_clkpwr.o(.text)
    CLKPWR_DeepSleep                         0x00000215   Thumb Code    16  lpc_clkpwr.o(.text)
    CLKPWR_PowerDown                         0x00000225   Thumb Code    16  lpc_clkpwr.o(.text)
    CLKPWR_DeepPowerDown                     0x00000235   Thumb Code    16  lpc_clkpwr.o(.text)
    __scatterload                            0x00000275   Thumb Code    28  init.o(.text)
    __scatterload_rt2                        0x00000275   Thumb Code     0  init.o(.text)
    __scatterload_copy                       0x00000299   Thumb Code    14  handlers.o(i.__scatterload_copy)
    __scatterload_null                       0x000002a7   Thumb Code     2  handlers.o(i.__scatterload_null)
    __scatterload_zeroinit                   0x000002a9   Thumb Code    14  handlers.o(i.__scatterload_zeroinit)
    Region$$Table$$Base                      0x000002b8   Number         0  anon$$obj.o(Region$$Table)
    Region$$Table$$Limit                     0x000002d8   Number         0  anon$$obj.o(Region$$Table)
    SystemCoreClockUpdate                    0x00000301   Thumb Code   664  system_lpc407x_8x_177x_8x.o(.text)
    SystemInit                               0x00000599   Thumb Code   206  system_lpc407x_8x_177x_8x.o(.text)
    GPIO_Init                                0x00000773   Thumb Code    12  lpc_gpio.o(.text)
    GPIO_Deinit                              0x0000077f   Thumb Code    14  lpc_gpio.o(.text)
    GPIO_SetDir                              0x0000078d   Thumb Code    40  lpc_gpio.o(.text)
    GPIO_SetValue                            0x000007b5   Thumb Code    20  lpc_gpio.o(.text)
    GPIO_ClearValue                          0x000007c9   Thumb Code    20  lpc_gpio.o(.text)
    GPIO_OutputValue                         0x000007dd   Thumb Code    30  lpc_gpio.o(.text)
    GPIO_ReadValue                           0x000007fb   Thumb Code    22  lpc_gpio.o(.text)
    GPIO_IntCmd                              0x00000811   Thumb Code    54  lpc_gpio.o(.text)
    GPIO_GetIntStatus                        0x00000847   Thumb Code    86  lpc_gpio.o(.text)
    GPIO_ClearInt                            0x0000089d   Thumb Code    24  lpc_gpio.o(.text)
    FIO_SetDir                               0x000008b5   Thumb Code    20  lpc_gpio.o(.text)
    FIO_SetValue                             0x000008c9   Thumb Code    16  lpc_gpio.o(.text)
    FIO_ClearValue                           0x000008d9   Thumb Code    16  lpc_gpio.o(.text)
    FIO_ReadValue                            0x000008e9   Thumb Code    12  lpc_gpio.o(.text)
    FIO_IntCmd                               0x000008f5   Thumb Code    20  lpc_gpio.o(.text)
    FIO_GetIntStatus                         0x00000909   Thumb Code    20  lpc_gpio.o(.text)
    FIO_ClearInt                             0x0000091d   Thumb Code    16  lpc_gpio.o(.text)
    FIO_SetMask                              0x0000092d   Thumb Code    40  lpc_gpio.o(.text)
    FIO_HalfWordSetDir                       0x00000955   Thumb Code    62  lpc_gpio.o(.text)
    FIO_HalfWordSetMask                      0x00000993   Thumb Code    62  lpc_gpio.o(.text)
    FIO_HalfWordSetValue                     0x000009d1   Thumb Code    32  lpc_gpio.o(.text)
    FIO_HalfWordClearValue                   0x000009f1   Thumb Code    32  lpc_gpio.o(.text)
    FIO_HalfWordReadValue                    0x00000a11   Thumb Code    30  lpc_gpio.o(.text)
    FIO_ByteSetDir                           0x00000a2f   Thumb Code    50  lpc_gpio.o(.text)
    FIO_ByteSetMask                          0x00000a61   Thumb Code    66  lpc_gpio.o(.text)
    FIO_ByteSetValue                         0x00000aa3   Thumb Code    78  lpc_gpio.o(.text)
    FIO_ByteClearValue                       0x00000af1   Thumb Code    34  lpc_gpio.o(.text)
    FIO_ByteReadValue                        0x00000b13   Thumb Code    32  lpc_gpio.o(.text)
    SysTick_Handler                          0x00000b35   Thumb Code    12  gpio_ledblinky.o(.text)
    Delay                                    0x00000b41   Thumb Code    18  gpio_ledblinky.o(.text)
    c_entry                                  0x00000b53   Thumb Code   134  gpio_ledblinky.o(.text)
    main                                     0x00000bd9   Thumb Code     4  gpio_ledblinky.o(.text)
    SystemCoreClock                          0x10000000   Data           4  system_lpc407x_8x_177x_8x.o(.data)
    PeripheralClock                          0x10000004   Data           4  system_lpc407x_8x_177x_8x.o(.data)
    EMCClock                                 0x10000008   Data           4  system_lpc407x_8x_177x_8x.o(.data)
    USBClock                                 0x1000000c   Data           4  system_lpc407x_8x_177x_8x.o(.data)
    SysTickCnt                               0x10000010   Data           4  gpio_ledblinky.o(.data)
    __initial_sp                             0x10000418   Data           0  startup_lpc407x_8x_177x_8x.o(STACK)



==============================================================================

Memory Map of the image

  Image Entry point : 0x000000e5

  Load Region LR_IROM1 (Base: 0x00000000, Size: 0x00000bfc, Max: 0x00080000, ABSOLUTE)

    Execution Region ER_IROM1 (Base: 0x00000000, Size: 0x00000be8, Max: 0x00080000, ABSOLUTE)

    Base Addr    Size         Type   Attr      Idx    E Section Name        Object

    0x00000000   0x000000e4   Data   RO            3    RESET               startup_lpc407x_8x_177x_8x.o
    0x000000e4   0x00000000   Code   RO          151  * .ARM.Collect$$$$00000000  mc_w.l(entry.o)
    0x000000e4   0x00000004   Code   RO          158    .ARM.Collect$$$$00000001  mc_w.l(entry2.o)
    0x000000e8   0x00000004   Code   RO          161    .ARM.Collect$$$$00000004  mc_w.l(entry5.o)
    0x000000ec   0x00000000   Code   RO          163    .ARM.Collect$$$$00000008  mc_w.l(entry7b.o)
    0x000000ec   0x00000008   Code   RO          164    .ARM.Collect$$$$00000009  mc_w.l(entry8.o)
    0x000000f4   0x00000004   Code   RO          159    .ARM.Collect$$$$00002712  mc_w.l(entry2.o)
    0x000000f8   0x00000024   Code   RO            5    .text               startup_lpc407x_8x_177x_8x.o
    0x0000011c   0x00000158   Code   RO          104    .text               lpc_clkpwr.o
    0x00000274   0x00000024   Code   RO          168    .text               mc_w.l(init.o)
    0x00000298   0x0000000e   Code   RO          172    i.__scatterload_copy  mc_w.l(handlers.o)
    0x000002a6   0x00000002   Code   RO          173    i.__scatterload_null  mc_w.l(handlers.o)
    0x000002a8   0x0000000e   Code   RO          174    i.__scatterload_zeroinit  mc_w.l(handlers.o)
    0x000002b6   0x00000002   PAD
    0x000002b8   0x00000020   Data   RO          170    Region$$Table       anon$$obj.o
    0x000002d8   0x00000024   PAD
    0x000002fc   0x00000004   Code   RO            4    .ARM.__at_0x02FC    startup_lpc407x_8x_177x_8x.o
    0x00000300   0x000003c4   Code   RO           14    .text               system_lpc407x_8x_177x_8x.o
    0x000006c4   0x0000046e   Code   RO           53    .text               lpc_gpio.o
    0x00000b32   0x00000002   PAD
    0x00000b34   0x000000b4   Code   RO          123    .text               gpio_ledblinky.o


    Execution Region RW_IRAM1 (Base: 0x10000000, Size: 0x00000418, Max: 0x00010000, ABSOLUTE)

    Base Addr    Size         Type   Attr      Idx    E Section Name        Object

    0x10000000   0x00000010   Data   RW           15    .data               system_lpc407x_8x_177x_8x.o
    0x10000010   0x00000004   Data   RW          124    .data               gpio_ledblinky.o
    0x10000014   0x00000004   PAD
    0x10000018   0x00000400   Zero   RW            1    STACK               startup_lpc407x_8x_177x_8x.o


    Execution Region RW_IRAM2 (Base: 0x20000000, Size: 0x00000000, Max: 0x00008000, ABSOLUTE)

    **** No section assigned to this execution region ****


==============================================================================

Image component sizes


      Code (inc. data)   RO Data    RW Data    ZI Data      Debug   Object Name

       180         12          0          4          0      16937   gpio_ledblinky.o
       344         48          0          0          0       1675   lpc_clkpwr.o
      1134         62          0          0          0      12526   lpc_gpio.o
        40         12        228          0       1024       1288   startup_lpc407x_8x_177x_8x.o
       964         94          0         16          0      28495   system_lpc407x_8x_177x_8x.o

    ----------------------------------------------------------------------
      2664        228        296         20       1028      60921   Object Totals
         0          0         32          0          0          0   (incl. Generated)
         2          0         36          0          4          0   (incl. Padding)

    ----------------------------------------------------------------------

      Code (inc. data)   RO Data    RW Data    ZI Data      Debug   Library Member Name

         0          0          0          0          0          0   entry.o
         8          4          0          0          0          0   entry2.o
         4          0          0          0          0          0   entry5.o
         0          0          0          0          0          0   entry7b.o
         8          4          0          0          0          0   entry8.o
        30          0          0          0          0          0   handlers.o
        36          8          0          0          0         68   init.o

    ----------------------------------------------------------------------
        88         16          0          0          0         68   Library Totals
         2          0          0          0          0          0   (incl. Padding)

    ----------------------------------------------------------------------

      Code (inc. data)   RO Data    RW Data    ZI Data      Debug   Library Name

        86         16          0          0          0         68   mc_w.l

    ----------------------------------------------------------------------
        88         16          0          0          0         68   Library Totals

    ----------------------------------------------------------------------

==============================================================================


      Code (inc. data)   RO Data    RW Data    ZI Data      Debug   

      2752        244        296         20       1028      60677   Grand Totals
      2752        244        296         20       1028      60677   ELF Image Totals
      2752        244        296         20          0          0   ROM Totals

==============================================================================

    Total RO  Size (Code + RO Data)                 3048 (   2.98kB)
    Total RW  Size (RW Data + ZI Data)              1048 (   1.02kB)
    Total ROM Size (Code + RO Data + RW Data)       3068 (   3.00kB)

==============================================================================

